+----+------+------+------+------+------+------+-----+------+------+--------+--------+--------+------+------+------+------+----------------------------------+
| ST | Mux0 | Mux1 | Mux2 | Mux3 | Mux4 | Mux5 | Inc | JmpA | JmpB |   OutA |   OutB |    Out | CfgA | CfgB | CfgC | CfgD |                             STEW |
+----+------+------+------+------+------+------+-----+------+------+--------+--------+--------+------+------+------+------+----------------------------------+
|  0 |   08 |   1f |   1f |   1f |   1f |   1f |   0 |   01 |   00 | 000690 | 000000 | 000000 |   aa |   00 |    0 |    0 | 0000482000000000200154107fffffd0 |
|  1 |   0a |   1f |   1f |   1f |   1f |   1f |   0 |   02 |   00 | 0000c0 | 000000 | 000040 |   aa |   00 |    f |    0 | 00000034000000001e0154207fffffd4 |
|  2 |   0a |   1f |   1a |   0a |   1f |   1f |   0 |   03 |   03 | 0080e1 | 0900d1 | 000041 |   0a |   aa |    f |    0 | 0020007c4400401c5f541431ffead7d4 |
|  3 |   0a |   07 |   1f |   1f |   1f |   1f |   0 |   04 |   00 | 0000c1 | 000000 | 000041 |   aa |   00 |    5 |    0 | 00000034000000140a0154407ffff9d4 |
|  4 |   0a |   07 |   1f |   1f |   1f |   1f |   0 |   05 |   00 | 0000c0 | 000000 | 000040 |   aa |   00 |    5 |    0 | 00000034000000000a0154507ffff9d4 |
|  5 |   0a |   07 |   1f |   1f |   1f |   1f |   0 |   06 |   00 | 0001c1 | 000000 | 000041 |   aa |   00 |    5 |    0 | 00000134000000140a0154607ffff9d4 |
|  6 |   0e |   07 |   1f |   1f |   1f |   1f |   0 |   07 |   03 | 000001 | 000001 | 000000 |   aa |   ff |    5 |    0 | 000000000000000c0bff5471fffff9dc |
|  7 |   0a |   1f |   1f |   1f |   1f |   1f |   0 |   08 |   00 | 0000c1 | 000000 | 000041 |   aa |   00 |    0 |    0 | 0000003400000014000154807fffffd4 |
|  8 |   00 |   1f |   0a |   0a |   1f |   1f |   0 |   09 |   0c | 0000c0 | 0000c0 | 000040 |   50 |   aa |    0 |    0 | 0000007c000000000154a0967fea57c0 |
|  9 |   0a |   1f |   10 |   0a |   1f |   1f |   0 |   0f |   0a | 0000c1 | 000041 | 000041 |   a0 |   aa |    0 |    0 | 0000003c0000001c015540f57fea87d4 |
|  a |   1a |   1f |   1f |   1f |   1f |   1f |   1 |   03 |   00 | 0080a1 | 000000 | 000001 |   55 |   00 |    0 |    0 | 00000020040040140000aa307ffffff5 |
|  b |   0b |   1f |   1f |   1f |   1f |   1f |   0 |   15 |   0d | 000081 | 000081 | 000000 |   aa |   ff |    0 |    0 | 000000600000000c01ff5556ffffffd6 |
|  c |   0a |   1f |   1f |   1f |   1f |   1f |   0 |   15 |   00 | 0000c1 | 000000 | 000041 |   aa |   00 |    0 |    0 | 0000003400000014000155507fffffd4 |
|  d |   0a |   1f |   1f |   1f |   1f |   1f |   0 |   0e |   00 | 0000c1 | 000000 | 000041 |   aa |   00 |    0 |    0 | 0000003400000014000154e07fffffd4 |
|  e |   0a |   1f |   1f |   1f |   1f |   1f |   0 |   01 |   00 | 0000c0 | 000000 | 000040 |   aa |   00 |    0 |    0 | 0000003400000000000154107fffffd4 |
|  f |   0a |   1f |   1f |   1f |   1f |   1f |   0 |   10 |   00 | 0000c1 | 000000 | 000041 |   aa |   00 |    0 |    0 | 0000003400000014000155007fffffd4 |
| 10 |   0a |   1f |   1f |   1f |   1f |   1f |   0 |   11 |   00 | 0001c0 | 000000 | 000040 |   aa |   00 |    0 |    0 | 0000013400000000000155107fffffd4 |
| 11 |   0e |   1f |   1f |   1f |   1f |   1f |   0 |   12 |   0f | 000221 | 000001 | 000000 |   aa |   ff |    0 |    0 | 000008000000400c01ff5527ffffffdc |
| 12 |   0a |   0b |   1f |   1f |   1f |   1f |   0 |   13 |   00 | 0000c1 | 000000 | 000041 |   aa |   00 |    5 |    0 | 00000034000000140a0155307ffffad4 |
| 13 |   0a |   0b |   1f |   1f |   1f |   1f |   0 |   14 |   00 | 0000c0 | 000000 | 000040 |   aa |   00 |    5 |    0 | 00000034000000000a0155407ffffad4 |
| 14 |   0a |   0b |   1f |   0a |   1f |   1f |   0 |   15 |   0f | 0000c1 | 0000c1 | 000041 |   88 |   aa |    5 |    0 | 0000007c0000001c0b551157ffeafad4 |
| 15 |   0a |   1f |   1f |   1f |   1f |   1f |   0 |   16 |   00 | 0000c1 | 000000 | 000041 |   aa |   00 |    f |    0 | 00000034000000141e0155607fffffd4 |
| 16 |   0a |   1f |   1f |   1f |   1f |   1f |   0 |   17 |   00 | 0000c0 | 000000 | 000040 |   aa |   00 |    f |    0 | 00000034000000001e0155707fffffd4 |
| 17 |   0a |   1f |   1f |   1f |   1f |   1f |   0 |   18 |   00 | 004040 | 000000 | 000040 |   aa |   00 |    0 |    0 | 0000001400800000000155807fffffd4 |
| 18 |   08 |   1f |   1f |   1f |   1f |   1f |   0 |   00 |   00 | 000000 | 000000 | 000000 |   55 |   00 |    0 |    0 | 00000000000000000000aa007fffffd0 |
| 19 |   1f |   1f |   1f |   1f |   1f |   1f |   0 |   00 |   00 | 000000 | 000000 | 000000 |   ff |   00 |    0 |    0 | 00000000000000000001fe007ffffffe |
| 1a |   1f |   1f |   1f |   1f |   1f |   1f |   0 |   00 |   00 | 000000 | 000000 | 000000 |   ff |   00 |    0 |    0 | 00000000000000000001fe007ffffffe |
| 1b |   1f |   1f |   1f |   1f |   1f |   1f |   0 |   00 |   00 | 000000 | 000000 | 000000 |   ff |   00 |    0 |    0 | 00000000000000000001fe007ffffffe |
| 1c |   1f |   1f |   1f |   1f |   1f |   1f |   0 |   00 |   00 | 000000 | 000000 | 000000 |   ff |   00 |    0 |    0 | 00000000000000000001fe007ffffffe |
| 1d |   1f |   1f |   1f |   1f |   1f |   1f |   0 |   00 |   00 | 000000 | 000000 | 000000 |   ff |   00 |    0 |    0 | 00000000000000000001fe007ffffffe |
| 1e |   1f |   1f |   1f |   1f |   1f |   1f |   0 |   00 |   00 | 000000 | 000000 | 000000 |   ff |   00 |    0 |    0 | 00000000000000000001fe007ffffffe |
| 1f |   1f |   1f |   1f |   1f |   1f |   1f |   0 |   00 |   00 | 000000 | 000000 | 000000 |   ff |   00 |    0 |    0 | 00000000000000000001fe007ffffffe |
+----+------+------+------+------+------+------+-----+------+------+--------+--------+--------+------+------+------+------+----------------------------------+
