+----+------+------+------+------+------+------+-----+------+------+--------+--------+--------+------+------+------+------+----------------------------------+
| ST | Mux0 | Mux1 | Mux2 | Mux3 | Mux4 | Mux5 | Inc | JmpA | JmpB |   OutA |   OutB |    Out | CfgA | CfgB | CfgC | CfgD |                             STEW |
+----+------+------+------+------+------+------+-----+------+------+--------+--------+--------+------+------+------+------+----------------------------------+
|  0 |   10 |   1f |   1f |   0a |   1f |   1f |   0 |   01 |   00 | 0001c0 | 010040 | 000040 |   aa |   aa |    0 |    0 | 0020013c00000000015554107feaffe0 |
|  1 |   11 |   1f |   12 |   1f |   1f |   1f |   0 |   02 |   00 | 001640 | 000040 | 000000 |   a0 |   ff |    0 |    0 | 0000480c0002000001ff40207fff97e2 |
|  2 |   10 |   1f |   1f |   0a |   1f |   1f |   0 |   03 |   00 | 0023c0 | 014040 | 000040 |   aa |   aa |    0 |    0 | 0020093c01100000015554307feaffe0 |
|  3 |   0b |   1f |   1f |   1f |   1f |   1f |   0 |   02 |   02 | 000660 | 000040 | 000000 |   aa |   ff |    0 |    0 | 0000480c0000400001ff54217fffffd6 |
|  4 |   1f |   1f |   1f |   1f |   1f |   1f |   0 |   00 |   00 | 000000 | 000000 | 000040 |   00 |   00 |    0 |    0 | 0000001000000000000000007ffffffe |
|  5 |   1f |   1f |   1f |   1f |   1f |   1f |   0 |   00 |   00 | 000000 | 000000 | 000040 |   00 |   00 |    0 |    0 | 0000001000000000000000007ffffffe |
|  6 |   1f |   1f |   1f |   1f |   1f |   1f |   0 |   00 |   00 | 000000 | 000000 | 000040 |   00 |   00 |    0 |    0 | 0000001000000000000000007ffffffe |
|  7 |   1f |   1f |   1f |   1f |   1f |   1f |   0 |   00 |   00 | 000000 | 000000 | 000040 |   00 |   00 |    0 |    0 | 0000001000000000000000007ffffffe |
|  8 |   1f |   1f |   1f |   1f |   1f |   1f |   0 |   00 |   00 | 000000 | 000000 | 000040 |   00 |   00 |    0 |    0 | 0000001000000000000000007ffffffe |
|  9 |   1f |   1f |   1f |   1f |   1f |   1f |   0 |   00 |   00 | 000000 | 000000 | 000040 |   00 |   00 |    0 |    0 | 0000001000000000000000007ffffffe |
|  a |   1f |   1f |   1f |   1f |   1f |   1f |   0 |   00 |   00 | 000000 | 000000 | 000040 |   00 |   00 |    0 |    0 | 0000001000000000000000007ffffffe |
|  b |   1f |   1f |   1f |   1f |   1f |   1f |   0 |   00 |   00 | 000000 | 000000 | 000040 |   00 |   00 |    0 |    0 | 0000001000000000000000007ffffffe |
|  c |   1f |   1f |   1f |   1f |   1f |   1f |   0 |   00 |   00 | 000000 | 000000 | 000040 |   00 |   00 |    0 |    0 | 0000001000000000000000007ffffffe |
|  d |   1f |   1f |   1f |   1f |   1f |   1f |   0 |   00 |   00 | 000000 | 000000 | 000040 |   00 |   00 |    0 |    0 | 0000001000000000000000007ffffffe |
|  e |   1f |   1f |   1f |   1f |   1f |   1f |   0 |   00 |   00 | 000000 | 000000 | 000040 |   00 |   00 |    0 |    0 | 0000001000000000000000007ffffffe |
|  f |   1f |   1f |   1f |   1f |   1f |   1f |   0 |   00 |   00 | 000000 | 000000 | 000040 |   00 |   00 |    0 |    0 | 0000001000000000000000007ffffffe |
| 10 |   1f |   1f |   1f |   1f |   1f |   1f |   0 |   00 |   00 | 000000 | 000000 | 000040 |   00 |   00 |    0 |    0 | 0000001000000000000000007ffffffe |
| 11 |   1f |   1f |   1f |   1f |   1f |   1f |   0 |   00 |   00 | 000000 | 000000 | 000040 |   00 |   00 |    0 |    0 | 0000001000000000000000007ffffffe |
| 12 |   1f |   1f |   1f |   1f |   1f |   1f |   0 |   00 |   00 | 000000 | 000000 | 000040 |   00 |   00 |    0 |    0 | 0000001000000000000000007ffffffe |
| 13 |   1f |   1f |   1f |   1f |   1f |   1f |   0 |   00 |   00 | 000000 | 000000 | 000040 |   00 |   00 |    0 |    0 | 0000001000000000000000007ffffffe |
| 14 |   1f |   1f |   1f |   1f |   1f |   1f |   0 |   00 |   00 | 000000 | 000000 | 000040 |   00 |   00 |    0 |    0 | 0000001000000000000000007ffffffe |
| 15 |   1f |   1f |   1f |   1f |   1f |   1f |   0 |   00 |   00 | 000000 | 000000 | 000040 |   00 |   00 |    0 |    0 | 0000001000000000000000007ffffffe |
| 16 |   1f |   1f |   1f |   1f |   1f |   1f |   0 |   00 |   00 | 000000 | 000000 | 000040 |   00 |   00 |    0 |    0 | 0000001000000000000000007ffffffe |
| 17 |   1f |   1f |   1f |   1f |   1f |   1f |   0 |   00 |   00 | 000000 | 000000 | 000040 |   00 |   00 |    0 |    0 | 0000001000000000000000007ffffffe |
| 18 |   1f |   1f |   1f |   1f |   1f |   1f |   0 |   00 |   00 | 000000 | 000000 | 000040 |   00 |   00 |    0 |    0 | 0000001000000000000000007ffffffe |
| 19 |   1f |   1f |   1f |   1f |   1f |   1f |   0 |   00 |   00 | 000000 | 000000 | 000040 |   00 |   00 |    0 |    0 | 0000001000000000000000007ffffffe |
| 1a |   1f |   1f |   1f |   1f |   1f |   1f |   0 |   00 |   00 | 000000 | 000000 | 000040 |   00 |   00 |    0 |    0 | 0000001000000000000000007ffffffe |
| 1b |   1f |   1f |   1f |   1f |   1f |   1f |   0 |   00 |   00 | 000000 | 000000 | 000040 |   00 |   00 |    0 |    0 | 0000001000000000000000007ffffffe |
| 1c |   1f |   1f |   1f |   1f |   1f |   1f |   0 |   00 |   00 | 000000 | 000000 | 000040 |   00 |   00 |    0 |    0 | 0000001000000000000000007ffffffe |
| 1d |   1f |   1f |   1f |   1f |   1f |   1f |   0 |   00 |   00 | 000000 | 000000 | 000040 |   00 |   00 |    0 |    0 | 0000001000000000000000007ffffffe |
| 1e |   1f |   1f |   1f |   1f |   1f |   1f |   0 |   00 |   00 | 000000 | 000000 | 000040 |   00 |   00 |    0 |    0 | 0000001000000000000000007ffffffe |
| 1f |   1f |   1f |   1f |   1f |   1f |   1f |   0 |   00 |   00 | 000000 | 000000 | 000040 |   00 |   00 |    0 |    0 | 0000001000000000000000007ffffffe |
+----+------+------+------+------+------+------+-----+------+------+--------+--------+--------+------+------+------+------+----------------------------------+
