+----+------+------+------+------+------+------+-----+------+------+--------+--------+--------+------+------+------+------+----------------------------------+
| ST | Mux0 | Mux1 | Mux2 | Mux3 | Mux4 | Mux5 | Inc | JmpA | JmpB |   OutA |   OutB |    Out | CfgA | CfgB | CfgC | CfgD |                             STEW |
+----+------+------+------+------+------+------+-----+------+------+--------+--------+--------+------+------+------+------+----------------------------------+
|  0 |   0a |   1f |   1f |   1f |   1f |   1f |   0 |   01 |   00 | 059040 | 000000 | 008040 |   aa |   00 |    0 |    0 | 0410001414020000000154107fffffd4 |
|  1 |   0a |   07 |   1f |   07 |   16 |   16 |   0 |   02 |   00 | 009140 | 000000 | 008040 |   aa |   00 |    6 |    9 | 00000116140200010c0154205ac7f9d4 |
|  2 |   0a |   07 |   1f |   07 |   0a |   1f |   0 |   03 |   04 | 008140 | 000060 | 008040 |   88 |   44 |    a |    a | 0000011e14008002148910327d47f9d4 |
|  3 |   0a |   07 |   12 |   07 |   0a |   12 |   0 |   09 |   06 | 00a140 | 00a140 | 008040 |   a0 |   0c |    a |    5 | 0000031d1c30000114194093494791d4 |
|  4 |   0a |   07 |   1f |   07 |   1f |   1f |   0 |   05 |   00 | 00a140 | 000000 | 008040 |   aa |   00 |    a |    5 | 0000011514100001140154507fe7f9d4 |
|  5 |   0e |   07 |   1f |   07 |   0a |   1f |   0 |   06 |   04 | 008040 | 00a140 | 008040 |   aa |   cc |    a |    a | 0000021e1c200002159954627d47f9dc |
|  6 |   09 |   07 |   11 |   07 |   0b |   1f |   1 |   09 |   0a | 008040 | 008040 | 008040 |   5a |   33 |    a |    a | 0000001e1c0000021466b4957d6789d3 |
|  7 |   14 |   07 |   1f |   07 |   14 |   1f |   0 |   0b |   08 | 008040 | 008040 | 008040 |   55 |   cc |    a |    a | 0000001e1c0000021598aab47e87f9e8 |
|  8 |   08 |   07 |   10 |   07 |   08 |   10 |   0 |   0c |   0a | 008040 | 008040 | 008040 |   5a |   c3 |    a |    a | 0000001e1c0000021586b4c5410781d0 |
|  9 |   0a |   07 |   1f |   07 |   1f |   1f |   0 |   01 |   00 | 15a040 | 000000 | 008040 |   aa |   00 |    a |    a | 2410001614100002140154107fe7f9d4 |
|  a |   0a |   07 |   1f |   07 |   1f |   1f |   0 |   01 |   00 | 05a040 | 000000 | 008040 |   aa |   00 |    a |    a | 0410001614100002140154107fe7f9d4 |
|  b |   0a |   07 |   1d |   07 |   0a |   1d |   0 |   01 |   01 | 01a448 | 01a840 | 008040 |   a0 |   0c |    a |    a | 0034401e1c30080214194010f547e9d4 |
|  c |   0a |   07 |   1d |   07 |   0a |   1d |   0 |   01 |   01 | 11e448 | 11e840 | 008040 |   a0 |   0c |    a |    a | 6034401e1db0080214194010f547e9d4 |
|  d |   1f |   1f |   1f |   1f |   1f |   1f |   0 |   00 |   00 | 008040 | 000000 | 000000 |   ff |   00 |    0 |    0 | 00000004040000000001fe007ffffffe |
|  e |   1f |   1f |   1f |   1f |   1f |   1f |   0 |   00 |   00 | 008040 | 000000 | 000000 |   ff |   00 |    0 |    0 | 00000004040000000001fe007ffffffe |
|  f |   1f |   1f |   1f |   1f |   1f |   1f |   0 |   00 |   00 | 008040 | 000000 | 000000 |   ff |   00 |    0 |    0 | 00000004040000000001fe007ffffffe |
| 10 |   1f |   1f |   1f |   1f |   1f |   1f |   0 |   00 |   00 | 008040 | 000000 | 000000 |   ff |   00 |    0 |    0 | 00000004040000000001fe007ffffffe |
| 11 |   1f |   1f |   1f |   1f |   1f |   1f |   0 |   00 |   00 | 008040 | 000000 | 000000 |   ff |   00 |    0 |    0 | 00000004040000000001fe007ffffffe |
| 12 |   1f |   1f |   1f |   1f |   1f |   1f |   0 |   00 |   00 | 008040 | 000000 | 000000 |   ff |   00 |    0 |    0 | 00000004040000000001fe007ffffffe |
| 13 |   1f |   1f |   1f |   1f |   1f |   1f |   0 |   00 |   00 | 008040 | 000000 | 000000 |   ff |   00 |    0 |    0 | 00000004040000000001fe007ffffffe |
| 14 |   1f |   1f |   1f |   1f |   1f |   1f |   0 |   00 |   00 | 008040 | 000000 | 000000 |   ff |   00 |    0 |    0 | 00000004040000000001fe007ffffffe |
| 15 |   1f |   1f |   1f |   1f |   1f |   1f |   0 |   00 |   00 | 008040 | 000000 | 000000 |   ff |   00 |    0 |    0 | 00000004040000000001fe007ffffffe |
| 16 |   1f |   1f |   1f |   1f |   1f |   1f |   0 |   00 |   00 | 008040 | 000000 | 000000 |   ff |   00 |    0 |    0 | 00000004040000000001fe007ffffffe |
| 17 |   1f |   1f |   1f |   1f |   1f |   1f |   0 |   00 |   00 | 008040 | 000000 | 000000 |   ff |   00 |    0 |    0 | 00000004040000000001fe007ffffffe |
| 18 |   1f |   1f |   1f |   1f |   1f |   1f |   0 |   00 |   00 | 008040 | 000000 | 000000 |   ff |   00 |    0 |    0 | 00000004040000000001fe007ffffffe |
| 19 |   1f |   1f |   1f |   1f |   1f |   1f |   0 |   00 |   00 | 008040 | 000000 | 000000 |   ff |   00 |    0 |    0 | 00000004040000000001fe007ffffffe |
| 1a |   1f |   1f |   1f |   1f |   1f |   1f |   0 |   00 |   00 | 008040 | 000000 | 000000 |   ff |   00 |    0 |    0 | 00000004040000000001fe007ffffffe |
| 1b |   1f |   1f |   1f |   1f |   1f |   1f |   0 |   00 |   00 | 008040 | 000000 | 000000 |   ff |   00 |    0 |    0 | 00000004040000000001fe007ffffffe |
| 1c |   1f |   1f |   1f |   1f |   1f |   1f |   0 |   00 |   00 | 008040 | 000000 | 000000 |   ff |   00 |    0 |    0 | 00000004040000000001fe007ffffffe |
| 1d |   1f |   1f |   1f |   1f |   1f |   1f |   0 |   00 |   00 | 008040 | 000000 | 000000 |   ff |   00 |    0 |    0 | 00000004040000000001fe007ffffffe |
| 1e |   1f |   1f |   1f |   1f |   1f |   1f |   0 |   00 |   00 | 008040 | 000000 | 000000 |   ff |   00 |    0 |    0 | 00000004040000000001fe007ffffffe |
| 1f |   1f |   1f |   1f |   1f |   1f |   1f |   0 |   00 |   00 | 008040 | 000000 | 000000 |   ff |   00 |    0 |    0 | 00000004040000000001fe007ffffffe |
+----+------+------+------+------+------+------+-----+------+------+--------+--------+--------+------+------+------+------+----------------------------------+
