+----+------+------+------+------+------+------+-----+------+------+--------+--------+--------+------+------+------+------+----------------------------------+
| ST | Mux0 | Mux1 | Mux2 | Mux3 | Mux4 | Mux5 | Inc | JmpA | JmpB |   OutA |   OutB |    Out | CfgA | CfgB | CfgC | CfgD |                             STEW |
+----+------+------+------+------+------+------+-----+------+------+--------+--------+--------+------+------+------+------+----------------------------------+
|  0 |   11 |   1f |   1f |   1f |   1f |   1f |   0 |   01 |   00 | 000040 | 000000 | 000040 |   aa |   00 |    0 |    0 | 0000001400000000000154107fffffe2 |
|  1 |   00 |   1f |   0a |   00 |   0a |   1f |   0 |   02 |   00 | 010050 | 000050 | 000040 |   50 |   88 |    0 |    0 | 0010001c000000006110a0207d4057c0 |
|  2 |   0a |   1f |   1f |   1f |   1f |   1f |   0 |   03 |   00 | 002140 | 000000 | 000040 |   aa |   00 |    0 |    0 | 0000011400100000000154307fffffd4 |
|  3 |   0e |   1f |   1f |   0e |   1f |   1f |   0 |   04 |   02 | 000040 | 000040 | 000040 |   aa |   55 |    0 |    0 | 0000001c0000000000ab54417feeffdc |
|  4 |   00 |   1f |   0a |   00 |   0a |   1f |   0 |   00 |   00 | 004060 | 000040 | 000040 |   a0 |   44 |    0 |    0 | 0000001c00804000008940007d4057c0 |
|  5 |   1f |   1f |   1f |   1f |   1f |   1f |   0 |   00 |   00 | 000040 | 000000 | 000000 |   ff |   00 |    0 |    0 | 00000004000000000001fe007ffffffe |
|  6 |   1f |   1f |   1f |   1f |   1f |   1f |   0 |   00 |   00 | 000040 | 000000 | 000000 |   ff |   00 |    0 |    0 | 00000004000000000001fe007ffffffe |
|  7 |   1f |   1f |   1f |   1f |   1f |   1f |   0 |   00 |   00 | 000040 | 000000 | 000000 |   ff |   00 |    0 |    0 | 00000004000000000001fe007ffffffe |
|  8 |   1f |   1f |   1f |   1f |   1f |   1f |   0 |   00 |   00 | 000040 | 000000 | 000000 |   ff |   00 |    0 |    0 | 00000004000000000001fe007ffffffe |
|  9 |   1f |   1f |   1f |   1f |   1f |   1f |   0 |   00 |   00 | 000040 | 000000 | 000000 |   ff |   00 |    0 |    0 | 00000004000000000001fe007ffffffe |
|  a |   1f |   1f |   1f |   1f |   1f |   1f |   0 |   00 |   00 | 000040 | 000000 | 000000 |   ff |   00 |    0 |    0 | 00000004000000000001fe007ffffffe |
|  b |   1f |   1f |   1f |   1f |   1f |   1f |   0 |   00 |   00 | 000040 | 000000 | 000000 |   ff |   00 |    0 |    0 | 00000004000000000001fe007ffffffe |
|  c |   1f |   1f |   1f |   1f |   1f |   1f |   0 |   00 |   00 | 000040 | 000000 | 000000 |   ff |   00 |    0 |    0 | 00000004000000000001fe007ffffffe |
|  d |   1f |   1f |   1f |   1f |   1f |   1f |   0 |   00 |   00 | 000040 | 000000 | 000000 |   ff |   00 |    0 |    0 | 00000004000000000001fe007ffffffe |
|  e |   1f |   1f |   1f |   1f |   1f |   1f |   0 |   00 |   00 | 000040 | 000000 | 000000 |   ff |   00 |    0 |    0 | 00000004000000000001fe007ffffffe |
|  f |   1f |   1f |   1f |   1f |   1f |   1f |   0 |   00 |   00 | 000040 | 000000 | 000000 |   ff |   00 |    0 |    0 | 00000004000000000001fe007ffffffe |
| 10 |   1f |   1f |   1f |   1f |   1f |   1f |   0 |   00 |   00 | 000040 | 000000 | 000000 |   ff |   00 |    0 |    0 | 00000004000000000001fe007ffffffe |
| 11 |   1f |   1f |   1f |   1f |   1f |   1f |   0 |   00 |   00 | 000040 | 000000 | 000000 |   ff |   00 |    0 |    0 | 00000004000000000001fe007ffffffe |
| 12 |   1f |   1f |   1f |   1f |   1f |   1f |   0 |   00 |   00 | 000040 | 000000 | 000000 |   ff |   00 |    0 |    0 | 00000004000000000001fe007ffffffe |
| 13 |   1f |   1f |   1f |   1f |   1f |   1f |   0 |   00 |   00 | 000040 | 000000 | 000000 |   ff |   00 |    0 |    0 | 00000004000000000001fe007ffffffe |
| 14 |   1f |   1f |   1f |   1f |   1f |   1f |   0 |   00 |   00 | 000040 | 000000 | 000000 |   ff |   00 |    0 |    0 | 00000004000000000001fe007ffffffe |
| 15 |   1f |   1f |   1f |   1f |   1f |   1f |   0 |   00 |   00 | 000040 | 000000 | 000000 |   ff |   00 |    0 |    0 | 00000004000000000001fe007ffffffe |
| 16 |   1f |   1f |   1f |   1f |   1f |   1f |   0 |   00 |   00 | 000040 | 000000 | 000000 |   ff |   00 |    0 |    0 | 00000004000000000001fe007ffffffe |
| 17 |   1f |   1f |   1f |   1f |   1f |   1f |   0 |   00 |   00 | 000040 | 000000 | 000000 |   ff |   00 |    0 |    0 | 00000004000000000001fe007ffffffe |
| 18 |   1f |   1f |   1f |   1f |   1f |   1f |   0 |   00 |   00 | 000040 | 000000 | 000000 |   ff |   00 |    0 |    0 | 00000004000000000001fe007ffffffe |
| 19 |   1f |   1f |   1f |   1f |   1f |   1f |   0 |   00 |   00 | 000040 | 000000 | 000000 |   ff |   00 |    0 |    0 | 00000004000000000001fe007ffffffe |
| 1a |   1f |   1f |   1f |   1f |   1f |   1f |   0 |   00 |   00 | 000040 | 000000 | 000000 |   ff |   00 |    0 |    0 | 00000004000000000001fe007ffffffe |
| 1b |   1f |   1f |   1f |   1f |   1f |   1f |   0 |   00 |   00 | 000040 | 000000 | 000000 |   ff |   00 |    0 |    0 | 00000004000000000001fe007ffffffe |
| 1c |   1f |   1f |   1f |   1f |   1f |   1f |   0 |   00 |   00 | 000040 | 000000 | 000000 |   ff |   00 |    0 |    0 | 00000004000000000001fe007ffffffe |
| 1d |   1f |   1f |   1f |   1f |   1f |   1f |   0 |   00 |   00 | 000040 | 000000 | 000000 |   ff |   00 |    0 |    0 | 00000004000000000001fe007ffffffe |
| 1e |   1f |   1f |   1f |   1f |   1f |   1f |   0 |   00 |   00 | 000040 | 000000 | 000000 |   ff |   00 |    0 |    0 | 00000004000000000001fe007ffffffe |
| 1f |   1f |   1f |   1f |   1f |   1f |   1f |   0 |   00 |   00 | 000040 | 000000 | 000000 |   ff |   00 |    0 |    0 | 00000004000000000001fe007ffffffe |
+----+------+------+------+------+------+------+-----+------+------+--------+--------+--------+------+------+------+------+----------------------------------+
