+----+------+------+------+------+------+------+-----+------+------+--------+--------+--------+------+------+------+------+----------------------------------+
| ST | Mux0 | Mux1 | Mux2 | Mux3 | Mux4 | Mux5 | Inc | JmpA | JmpB |   OutA |   OutB |    Out | CfgA | CfgB | CfgC | CfgD |                             STEW |
+----+------+------+------+------+------+------+-----+------+------+--------+--------+--------+------+------+------+------+----------------------------------+
|  0 |   0a |   1f |   1f |   0a |   1f |   1f |   0 |   01 |   01 | 0100d0 | 0100d0 | 000040 |   aa |   55 |    0 |    0 | 0030007c0000000060ab5410ffeaffd4 |
|  1 |   0a |   07 |   0d |   0a |   0d |   1f |   0 |   02 |   02 | 002040 | 000040 | 000040 |   0a |   88 |    a |    0 | 0000001c00100000151014217daa69d4 |
|  2 |   0a |   07 |   1f |   07 |   0a |   1f |   0 |   03 |   06 | 000041 | 000641 | 000041 |   88 |   44 |    a |    0 | 0000901c0000001c148910337d47f9d4 |
|  3 |   0b |   0d |   0c |   0b |   0c |   0d |   0 |   04 |   06 | 000640 | 000240 | 000040 |   a8 |   57 |    f |    0 | 0000581c000000001eaf5043358b6356 |
|  4 |   0a |   1f |   1f |   1f |   1f |   1f |   0 |   05 |   00 | 000040 | 000000 | 000040 |   aa |   00 |    0 |    0 | 0000001400000000000154507fffffd4 |
|  5 |   0a |   1f |   1f |   1f |   1f |   1f |   0 |   06 |   00 | 000041 | 000000 | 000041 |   aa |   00 |    0 |    0 | 0000001400000014000154607fffffd4 |
|  6 |   0e |   07 |   1f |   0e |   1f |   1f |   0 |   01 |   07 | 000140 | 000040 | 000040 |   55 |   aa |    a |    0 | 0000011c000000001554aa13ffeef9dc |
|  7 |   0c |   07 |   0d |   0d |   1f |   1f |   1 |   09 |   0a | 000040 | 000040 | 000040 |   0a |   aa |    a |    0 | 0000001c00000000155414957fed69d9 |
|  8 |   08 |   14 |   11 |   08 |   11 |   14 |   0 |   01 |   01 | 001670 | 010040 | 000040 |   12 |   f9 |    f |    0 | 0020481c000240003ff22410d2288d10 |
|  9 |   14 |   1f |   1f |   14 |   1f |   1f |   0 |   01 |   01 | 000060 | 020050 | 000040 |   55 |   aa |    0 |    f | 0100001f000040034154aa10fff4ffe8 |
|  a |   1f |   0c |   1f |   0c |   1f |   1f |   0 |   01 |   01 | 020050 | 014050 | 000040 |   33 |   aa |    5 |    5 | 00a0001d010000016b546610ffecfb3e |
|  b |   1f |   1f |   1f |   1f |   1f |   1f |   0 |   00 |   00 | 000040 | 000000 | 000000 |   ff |   00 |    0 |    0 | 00000004000000000001fe007ffffffe |
|  c |   1f |   1f |   1f |   1f |   1f |   1f |   0 |   00 |   00 | 000040 | 000000 | 000000 |   ff |   00 |    0 |    0 | 00000004000000000001fe007ffffffe |
|  d |   1f |   1f |   1f |   1f |   1f |   1f |   0 |   00 |   00 | 000040 | 000000 | 000000 |   ff |   00 |    0 |    0 | 00000004000000000001fe007ffffffe |
|  e |   1f |   1f |   1f |   1f |   1f |   1f |   0 |   00 |   00 | 000040 | 000000 | 000000 |   ff |   00 |    0 |    0 | 00000004000000000001fe007ffffffe |
|  f |   1f |   1f |   1f |   1f |   1f |   1f |   0 |   00 |   00 | 000040 | 000000 | 000000 |   ff |   00 |    0 |    0 | 00000004000000000001fe007ffffffe |
| 10 |   1f |   1f |   1f |   1f |   1f |   1f |   0 |   00 |   00 | 000040 | 000000 | 000000 |   ff |   00 |    0 |    0 | 00000004000000000001fe007ffffffe |
| 11 |   1f |   1f |   1f |   1f |   1f |   1f |   0 |   00 |   00 | 000040 | 000000 | 000000 |   ff |   00 |    0 |    0 | 00000004000000000001fe007ffffffe |
| 12 |   1f |   1f |   1f |   1f |   1f |   1f |   0 |   00 |   00 | 000040 | 000000 | 000000 |   ff |   00 |    0 |    0 | 00000004000000000001fe007ffffffe |
| 13 |   1f |   1f |   1f |   1f |   1f |   1f |   0 |   00 |   00 | 000040 | 000000 | 000000 |   ff |   00 |    0 |    0 | 00000004000000000001fe007ffffffe |
| 14 |   1f |   1f |   1f |   1f |   1f |   1f |   0 |   00 |   00 | 000040 | 000000 | 000000 |   ff |   00 |    0 |    0 | 00000004000000000001fe007ffffffe |
| 15 |   1f |   1f |   1f |   1f |   1f |   1f |   0 |   00 |   00 | 000040 | 000000 | 000000 |   ff |   00 |    0 |    0 | 00000004000000000001fe007ffffffe |
| 16 |   1f |   1f |   1f |   1f |   1f |   1f |   0 |   00 |   00 | 000040 | 000000 | 000000 |   ff |   00 |    0 |    0 | 00000004000000000001fe007ffffffe |
| 17 |   1f |   1f |   1f |   1f |   1f |   1f |   0 |   00 |   00 | 000040 | 000000 | 000000 |   ff |   00 |    0 |    0 | 00000004000000000001fe007ffffffe |
| 18 |   1f |   1f |   1f |   1f |   1f |   1f |   0 |   00 |   00 | 000040 | 000000 | 000000 |   ff |   00 |    0 |    0 | 00000004000000000001fe007ffffffe |
| 19 |   1f |   1f |   1f |   1f |   1f |   1f |   0 |   00 |   00 | 000040 | 000000 | 000000 |   ff |   00 |    0 |    0 | 00000004000000000001fe007ffffffe |
| 1a |   1f |   1f |   1f |   1f |   1f |   1f |   0 |   00 |   00 | 000040 | 000000 | 000000 |   ff |   00 |    0 |    0 | 00000004000000000001fe007ffffffe |
| 1b |   1f |   1f |   1f |   1f |   1f |   1f |   0 |   00 |   00 | 000040 | 000000 | 000000 |   ff |   00 |    0 |    0 | 00000004000000000001fe007ffffffe |
| 1c |   1f |   1f |   1f |   1f |   1f |   1f |   0 |   00 |   00 | 000040 | 000000 | 000000 |   ff |   00 |    0 |    0 | 00000004000000000001fe007ffffffe |
| 1d |   1f |   1f |   1f |   1f |   1f |   1f |   0 |   00 |   00 | 000040 | 000000 | 000000 |   ff |   00 |    0 |    0 | 00000004000000000001fe007ffffffe |
| 1e |   1f |   1f |   1f |   1f |   1f |   1f |   0 |   00 |   00 | 000040 | 000000 | 000000 |   ff |   00 |    0 |    0 | 00000004000000000001fe007ffffffe |
| 1f |   1f |   1f |   1f |   1f |   1f |   1f |   0 |   00 |   00 | 000040 | 000000 | 000000 |   ff |   00 |    0 |    0 | 00000004000000000001fe007ffffffe |
+----+------+------+------+------+------+------+-----+------+------+--------+--------+--------+------+------+------+------+----------------------------------+
