+----+------+------+------+------+------+------+-----+------+------+--------+--------+--------+------+------+------+------+----------------------------------+
| ST | Mux0 | Mux1 | Mux2 | Mux3 | Mux4 | Mux5 | Inc | JmpA | JmpB |   OutA |   OutB |    Out | CfgA | CfgB | CfgC | CfgD |                             STEW |
+----+------+------+------+------+------+------+-----+------+------+--------+--------+--------+------+------+------+------+----------------------------------+
|  0 |   00 |   10 |   02 |   00 |   10 |   1f |   0 |   01 |   00 | 010610 | 000000 | 000000 |   40 |   66 |    0 |    0 | 001048000000000020cc80107e001400 |
|  1 |   0b |   1f |   11 |   0b |   1f |   1f |   0 |   02 |   00 | 000000 | 000000 | 000000 |   a0 |   aa |    0 |    0 | 0000000000000000015540207feb8fd6 |
|  2 |   0e |   1f |   13 |   0e |   1f |   1f |   0 |   03 |   03 | 080010 | 000010 | 000000 |   a0 |   aa |    0 |    0 | 000000002000000061554031ffee9fdc |
|  3 |   02 |   1f |   1f |   1f |   1f |   1f |   0 |   04 |   00 | 000000 | 000000 | 000000 |   55 |   00 |    0 |    0 | 00000000000000000000aa407fffffc4 |
|  4 |   02 |   1f |   1f |   1f |   1f |   1f |   0 |   05 |   00 | 000000 | 000000 | 000000 |   aa |   00 |    f |    0 | 00000000000000001e0154507fffffc4 |
|  5 |   02 |   1f |   12 |   02 |   1f |   1f |   0 |   06 |   07 | 000000 | 010600 | 000000 |   50 |   55 |    f |    0 | 00209000000000001eaaa063ffe297c4 |
|  6 |   1a |   1f |   1f |   1f |   1f |   1f |   0 |   0a |   0a | 008620 | 050600 | 000000 |   55 |   ff |    f |    0 | 0820d800040040001ffeaaa57ffffff4 |
|  7 |   00 |   10 |   02 |   0b |   0e |   1f |   1 |   09 |   03 | 000000 | 000020 | 000000 |   60 |   88 |    0 |    0 | 00000000000080000110c091fdcb1401 |
|  8 |   00 |   10 |   02 |   1f |   1f |   1f |   0 |   07 |   00 | 000000 | 000000 | 000000 |   06 |   00 |    0 |    0 | 000000000000000000000c707fff1400 |
|  9 |   00 |   1f |   1f |   1f |   1f |   1f |   0 |   00 |   01 | 004000 | 010610 | 000000 |   aa |   ff |    0 |    0 | 002090000080000041ff5400ffffffc0 |
|  a |   0b |   07 |   0e |   1f |   1f |   1f |   0 |   0b |   00 | 000000 | 000000 | 000000 |   a0 |   00 |    5 |    0 | 00000000000000000a0140b07fff71d6 |
|  b |   00 |   1f |   02 |   00 |   02 |   1f |   0 |   0c |   00 | 000000 | 004010 | 000000 |   50 |   88 |    0 |    0 | 00000000010000004110a0c07c4017c0 |
|  c |   02 |   1f |   1a |   02 |   1f |   1f |   0 |   0a |   0a | 008620 | 050600 | 000000 |   05 |   55 |    0 |    0 | 0820d8000400400000aa0aa57fe2d7c4 |
|  d |   1f |   1f |   1f |   1f |   1f |   1f |   0 |   00 |   00 | 000000 | 000000 | 000000 |   ff |   00 |    0 |    0 | 00000000000000000001fe007ffffffe |
|  e |   1f |   1f |   1f |   1f |   1f |   1f |   0 |   00 |   00 | 000000 | 000000 | 000000 |   ff |   00 |    0 |    0 | 00000000000000000001fe007ffffffe |
|  f |   1f |   1f |   1f |   1f |   1f |   1f |   0 |   00 |   00 | 000000 | 000000 | 000000 |   ff |   00 |    0 |    0 | 00000000000000000001fe007ffffffe |
| 10 |   1f |   1f |   1f |   1f |   1f |   1f |   0 |   00 |   00 | 000000 | 000000 | 000000 |   ff |   00 |    0 |    0 | 00000000000000000001fe007ffffffe |
| 11 |   1f |   1f |   1f |   1f |   1f |   1f |   0 |   00 |   00 | 000000 | 000000 | 000000 |   ff |   00 |    0 |    0 | 00000000000000000001fe007ffffffe |
| 12 |   1f |   1f |   1f |   1f |   1f |   1f |   0 |   00 |   00 | 000000 | 000000 | 000000 |   ff |   00 |    0 |    0 | 00000000000000000001fe007ffffffe |
| 13 |   1f |   1f |   1f |   1f |   1f |   1f |   0 |   00 |   00 | 000000 | 000000 | 000000 |   ff |   00 |    0 |    0 | 00000000000000000001fe007ffffffe |
| 14 |   1f |   1f |   1f |   1f |   1f |   1f |   0 |   00 |   00 | 000000 | 000000 | 000000 |   ff |   00 |    0 |    0 | 00000000000000000001fe007ffffffe |
| 15 |   1f |   1f |   1f |   1f |   1f |   1f |   0 |   00 |   00 | 000000 | 000000 | 000000 |   ff |   00 |    0 |    0 | 00000000000000000001fe007ffffffe |
| 16 |   1f |   1f |   1f |   1f |   1f |   1f |   0 |   00 |   00 | 000000 | 000000 | 000000 |   ff |   00 |    0 |    0 | 00000000000000000001fe007ffffffe |
| 17 |   1f |   1f |   1f |   1f |   1f |   1f |   0 |   00 |   00 | 000000 | 000000 | 000000 |   ff |   00 |    0 |    0 | 00000000000000000001fe007ffffffe |
| 18 |   1f |   1f |   1f |   1f |   1f |   1f |   0 |   00 |   00 | 000000 | 000000 | 000000 |   ff |   00 |    0 |    0 | 00000000000000000001fe007ffffffe |
| 19 |   1f |   1f |   1f |   1f |   1f |   1f |   0 |   00 |   00 | 000000 | 000000 | 000000 |   ff |   00 |    0 |    0 | 00000000000000000001fe007ffffffe |
| 1a |   1f |   1f |   1f |   1f |   1f |   1f |   0 |   00 |   00 | 000000 | 000000 | 000000 |   ff |   00 |    0 |    0 | 00000000000000000001fe007ffffffe |
| 1b |   1f |   1f |   1f |   1f |   1f |   1f |   0 |   00 |   00 | 000000 | 000000 | 000000 |   ff |   00 |    0 |    0 | 00000000000000000001fe007ffffffe |
| 1c |   1f |   1f |   1f |   1f |   1f |   1f |   0 |   00 |   00 | 000000 | 000000 | 000000 |   ff |   00 |    0 |    0 | 00000000000000000001fe007ffffffe |
| 1d |   1f |   1f |   1f |   1f |   1f |   1f |   0 |   00 |   00 | 000000 | 000000 | 000000 |   ff |   00 |    0 |    0 | 00000000000000000001fe007ffffffe |
| 1e |   1f |   1f |   1f |   1f |   1f |   1f |   0 |   00 |   00 | 000000 | 000000 | 000000 |   ff |   00 |    0 |    0 | 00000000000000000001fe007ffffffe |
| 1f |   1f |   1f |   1f |   1f |   1f |   1f |   0 |   00 |   00 | 000000 | 000000 | 000000 |   ff |   00 |    0 |    0 | 00000000000000000001fe007ffffffe |
+----+------+------+------+------+------+------+-----+------+------+--------+--------+--------+------+------+------+------+----------------------------------+
