+----+------+------+------+------+------+------+-----+------+------+--------+--------+--------+------+------+------+------+----------------------------------+
| ST | Mux0 | Mux1 | Mux2 | Mux3 | Mux4 | Mux5 | Inc | JmpA | JmpB |   OutA |   OutB |    Out | CfgA | CfgB | CfgC | CfgD |                             STEW |
+----+------+------+------+------+------+------+-----+------+------+--------+--------+--------+------+------+------+------+----------------------------------+
|  0 |   0c |   00 |   1f |   1f |   1f |   1f |   0 |   01 |   00 | 000090 | 000000 | 000000 |   66 |   00 |    a |    0 | 00000020000000003400cc107ffff818 |
|  1 |   0a |   00 |   1f |   1f |   1f |   1f |   1 |   03 |   00 | 000040 | 000000 | 000040 |   aa |   00 |    a |    0 | 0000001400000000140154307ffff815 |
|  2 |   0c |   00 |   1f |   1f |   1f |   1f |   0 |   00 |   00 | 000050 | 000000 | 000040 |   66 |   00 |    a |    0 | 00000014000000003400cc007ffff818 |
|  3 |   01 |   00 |   1f |   1f |   1f |   1f |   1 |   00 |   00 | 000400 | 000000 | 000000 |   99 |   00 |    a |    0 | 0000400000000000140132007ffff803 |
|  4 |   1f |   00 |   1f |   1f |   1f |   1f |   0 |   00 |   00 | 000200 | 000000 | 000000 |   ff |   00 |    a |    0 | 00000800000000001401fe007ffff83e |
|  5 |   1f |   00 |   1f |   1f |   1f |   1f |   0 |   00 |   00 | 000000 | 000000 | 000000 |   00 |   00 |    a |    0 | 0000000000000000140000007ffff83e |
|  6 |   1f |   00 |   1f |   1f |   1f |   1f |   0 |   00 |   00 | 000000 | 000000 | 000000 |   00 |   00 |    a |    0 | 0000000000000000140000007ffff83e |
|  7 |   1f |   00 |   1f |   1f |   1f |   1f |   0 |   00 |   00 | 000000 | 000000 | 000000 |   00 |   00 |    a |    0 | 0000000000000000140000007ffff83e |
|  8 |   1f |   00 |   1f |   1f |   1f |   1f |   0 |   00 |   00 | 000000 | 000000 | 000000 |   00 |   00 |    a |    0 | 0000000000000000140000007ffff83e |
|  9 |   1f |   00 |   1f |   1f |   1f |   1f |   0 |   00 |   00 | 000000 | 000000 | 000000 |   00 |   00 |    a |    0 | 0000000000000000140000007ffff83e |
|  a |   1f |   00 |   1f |   1f |   1f |   1f |   0 |   00 |   00 | 000000 | 000000 | 000000 |   00 |   00 |    a |    0 | 0000000000000000140000007ffff83e |
|  b |   1f |   00 |   1f |   1f |   1f |   1f |   0 |   00 |   00 | 000000 | 000000 | 000000 |   00 |   00 |    a |    0 | 0000000000000000140000007ffff83e |
|  c |   1f |   00 |   1f |   1f |   1f |   1f |   0 |   00 |   00 | 000000 | 000000 | 000000 |   00 |   00 |    a |    0 | 0000000000000000140000007ffff83e |
|  d |   1f |   00 |   1f |   1f |   1f |   1f |   0 |   00 |   00 | 000000 | 000000 | 000000 |   00 |   00 |    a |    0 | 0000000000000000140000007ffff83e |
|  e |   1f |   00 |   1f |   1f |   1f |   1f |   0 |   00 |   00 | 000000 | 000000 | 000000 |   00 |   00 |    a |    0 | 0000000000000000140000007ffff83e |
|  f |   1f |   00 |   1f |   1f |   1f |   1f |   0 |   00 |   00 | 000000 | 000000 | 000000 |   00 |   00 |    a |    0 | 0000000000000000140000007ffff83e |
| 10 |   1f |   00 |   1f |   1f |   1f |   1f |   0 |   00 |   00 | 000000 | 000000 | 000000 |   00 |   00 |    a |    0 | 0000000000000000140000007ffff83e |
| 11 |   1f |   00 |   1f |   1f |   1f |   1f |   0 |   00 |   00 | 000000 | 000000 | 000000 |   00 |   00 |    a |    0 | 0000000000000000140000007ffff83e |
| 12 |   1f |   00 |   1f |   1f |   1f |   1f |   0 |   00 |   00 | 000000 | 000000 | 000000 |   00 |   00 |    a |    0 | 0000000000000000140000007ffff83e |
| 13 |   1f |   00 |   1f |   1f |   1f |   1f |   0 |   00 |   00 | 000000 | 000000 | 000000 |   00 |   00 |    a |    0 | 0000000000000000140000007ffff83e |
| 14 |   1f |   00 |   1f |   1f |   1f |   1f |   0 |   00 |   00 | 000000 | 000000 | 000000 |   00 |   00 |    a |    0 | 0000000000000000140000007ffff83e |
| 15 |   1f |   00 |   1f |   1f |   1f |   1f |   0 |   00 |   00 | 000000 | 000000 | 000000 |   00 |   00 |    a |    0 | 0000000000000000140000007ffff83e |
| 16 |   1f |   00 |   1f |   1f |   1f |   1f |   0 |   00 |   00 | 000000 | 000000 | 000000 |   00 |   00 |    a |    0 | 0000000000000000140000007ffff83e |
| 17 |   1f |   00 |   1f |   1f |   1f |   1f |   0 |   00 |   00 | 000000 | 000000 | 000000 |   00 |   00 |    a |    0 | 0000000000000000140000007ffff83e |
| 18 |   1f |   00 |   1f |   1f |   1f |   1f |   0 |   00 |   00 | 000000 | 000000 | 000000 |   00 |   00 |    a |    0 | 0000000000000000140000007ffff83e |
| 19 |   1f |   00 |   1f |   1f |   1f |   1f |   0 |   00 |   00 | 000000 | 000000 | 000000 |   00 |   00 |    a |    0 | 0000000000000000140000007ffff83e |
| 1a |   1f |   00 |   1f |   1f |   1f |   1f |   0 |   00 |   00 | 000000 | 000000 | 000000 |   00 |   00 |    a |    0 | 0000000000000000140000007ffff83e |
| 1b |   1f |   00 |   1f |   1f |   1f |   1f |   0 |   00 |   00 | 000000 | 000000 | 000000 |   00 |   00 |    a |    0 | 0000000000000000140000007ffff83e |
| 1c |   1f |   00 |   1f |   1f |   1f |   1f |   0 |   00 |   00 | 000000 | 000000 | 000000 |   00 |   00 |    a |    0 | 0000000000000000140000007ffff83e |
| 1d |   1f |   00 |   1f |   1f |   1f |   1f |   0 |   00 |   00 | 000000 | 000000 | 000000 |   00 |   00 |    a |    0 | 0000000000000000140000007ffff83e |
| 1e |   1f |   00 |   1f |   1f |   1f |   1f |   0 |   00 |   00 | 000000 | 000000 | 000000 |   00 |   00 |    a |    0 | 0000000000000000140000007ffff83e |
| 1f |   1f |   00 |   1f |   1f |   1f |   1f |   0 |   00 |   00 | 000000 | 000000 | 000000 |   00 |   00 |    a |    0 | 0000000000000000140000007ffff83e |
+----+------+------+------+------+------+------+-----+------+------+--------+--------+--------+------+------+------+------+----------------------------------+
