+----+------+------+------+------+------+------+-----+------+------+--------+--------+--------+------+------+------+------+----------------------------------+
| ST | Mux0 | Mux1 | Mux2 | Mux3 | Mux4 | Mux5 | Inc | JmpA | JmpB |   OutA |   OutB |    Out | CfgA | CfgB | CfgC | CfgD |                             STEW |
+----+------+------+------+------+------+------+-----+------+------+--------+--------+--------+------+------+------+------+----------------------------------+
|  0 |   08 |   1f |   1f |   1f |   1f |   1f |   0 |   01 |   00 | 000080 | 000000 | 000001 |   aa |   00 |    0 |    0 | 0000002000000010000154107fffffd0 |
|  1 |   1f |   1f |   1f |   1f |   1f |   1f |   0 |   02 |   00 | 000001 | 000000 | 000000 |   ff |   00 |    0 |    0 | 00000000000000040001fe207ffffffe |
|  2 |   0d |   1f |   1f |   1f |   1f |   1f |   0 |   03 |   00 | 000001 | 000000 | 000103 |   aa |   00 |    0 |    0 | 0000040000000094000154307fffffda |
|  3 |   1f |   1f |   1f |   1f |   1f |   1f |   0 |   04 |   00 | 000001 | 000000 | 000000 |   ff |   00 |    0 |    0 | 00000000000000040001fe407ffffffe |
|  4 |   0e |   1f |   1f |   1f |   1f |   1f |   0 |   02 |   05 | 000001 | 000001 | 000000 |   55 |   ff |    0 |    0 | 000000000000000c01feaa22ffffffdc |
|  5 |   1f |   09 |   1f |   1f |   1f |   1f |   0 |   06 |   00 | 000001 | 000000 | 000000 |   ff |   00 |    a |    0 | 00000000000000041401fe607ffffa7e |
|  6 |   08 |   1f |   1f |   1f |   1f |   1f |   0 |   00 |   00 | 000001 | 000000 | 000001 |   55 |   00 |    0 |    0 | 00000000000000140000aa007fffffd0 |
|  7 |   1f |   1f |   1f |   1f |   1f |   1f |   0 |   00 |   00 | 000001 | 000000 | 000000 |   ff |   00 |    0 |    0 | 00000000000000040001fe007ffffffe |
|  8 |   1f |   1f |   1f |   1f |   1f |   1f |   0 |   00 |   00 | 000001 | 000000 | 000000 |   ff |   00 |    0 |    0 | 00000000000000040001fe007ffffffe |
|  9 |   1f |   1f |   1f |   1f |   1f |   1f |   0 |   00 |   00 | 000001 | 000000 | 000000 |   ff |   00 |    0 |    0 | 00000000000000040001fe007ffffffe |
|  a |   1f |   1f |   1f |   1f |   1f |   1f |   0 |   00 |   00 | 000001 | 000000 | 000000 |   ff |   00 |    0 |    0 | 00000000000000040001fe007ffffffe |
|  b |   1f |   1f |   1f |   1f |   1f |   1f |   0 |   00 |   00 | 000001 | 000000 | 000000 |   ff |   00 |    0 |    0 | 00000000000000040001fe007ffffffe |
|  c |   1f |   1f |   1f |   1f |   1f |   1f |   0 |   00 |   00 | 000001 | 000000 | 000000 |   ff |   00 |    0 |    0 | 00000000000000040001fe007ffffffe |
|  d |   1f |   1f |   1f |   1f |   1f |   1f |   0 |   00 |   00 | 000001 | 000000 | 000000 |   ff |   00 |    0 |    0 | 00000000000000040001fe007ffffffe |
|  e |   1f |   1f |   1f |   1f |   1f |   1f |   0 |   00 |   00 | 000001 | 000000 | 000000 |   ff |   00 |    0 |    0 | 00000000000000040001fe007ffffffe |
|  f |   1f |   1f |   1f |   1f |   1f |   1f |   0 |   00 |   00 | 000001 | 000000 | 000000 |   ff |   00 |    0 |    0 | 00000000000000040001fe007ffffffe |
| 10 |   1f |   1f |   1f |   1f |   1f |   1f |   0 |   00 |   00 | 000001 | 000000 | 000000 |   ff |   00 |    0 |    0 | 00000000000000040001fe007ffffffe |
| 11 |   1f |   1f |   1f |   1f |   1f |   1f |   0 |   00 |   00 | 000001 | 000000 | 000000 |   ff |   00 |    0 |    0 | 00000000000000040001fe007ffffffe |
| 12 |   1f |   1f |   1f |   1f |   1f |   1f |   0 |   00 |   00 | 000001 | 000000 | 000000 |   ff |   00 |    0 |    0 | 00000000000000040001fe007ffffffe |
| 13 |   1f |   1f |   1f |   1f |   1f |   1f |   0 |   00 |   00 | 000001 | 000000 | 000000 |   ff |   00 |    0 |    0 | 00000000000000040001fe007ffffffe |
| 14 |   1f |   1f |   1f |   1f |   1f |   1f |   0 |   00 |   00 | 000001 | 000000 | 000000 |   ff |   00 |    0 |    0 | 00000000000000040001fe007ffffffe |
| 15 |   1f |   1f |   1f |   1f |   1f |   1f |   0 |   00 |   00 | 000001 | 000000 | 000000 |   ff |   00 |    0 |    0 | 00000000000000040001fe007ffffffe |
| 16 |   1f |   1f |   1f |   1f |   1f |   1f |   0 |   00 |   00 | 000001 | 000000 | 000000 |   ff |   00 |    0 |    0 | 00000000000000040001fe007ffffffe |
| 17 |   1f |   1f |   1f |   1f |   1f |   1f |   0 |   00 |   00 | 000001 | 000000 | 000000 |   ff |   00 |    0 |    0 | 00000000000000040001fe007ffffffe |
| 18 |   1f |   1f |   1f |   1f |   1f |   1f |   0 |   00 |   00 | 000001 | 000000 | 000000 |   ff |   00 |    0 |    0 | 00000000000000040001fe007ffffffe |
| 19 |   1f |   1f |   1f |   1f |   1f |   1f |   0 |   00 |   00 | 000001 | 000000 | 000000 |   ff |   00 |    0 |    0 | 00000000000000040001fe007ffffffe |
| 1a |   1f |   1f |   1f |   1f |   1f |   1f |   0 |   00 |   00 | 000001 | 000000 | 000000 |   ff |   00 |    0 |    0 | 00000000000000040001fe007ffffffe |
| 1b |   1f |   1f |   1f |   1f |   1f |   1f |   0 |   00 |   00 | 000001 | 000000 | 000000 |   ff |   00 |    0 |    0 | 00000000000000040001fe007ffffffe |
| 1c |   1f |   1f |   1f |   1f |   1f |   1f |   0 |   00 |   00 | 000001 | 000000 | 000000 |   ff |   00 |    0 |    0 | 00000000000000040001fe007ffffffe |
| 1d |   1f |   1f |   1f |   1f |   1f |   1f |   0 |   00 |   00 | 000001 | 000000 | 000000 |   ff |   00 |    0 |    0 | 00000000000000040001fe007ffffffe |
| 1e |   1f |   1f |   1f |   1f |   1f |   1f |   0 |   00 |   00 | 000001 | 000000 | 000000 |   ff |   00 |    0 |    0 | 00000000000000040001fe007ffffffe |
| 1f |   1f |   1f |   1f |   1f |   1f |   1f |   0 |   00 |   00 | 000001 | 000000 | 000000 |   ff |   00 |    0 |    0 | 00000000000000040001fe007ffffffe |
+----+------+------+------+------+------+------+-----+------+------+--------+--------+--------+------+------+------+------+----------------------------------+
