+----+------+------+------+------+------+------+-----+------+------+--------+--------+--------+------+------+------+------+----------------------------------+
| ST | Mux0 | Mux1 | Mux2 | Mux3 | Mux4 | Mux5 | Inc | JmpA | JmpB |   OutA |   OutB |    Out | CfgA | CfgB | CfgC | CfgD |                             STEW |
+----+------+------+------+------+------+------+-----+------+------+--------+--------+--------+------+------+------+------+----------------------------------+
|  0 |   00 |   0d |   1f |   1f |   1f |   1f |   0 |   01 |   00 | 000000 | 000000 | 000000 |   55 |   00 |    a |    0 | 00000000000000001400aa107ffffb40 |
|  1 |   01 |   0d |   1f |   00 |   1f |   1f |   0 |   02 |   00 | 010000 | 000000 | 000000 |   aa |   aa |    a |    0 | 0010000000000000155554207fe0fb42 |
|  2 |   1f |   0d |   1f |   1f |   1f |   1f |   0 |   04 |   00 | 000010 | 000000 | 000000 |   ff |   00 |    a |    0 | 00000000000000003401fe407ffffb7e |
|  3 |   01 |   0d |   1f |   00 |   1f |   1f |   0 |   04 |   00 | 000010 | 000000 | 000000 |   aa |   aa |    a |    0 | 0000000000000000355554407fe0fb42 |
|  4 |   01 |   0d |   1f |   00 |   1f |   1f |   0 |   05 |   00 | 002100 | 000000 | 000000 |   55 |   aa |    a |    0 | 00000100001000001554aa507fe0fb42 |
|  5 |   0e |   0d |   1f |   1f |   1f |   1f |   1 |   03 |   00 | 000000 | 000000 | 000000 |   55 |   00 |    a |    0 | 00000000000000001400aa307ffffb5d |
|  6 |   1f |   0d |   1f |   1f |   1f |   1f |   0 |   01 |   00 | 004020 | 000000 | 000000 |   ff |   00 |    a |    0 | 00000000008040001401fe107ffffb7e |
|  7 |   1f |   0d |   1f |   1f |   1f |   1f |   0 |   00 |   00 | 000000 | 000000 | 000000 |   ff |   00 |    a |    0 | 00000000000000001401fe007ffffb7e |
|  8 |   1f |   0d |   1f |   1f |   1f |   1f |   0 |   00 |   00 | 000000 | 000000 | 000000 |   ff |   00 |    a |    0 | 00000000000000001401fe007ffffb7e |
|  9 |   1f |   0d |   1f |   1f |   1f |   1f |   0 |   00 |   00 | 000000 | 000000 | 000000 |   ff |   00 |    a |    0 | 00000000000000001401fe007ffffb7e |
|  a |   1f |   0d |   1f |   1f |   1f |   1f |   0 |   00 |   00 | 000000 | 000000 | 000000 |   ff |   00 |    a |    0 | 00000000000000001401fe007ffffb7e |
|  b |   1f |   0d |   1f |   1f |   1f |   1f |   0 |   00 |   00 | 000000 | 000000 | 000000 |   ff |   00 |    a |    0 | 00000000000000001401fe007ffffb7e |
|  c |   1f |   0d |   1f |   1f |   1f |   1f |   0 |   00 |   00 | 000000 | 000000 | 000000 |   ff |   00 |    a |    0 | 00000000000000001401fe007ffffb7e |
|  d |   1f |   0d |   1f |   1f |   1f |   1f |   0 |   00 |   00 | 000000 | 000000 | 000000 |   ff |   00 |    a |    0 | 00000000000000001401fe007ffffb7e |
|  e |   1f |   0d |   1f |   1f |   1f |   1f |   0 |   00 |   00 | 000000 | 000000 | 000000 |   ff |   00 |    a |    0 | 00000000000000001401fe007ffffb7e |
|  f |   1f |   0d |   1f |   1f |   1f |   1f |   0 |   00 |   00 | 000000 | 000000 | 000000 |   ff |   00 |    a |    0 | 00000000000000001401fe007ffffb7e |
| 10 |   1f |   0d |   1f |   1f |   1f |   1f |   0 |   00 |   00 | 000000 | 000000 | 000000 |   ff |   00 |    a |    0 | 00000000000000001401fe007ffffb7e |
| 11 |   1f |   0d |   1f |   1f |   1f |   1f |   0 |   00 |   00 | 000000 | 000000 | 000000 |   ff |   00 |    a |    0 | 00000000000000001401fe007ffffb7e |
| 12 |   1f |   0d |   1f |   1f |   1f |   1f |   0 |   00 |   00 | 000000 | 000000 | 000000 |   ff |   00 |    a |    0 | 00000000000000001401fe007ffffb7e |
| 13 |   1f |   0d |   1f |   1f |   1f |   1f |   0 |   00 |   00 | 000000 | 000000 | 000000 |   ff |   00 |    a |    0 | 00000000000000001401fe007ffffb7e |
| 14 |   1f |   0d |   1f |   1f |   1f |   1f |   0 |   00 |   00 | 000000 | 000000 | 000000 |   ff |   00 |    a |    0 | 00000000000000001401fe007ffffb7e |
| 15 |   1f |   0d |   1f |   1f |   1f |   1f |   0 |   00 |   00 | 000000 | 000000 | 000000 |   ff |   00 |    a |    0 | 00000000000000001401fe007ffffb7e |
| 16 |   1f |   0d |   1f |   1f |   1f |   1f |   0 |   00 |   00 | 000000 | 000000 | 000000 |   ff |   00 |    a |    0 | 00000000000000001401fe007ffffb7e |
| 17 |   1f |   0d |   1f |   1f |   1f |   1f |   0 |   00 |   00 | 000000 | 000000 | 000000 |   ff |   00 |    a |    0 | 00000000000000001401fe007ffffb7e |
| 18 |   1f |   0d |   1f |   1f |   1f |   1f |   0 |   00 |   00 | 000000 | 000000 | 000000 |   ff |   00 |    a |    0 | 00000000000000001401fe007ffffb7e |
| 19 |   1f |   0d |   1f |   1f |   1f |   1f |   0 |   00 |   00 | 000000 | 000000 | 000000 |   ff |   00 |    a |    0 | 00000000000000001401fe007ffffb7e |
| 1a |   1f |   0d |   1f |   1f |   1f |   1f |   0 |   00 |   00 | 000000 | 000000 | 000000 |   ff |   00 |    a |    0 | 00000000000000001401fe007ffffb7e |
| 1b |   1f |   0d |   1f |   1f |   1f |   1f |   0 |   00 |   00 | 000000 | 000000 | 000000 |   ff |   00 |    a |    0 | 00000000000000001401fe007ffffb7e |
| 1c |   1f |   0d |   1f |   1f |   1f |   1f |   0 |   00 |   00 | 000000 | 000000 | 000000 |   ff |   00 |    a |    0 | 00000000000000001401fe007ffffb7e |
| 1d |   1f |   0d |   1f |   1f |   1f |   1f |   0 |   00 |   00 | 000000 | 000000 | 000000 |   ff |   00 |    a |    0 | 00000000000000001401fe007ffffb7e |
| 1e |   1f |   0d |   1f |   1f |   1f |   1f |   0 |   00 |   00 | 000000 | 000000 | 000000 |   ff |   00 |    a |    0 | 00000000000000001401fe007ffffb7e |
| 1f |   1f |   0d |   1f |   1f |   1f |   1f |   0 |   00 |   00 | 000000 | 000000 | 000000 |   ff |   00 |    a |    0 | 00000000000000001401fe007ffffb7e |
+----+------+------+------+------+------+------+-----+------+------+--------+--------+--------+------+------+------+------+----------------------------------+
