+----+------+------+------+------+------+------+-----+------+------+--------+--------+--------+------+------+------+------+----------------------------------+
| ST | Mux0 | Mux1 | Mux2 | Mux3 | Mux4 | Mux5 | Inc | JmpA | JmpB |   OutA |   OutB |    Out | CfgA | CfgB | CfgC | CfgD |                             STEW |
+----+------+------+------+------+------+------+-----+------+------+--------+--------+--------+------+------+------+------+----------------------------------+
|  0 |   0c |   08 |   1f |   1f |   1f |   1f |   0 |   01 |   00 | 004090 | 000000 | 000000 |   66 |   00 |    a |    0 | 00000020008000003400cc107ffffa18 |
|  1 |   0f |   08 |   1f |   1f |   1f |   1f |   0 |   02 |   00 | 000201 | 000000 | 000201 |   aa |   00 |    a |    0 | 0000280000000014140154207ffffa1e |
|  2 |   07 |   08 |   1f |   1f |   1f |   1f |   1 |   04 |   00 | 000601 | 000000 | 000201 |   55 |   00 |    a |    0 | 00006800000000141400aa407ffffa0f |
|  3 |   0b |   08 |   1f |   1f |   1f |   1f |   0 |   05 |   00 | 000601 | 000000 | 000201 |   aa |   00 |    a |    0 | 0000680000000014140154507ffffa16 |
|  4 |   0b |   08 |   1f |   1f |   1f |   1f |   0 |   06 |   00 | 000700 | 000000 | 000200 |   aa |   00 |    a |    0 | 0000690000000000140154607ffffa16 |
|  5 |   0f |   08 |   1f |   1f |   1f |   1f |   0 |   06 |   00 | 000700 | 000000 | 000200 |   aa |   00 |    a |    0 | 0000690000000000140154607ffffa1e |
|  6 |   0e |   08 |   1f |   1f |   1f |   1f |   1 |   01 |   00 | 000000 | 000000 | 000000 |   55 |   00 |    a |    0 | 00000000000000001400aa107ffffa1d |
|  7 |   1f |   08 |   1f |   1f |   1f |   1f |   0 |   00 |   00 | 000000 | 000000 | 000000 |   ff |   00 |    a |    0 | 00000000000000001401fe007ffffa3e |
|  8 |   1f |   08 |   1f |   1f |   1f |   1f |   0 |   00 |   00 | 000000 | 000000 | 000000 |   ff |   00 |    a |    0 | 00000000000000001401fe007ffffa3e |
|  9 |   1f |   08 |   1f |   1f |   1f |   1f |   0 |   00 |   00 | 000000 | 000000 | 000000 |   ff |   00 |    a |    0 | 00000000000000001401fe007ffffa3e |
|  a |   1f |   08 |   1f |   1f |   1f |   1f |   0 |   00 |   00 | 000000 | 000000 | 000000 |   ff |   00 |    a |    0 | 00000000000000001401fe007ffffa3e |
|  b |   1f |   08 |   1f |   1f |   1f |   1f |   0 |   00 |   00 | 000000 | 000000 | 000000 |   ff |   00 |    a |    0 | 00000000000000001401fe007ffffa3e |
|  c |   1f |   08 |   1f |   1f |   1f |   1f |   0 |   00 |   00 | 000000 | 000000 | 000000 |   ff |   00 |    a |    0 | 00000000000000001401fe007ffffa3e |
|  d |   1f |   08 |   1f |   1f |   1f |   1f |   0 |   00 |   00 | 000000 | 000000 | 000000 |   ff |   00 |    a |    0 | 00000000000000001401fe007ffffa3e |
|  e |   1f |   08 |   1f |   1f |   1f |   1f |   0 |   00 |   00 | 000000 | 000000 | 000000 |   ff |   00 |    a |    0 | 00000000000000001401fe007ffffa3e |
|  f |   1f |   08 |   1f |   1f |   1f |   1f |   0 |   00 |   00 | 000000 | 000000 | 000000 |   ff |   00 |    a |    0 | 00000000000000001401fe007ffffa3e |
| 10 |   1f |   08 |   1f |   1f |   1f |   1f |   0 |   00 |   00 | 000000 | 000000 | 000000 |   ff |   00 |    a |    0 | 00000000000000001401fe007ffffa3e |
| 11 |   1f |   08 |   1f |   1f |   1f |   1f |   0 |   00 |   00 | 000000 | 000000 | 000000 |   ff |   00 |    a |    0 | 00000000000000001401fe007ffffa3e |
| 12 |   1f |   08 |   1f |   1f |   1f |   1f |   0 |   00 |   00 | 000000 | 000000 | 000000 |   ff |   00 |    a |    0 | 00000000000000001401fe007ffffa3e |
| 13 |   1f |   08 |   1f |   1f |   1f |   1f |   0 |   00 |   00 | 000000 | 000000 | 000000 |   ff |   00 |    a |    0 | 00000000000000001401fe007ffffa3e |
| 14 |   1f |   08 |   1f |   1f |   1f |   1f |   0 |   00 |   00 | 000000 | 000000 | 000000 |   ff |   00 |    a |    0 | 00000000000000001401fe007ffffa3e |
| 15 |   1f |   08 |   1f |   1f |   1f |   1f |   0 |   00 |   00 | 000000 | 000000 | 000000 |   ff |   00 |    a |    0 | 00000000000000001401fe007ffffa3e |
| 16 |   1f |   08 |   1f |   1f |   1f |   1f |   0 |   00 |   00 | 000000 | 000000 | 000000 |   ff |   00 |    a |    0 | 00000000000000001401fe007ffffa3e |
| 17 |   1f |   08 |   1f |   1f |   1f |   1f |   0 |   00 |   00 | 000000 | 000000 | 000000 |   ff |   00 |    a |    0 | 00000000000000001401fe007ffffa3e |
| 18 |   1f |   08 |   1f |   1f |   1f |   1f |   0 |   00 |   00 | 000000 | 000000 | 000000 |   ff |   00 |    a |    0 | 00000000000000001401fe007ffffa3e |
| 19 |   1f |   08 |   1f |   1f |   1f |   1f |   0 |   00 |   00 | 000000 | 000000 | 000000 |   ff |   00 |    a |    0 | 00000000000000001401fe007ffffa3e |
| 1a |   1f |   08 |   1f |   1f |   1f |   1f |   0 |   00 |   00 | 000000 | 000000 | 000000 |   ff |   00 |    a |    0 | 00000000000000001401fe007ffffa3e |
| 1b |   1f |   08 |   1f |   1f |   1f |   1f |   0 |   00 |   00 | 000000 | 000000 | 000000 |   ff |   00 |    a |    0 | 00000000000000001401fe007ffffa3e |
| 1c |   1f |   08 |   1f |   1f |   1f |   1f |   0 |   00 |   00 | 000000 | 000000 | 000000 |   ff |   00 |    a |    0 | 00000000000000001401fe007ffffa3e |
| 1d |   1f |   08 |   1f |   1f |   1f |   1f |   0 |   00 |   00 | 000000 | 000000 | 000000 |   ff |   00 |    a |    0 | 00000000000000001401fe007ffffa3e |
| 1e |   1f |   08 |   1f |   1f |   1f |   1f |   0 |   00 |   00 | 000000 | 000000 | 000000 |   ff |   00 |    a |    0 | 00000000000000001401fe007ffffa3e |
| 1f |   1f |   08 |   1f |   1f |   1f |   1f |   0 |   00 |   00 | 000000 | 000000 | 000000 |   ff |   00 |    a |    0 | 00000000000000001401fe007ffffa3e |
+----+------+------+------+------+------+------+-----+------+------+--------+--------+--------+------+------+------+------+----------------------------------+
