+----+------+------+------+------+------+------+-----+------+------+--------+--------+--------+------+------+------+------+----------------------------------+
| ST | Mux0 | Mux1 | Mux2 | Mux3 | Mux4 | Mux5 | Inc | JmpA | JmpB |   OutA |   OutB |    Out | CfgA | CfgB | CfgC | CfgD |                             STEW |
+----+------+------+------+------+------+------+-----+------+------+--------+--------+--------+------+------+------+------+----------------------------------+
|  0 |   04 |   1f |   1f |   1f |   1f |   1f |   0 |   02 |   00 | 0006d0 | 000000 | 000650 |   aa |   00 |    f |    0 | 0001683400000000be0154207fffffc8 |
|  1 |   0a |   1f |   1f |   04 |   05 |   1f |   0 |   02 |   0c | 0000c0 | 000040 | 000040 |   aa |   11 |    0 |    0 | 0000003c00000000002354267ca4ffd4 |
|  2 |   0a |   1f |   1f |   04 |   05 |   1f |   0 |   03 |   0c | 0000c0 | 000040 | 000040 |   aa |   11 |    0 |    0 | 0000003c00000000002354367ca4ffd4 |
|  3 |   11 |   05 |   1f |   05 |   11 |   1f |   0 |   05 |   04 | 002340 | 000040 | 000040 |   99 |   66 |    9 |    0 | 0000091c0010000012cd32527e25f962 |
|  4 |   0b |   1f |   1f |   0b |   1f |   1f |   0 |   01 |   05 | 000640 | 002740 | 000040 |   aa |   55 |    0 |    0 | 0000da1c0020000000ab5412ffebffd6 |
|  5 |   0e |   1f |   1f |   0e |   1f |   1f |   0 |   06 |   01 | 000040 | 000040 | 000040 |   aa |   55 |    0 |    0 | 0000001c0000000000ab5460ffeeffdc |
|  6 |   0c |   1f |   0d |   0c |   0d |   1f |   0 |   01 |   07 | 000060 | 000040 | 000040 |   a0 |   77 |    0 |    0 | 0000001c0000400000ef4013fdac6fd8 |
|  7 |   0c |   1f |   0d |   0c |   1f |   1f |   0 |   08 |   01 | 000040 | 000040 | 000040 |   0a |   55 |    0 |    0 | 0000001c0000000000aa1480ffec6fd8 |
|  8 |   13 |   1f |   1c |   13 |   1c |   1f |   0 |   01 |   09 | 000040 | 000040 | 000040 |   05 |   ee |    0 |    0 | 0000001c0000000001dc0a14ff93e7e6 |
|  9 |   1c |   1f |   1f |   1c |   1f |   1f |   0 |   0a |   0b | 000040 | 000040 | 000040 |   55 |   aa |    0 |    0 | 0000001c000000000154aaa5fffcfff8 |
|  a |   1f |   1f |   1f |   1d |   1f |   1e |   0 |   01 |   00 | 000050 | 000000 | 000000 |   ff |   00 |    0 |    4 | 00000005000000002001fe107bfdfffe |
|  b |   1f |   13 |   1f |   13 |   1f |   1f |   0 |   01 |   01 | 001050 | 000050 | 000040 |   cc |   55 |    a |    a | 0000001e0002000274ab9810fff3fcfe |
|  c |   05 |   1f |   1f |   1f |   1f |   1f |   0 |   0d |   00 | 000040 | 000000 | 000040 |   aa |   00 |    0 |    0 | 0000001400000000000154d07fffffca |
|  d |   0d |   1f |   1f |   0d |   1f |   1f |   0 |   0e |   00 | 000040 | 000040 | 000040 |   aa |   55 |    0 |    0 | 0000001c0000000000ab54e07fedffda |
|  e |   0c |   1f |   1f |   0c |   1f |   1a |   0 |   0f |   0f | 0106d0 | 0906d0 | 000040 |   aa |   55 |    0 |    e | 0030d87f4000000260ab54f7ebecffd8 |
|  f |   0a |   1f |   1f |   1f |   1f |   1f |   0 |   10 |   00 | 0000c4 | 000000 | 000044 |   aa |   00 |    0 |    f | 0000003700000503000155007fffffd4 |
| 10 |   0a |   1f |   1f |   1f |   1f |   1f |   0 |   11 |   00 | 0000c4 | 000000 | 000044 |   aa |   00 |    0 |    f | 0000003700000503000155107fffffd4 |
| 11 |   0b |   1f |   1f |   07 |   0b |   1f |   1 |   15 |   18 | 000644 | 000344 | 000744 |   aa |   22 |    0 |    f | 00017e1f000007030045555c7d67ffd7 |
| 12 |   0e |   1f |   1f |   0e |   1f |   1f |   0 |   13 |   15 | 000044 | 000044 | 000044 |   aa |   55 |    f |    0 | 0000001c000007001eab553affeeffdc |
| 13 |   0d |   1f |   10 |   0d |   10 |   1f |   1 |   15 |   15 | 050054 | 110054 | 000044 |   0a |   88 |    f |    0 | 4430001c000007007f10155afe0d87db |
| 14 |   0d |   1a |   10 |   0d |   10 |   1a |   0 |   15 |   1b | 008064 | 000054 | 000044 |   10 |   51 |    f |    0 | 0000001c040047005ea2215dea0d869a |
| 15 |   0a |   1f |   1f |   1f |   1f |   1f |   0 |   16 |   00 | 0000c4 | 000000 | 000044 |   aa |   00 |    f |    0 | 00000034000005001e0155607fffffd4 |
| 16 |   0a |   1f |   1f |   1f |   1f |   1f |   0 |   17 |   00 | 0000c4 | 000000 | 000044 |   aa |   00 |    f |    0 | 00000034000005001e0155707fffffd4 |
| 17 |   0b |   1f |   1f |   07 |   0b |   1f |   1 |   0f |   12 | 000644 | 000344 | 000744 |   aa |   22 |    f |    0 | 00017e1c000007001e4554f97d67ffd7 |
| 18 |   0e |   1f |   1f |   0e |   1f |   1f |   0 |   19 |   0f | 000044 | 000044 | 000044 |   aa |   55 |    0 |    f | 0000001f0000070300ab5597ffeeffdc |
| 19 |   0d |   1f |   10 |   0d |   10 |   1f |   1 |   0f |   0f | 050054 | 110054 | 000044 |   0a |   88 |    0 |    f | 4430001f00000703611014f7fe0d87db |
| 1a |   0d |   1a |   10 |   0d |   10 |   1a |   0 |   0f |   1b | 008064 | 000054 | 000044 |   10 |   51 |    0 |    f | 0000001f0400470340a220fdea0d869a |
| 1b |   0a |   0c |   1f |   0c |   1f |   1f |   0 |   1c |   00 | 0000c4 | 000000 | 000044 |   aa |   00 |    a |    5 | 0000003500000501140155c07fecfb14 |
| 1c |   0a |   0c |   1f |   0c |   1f |   1f |   0 |   1d |   00 | 0000c4 | 000000 | 000044 |   aa |   00 |    a |    5 | 0000003500000501140155d07fecfb14 |
| 1d |   0a |   1f |   1f |   1f |   1f |   1f |   0 |   1e |   00 | 0000c4 | 000000 | 000044 |   aa |   00 |    0 |    0 | 0000003400000500000155e07fffffd4 |
| 1e |   0a |   1f |   1f |   1f |   1f |   1f |   0 |   1f |   00 | 0000c4 | 000000 | 000044 |   aa |   00 |    0 |    0 | 0000003400000500000155f07fffffd4 |
| 1f |   0a |   1f |   1f |   1f |   1f |   1f |   0 |   00 |   00 | 0000c4 | 000000 | 000044 |   aa |   00 |    0 |    0 | 0000003400000500000154007fffffd4 |
+----+------+------+------+------+------+------+-----+------+------+--------+--------+--------+------+------+------+------+----------------------------------+
