+----+------+------+------+------+------+------+-----+------+------+--------+--------+--------+------+------+------+------+----------------------------------+
| ST | Mux0 | Mux1 | Mux2 | Mux3 | Mux4 | Mux5 | Inc | JmpA | JmpB |   OutA |   OutB |    Out | CfgA | CfgB | CfgC | CfgD |                             STEW |
+----+------+------+------+------+------+------+-----+------+------+--------+--------+--------+------+------+------+------+----------------------------------+
|  0 |   14 |   1f |   1f |   08 |   1f |   1f |   0 |   01 |   05 | 0000a0 | 020080 | 000000 |   55 |   aa |    f |    0 | 01000060000040001f54aa12ffe8ffe8 |
|  1 |   0a |   1f |   1f |   1f |   1f |   1f |   0 |   02 |   00 | 0000c0 | 000000 | 000040 |   aa |   00 |    0 |    0 | 0000003400000000000154207fffffd4 |
|  2 |   0a |   07 |   1f |   1f |   1f |   1f |   0 |   03 |   00 | 0021c0 | 000000 | 000040 |   aa |   00 |    a |    0 | 0000013400100000140154307ffff9d4 |
|  3 |   0e |   07 |   1f |   1f |   1f |   1f |   0 |   04 |   02 | 000000 | 000000 | 000000 |   aa |   ff |    a |    0 | 000000000000000015ff54417ffff9dc |
|  4 |   0a |   1f |   1f |   1f |   1f |   1f |   0 |   00 |   00 | 000040 | 000000 | 000040 |   aa |   00 |    f |    0 | 00000014000000001e0154007fffffd4 |
|  5 |   0a |   1f |   1f |   1f |   1f |   1f |   0 |   06 |   00 | 0000c0 | 000000 | 000040 |   aa |   00 |    0 |    0 | 0000003400000000000154607fffffd4 |
|  6 |   0a |   07 |   1f |   1f |   1f |   1f |   0 |   07 |   00 | 0001c0 | 000000 | 000040 |   aa |   00 |    a |    0 | 0000013400000000140154707ffff9d4 |
|  7 |   0e |   07 |   1f |   1f |   1f |   1f |   0 |   08 |   06 | 000000 | 000000 | 000000 |   aa |   ff |    a |    0 | 000000000000000015ff54837ffff9dc |
|  8 |   0a |   1f |   1f |   1f |   1f |   1f |   0 |   09 |   00 | 004040 | 000000 | 000040 |   aa |   00 |    f |    0 | 00000014008000001e0154907fffffd4 |
|  9 |   08 |   1f |   1f |   1f |   1f |   1f |   0 |   00 |   00 | 001000 | 000000 | 000000 |   55 |   00 |    f |    0 | 00000000000200001e00aa007fffffd0 |
|  a |   1f |   1f |   1f |   1f |   1f |   1f |   0 |   00 |   00 | 000000 | 000000 | 000000 |   ff |   00 |    f |    0 | 00000000000000001e01fe007ffffffe |
|  b |   1f |   1f |   1f |   1f |   1f |   1f |   0 |   00 |   00 | 000000 | 000000 | 000000 |   ff |   00 |    f |    0 | 00000000000000001e01fe007ffffffe |
|  c |   1f |   1f |   1f |   1f |   1f |   1f |   0 |   00 |   00 | 000000 | 000000 | 000000 |   ff |   00 |    f |    0 | 00000000000000001e01fe007ffffffe |
|  d |   1f |   1f |   1f |   1f |   1f |   1f |   0 |   00 |   00 | 000000 | 000000 | 000000 |   ff |   00 |    f |    0 | 00000000000000001e01fe007ffffffe |
|  e |   1f |   1f |   1f |   1f |   1f |   1f |   0 |   00 |   00 | 000000 | 000000 | 000000 |   ff |   00 |    f |    0 | 00000000000000001e01fe007ffffffe |
|  f |   1f |   1f |   1f |   1f |   1f |   1f |   0 |   00 |   00 | 000000 | 000000 | 000000 |   ff |   00 |    f |    0 | 00000000000000001e01fe007ffffffe |
| 10 |   1f |   1f |   1f |   1f |   1f |   1f |   0 |   00 |   00 | 000000 | 000000 | 000000 |   ff |   00 |    f |    0 | 00000000000000001e01fe007ffffffe |
| 11 |   1f |   1f |   1f |   1f |   1f |   1f |   0 |   00 |   00 | 000000 | 000000 | 000000 |   ff |   00 |    f |    0 | 00000000000000001e01fe007ffffffe |
| 12 |   1f |   1f |   1f |   1f |   1f |   1f |   0 |   00 |   00 | 000000 | 000000 | 000000 |   ff |   00 |    f |    0 | 00000000000000001e01fe007ffffffe |
| 13 |   1f |   1f |   1f |   1f |   1f |   1f |   0 |   00 |   00 | 000000 | 000000 | 000000 |   ff |   00 |    f |    0 | 00000000000000001e01fe007ffffffe |
| 14 |   1f |   1f |   1f |   1f |   1f |   1f |   0 |   00 |   00 | 000000 | 000000 | 000000 |   ff |   00 |    f |    0 | 00000000000000001e01fe007ffffffe |
| 15 |   1f |   1f |   1f |   1f |   1f |   1f |   0 |   00 |   00 | 000000 | 000000 | 000000 |   ff |   00 |    f |    0 | 00000000000000001e01fe007ffffffe |
| 16 |   1f |   1f |   1f |   1f |   1f |   1f |   0 |   00 |   00 | 000000 | 000000 | 000000 |   ff |   00 |    f |    0 | 00000000000000001e01fe007ffffffe |
| 17 |   1f |   1f |   1f |   1f |   1f |   1f |   0 |   00 |   00 | 000000 | 000000 | 000000 |   ff |   00 |    f |    0 | 00000000000000001e01fe007ffffffe |
| 18 |   1f |   1f |   1f |   1f |   1f |   1f |   0 |   00 |   00 | 000000 | 000000 | 000000 |   ff |   00 |    f |    0 | 00000000000000001e01fe007ffffffe |
| 19 |   1f |   1f |   1f |   1f |   1f |   1f |   0 |   00 |   00 | 000000 | 000000 | 000000 |   ff |   00 |    f |    0 | 00000000000000001e01fe007ffffffe |
| 1a |   1f |   1f |   1f |   1f |   1f |   1f |   0 |   00 |   00 | 000000 | 000000 | 000000 |   ff |   00 |    f |    0 | 00000000000000001e01fe007ffffffe |
| 1b |   1f |   1f |   1f |   1f |   1f |   1f |   0 |   00 |   00 | 000000 | 000000 | 000000 |   ff |   00 |    f |    0 | 00000000000000001e01fe007ffffffe |
| 1c |   1f |   1f |   1f |   1f |   1f |   1f |   0 |   00 |   00 | 000000 | 000000 | 000000 |   ff |   00 |    f |    0 | 00000000000000001e01fe007ffffffe |
| 1d |   1f |   1f |   1f |   1f |   1f |   1f |   0 |   00 |   00 | 000000 | 000000 | 000000 |   ff |   00 |    f |    0 | 00000000000000001e01fe007ffffffe |
| 1e |   1f |   1f |   1f |   1f |   1f |   1f |   0 |   00 |   00 | 000000 | 000000 | 000000 |   ff |   00 |    f |    0 | 00000000000000001e01fe007ffffffe |
| 1f |   1f |   1f |   1f |   1f |   1f |   1f |   0 |   00 |   00 | 000000 | 000000 | 000000 |   ff |   00 |    f |    0 | 00000000000000001e01fe007ffffffe |
+----+------+------+------+------+------+------+-----+------+------+--------+--------+--------+------+------+------+------+----------------------------------+
