+----+------+------+------+------+------+------+-----+------+------+--------+--------+--------+------+------+------+------+----------------------------------+
| ST | Mux0 | Mux1 | Mux2 | Mux3 | Mux4 | Mux5 | Inc | JmpA | JmpB |   OutA |   OutB |    Out | CfgA | CfgB | CfgC | CfgD |                             STEW |
+----+------+------+------+------+------+------+-----+------+------+--------+--------+--------+------+------+------+------+----------------------------------+
|  0 |   11 |   00 |   00 |   03 |   00 |   00 |   0 |   01 |   00 | 141858 | 010040 | 000040 |   aa |   aa |    0 |    0 | 2422001c000208002155541000030022 |
|  1 |   0a |   00 |   00 |   00 |   00 |   00 |   0 |   02 |   00 | 002140 | 000000 | 000040 |   aa |   00 |    0 |    0 | 00000114001000000001542000000014 |
|  2 |   0c |   1e |   0e |   0d |   0e |   00 |   1 |   01 |   03 | 000040 | 000860 | 000840 |   ce |   44 |    0 |    0 | 000c001c0000800000899c1181cd7799 |
|  3 |   1d |   00 |   00 |   1d |   00 |   00 |   0 |   04 |   01 | 000040 | 000040 | 000040 |   aa |   55 |    0 |    0 | 0000001c0000000000ab5440801d003a |
|  4 |   0d |   00 |   00 |   0c |   00 |   00 |   1 |   07 |   01 | 000040 | 100858 | 000060 |   aa |   aa |    0 |    f | 4004001f0001100341555470800c001b |
|  5 |   00 |   00 |   00 |   00 |   00 |   00 |   0 |   06 |   00 | 050858 | 000000 | 000000 |   ff |   00 |    f |    0 | 04120004000008003e01fe6000000000 |
|  6 |   1d |   00 |   00 |   1d |   00 |   00 |   0 |   01 |   01 | 100858 | 000040 | 000040 |   aa |   55 |    0 |    f | 2002001f0000080320ab5410801d003a |
|  7 |   0a |   00 |   16 |   0a |   16 |   00 |   0 |   08 |   09 | 000040 | 010040 | 000040 |   a0 |   22 |    0 |    0 | 0020001c000000000045408482cab014 |
|  8 |   1c |   00 |   00 |   00 |   00 |   00 |   0 |   09 |   00 | 010041 | 000000 | 000041 |   aa |   00 |    0 |    0 | 00100014000000140001549000000038 |
|  9 |   0a |   00 |   00 |   00 |   00 |   00 |   0 |   0a |   00 | 000140 | 000000 | 000040 |   aa |   00 |    0 |    0 | 0000011400000000000154a000000014 |
|  a |   0e |   00 |   00 |   0e |   00 |   00 |   0 |   0b |   09 | 000040 | 000040 | 000040 |   aa |   55 |    0 |    0 | 0000001c0000000000ab54b4800e001c |
|  b |   00 |   00 |   00 |   00 |   00 |   00 |   0 |   00 |   00 | 004040 | 000000 | 000000 |   ff |   00 |    0 |    0 | 00000004008000000001fe0000000000 |
|  c |   00 |   00 |   00 |   00 |   00 |   00 |   0 |   00 |   00 | 000040 | 000000 | 000000 |   ff |   00 |    0 |    0 | 00000004000000000001fe0000000000 |
|  d |   00 |   00 |   00 |   00 |   00 |   00 |   0 |   00 |   00 | 000040 | 000000 | 000000 |   ff |   00 |    0 |    0 | 00000004000000000001fe0000000000 |
|  e |   00 |   00 |   00 |   00 |   00 |   00 |   0 |   00 |   00 | 000040 | 000000 | 000000 |   ff |   00 |    0 |    0 | 00000004000000000001fe0000000000 |
|  f |   00 |   00 |   00 |   00 |   00 |   00 |   0 |   00 |   00 | 000040 | 000000 | 000000 |   ff |   00 |    0 |    0 | 00000004000000000001fe0000000000 |
| 10 |   00 |   00 |   00 |   00 |   00 |   00 |   0 |   00 |   00 | 000040 | 000000 | 000000 |   ff |   00 |    0 |    0 | 00000004000000000001fe0000000000 |
| 11 |   00 |   00 |   00 |   00 |   00 |   00 |   0 |   00 |   00 | 000040 | 000000 | 000000 |   ff |   00 |    0 |    0 | 00000004000000000001fe0000000000 |
| 12 |   00 |   00 |   00 |   00 |   00 |   00 |   0 |   00 |   00 | 000040 | 000000 | 000000 |   ff |   00 |    0 |    0 | 00000004000000000001fe0000000000 |
| 13 |   00 |   00 |   00 |   00 |   00 |   00 |   0 |   00 |   00 | 000040 | 000000 | 000000 |   ff |   00 |    0 |    0 | 00000004000000000001fe0000000000 |
| 14 |   00 |   00 |   00 |   00 |   00 |   00 |   0 |   00 |   00 | 000040 | 000000 | 000000 |   ff |   00 |    0 |    0 | 00000004000000000001fe0000000000 |
| 15 |   00 |   00 |   00 |   00 |   00 |   00 |   0 |   00 |   00 | 000040 | 000000 | 000000 |   ff |   00 |    0 |    0 | 00000004000000000001fe0000000000 |
| 16 |   00 |   00 |   00 |   00 |   00 |   00 |   0 |   00 |   00 | 000040 | 000000 | 000000 |   ff |   00 |    0 |    0 | 00000004000000000001fe0000000000 |
| 17 |   00 |   00 |   00 |   00 |   00 |   00 |   0 |   00 |   00 | 000040 | 000000 | 000000 |   ff |   00 |    0 |    0 | 00000004000000000001fe0000000000 |
| 18 |   00 |   00 |   00 |   00 |   00 |   00 |   0 |   00 |   00 | 000040 | 000000 | 000000 |   ff |   00 |    0 |    0 | 00000004000000000001fe0000000000 |
| 19 |   00 |   00 |   00 |   00 |   00 |   00 |   0 |   00 |   00 | 000040 | 000000 | 000000 |   ff |   00 |    0 |    0 | 00000004000000000001fe0000000000 |
| 1a |   00 |   00 |   00 |   00 |   00 |   00 |   0 |   00 |   00 | 000040 | 000000 | 000000 |   ff |   00 |    0 |    0 | 00000004000000000001fe0000000000 |
| 1b |   00 |   00 |   00 |   00 |   00 |   00 |   0 |   00 |   00 | 000040 | 000000 | 000000 |   ff |   00 |    0 |    0 | 00000004000000000001fe0000000000 |
| 1c |   00 |   00 |   00 |   00 |   00 |   00 |   0 |   00 |   00 | 000040 | 000000 | 000000 |   ff |   00 |    0 |    0 | 00000004000000000001fe0000000000 |
| 1d |   00 |   00 |   00 |   00 |   00 |   00 |   0 |   00 |   00 | 000040 | 000000 | 000000 |   ff |   00 |    0 |    0 | 00000004000000000001fe0000000000 |
| 1e |   00 |   00 |   00 |   00 |   00 |   00 |   0 |   00 |   00 | 000040 | 000000 | 000000 |   ff |   00 |    0 |    0 | 00000004000000000001fe0000000000 |
| 1f |   00 |   00 |   00 |   00 |   00 |   00 |   0 |   00 |   00 | 000040 | 000000 | 000000 |   ff |   00 |    0 |    0 | 00000004000000000001fe0000000000 |
+----+------+------+------+------+------+------+-----+------+------+--------+--------+--------+------+------+------+------+----------------------------------+
