+----+------+------+------+------+------+------+-----+------+------+--------+--------+--------+------+------+------+------+----------------------------------+
| ST | Mux0 | Mux1 | Mux2 | Mux3 | Mux4 | Mux5 | Inc | JmpA | JmpB |   OutA |   OutB |    Out | CfgA | CfgB | CfgC | CfgD |                             STEW |
+----+------+------+------+------+------+------+-----+------+------+--------+--------+--------+------+------+------+------+----------------------------------+
|  0 |   18 |   1f |   1d |   18 |   1d |   1f |   0 |   00 |   01 | 00a807 | 00e00f | 000007 |   0a |   88 |    0 |    0 | 000200000d3017fc01101400ffb8eff0 |
|  1 |   16 |   1f |   18 |   16 |   18 |   1f |   0 |   00 |   02 | 00a003 | 008603 | 000003 |   50 |   88 |    0 |    0 | 000090000c1000fc0110a0017f16c7ec |
|  2 |   0f |   1f |   18 |   0f |   18 |   1f |   0 |   02 |   03 | 058201 | 058001 | 050001 |   50 |   88 |    0 |    0 | 1c7008000c00001c0110a021ff0fc7de |
|  3 |   0f |   1f |   18 |   0f |   18 |   1f |   0 |   03 |   04 | 118200 | 118000 | 110000 |   50 |   88 |    0 |    0 | e07008000c0000000110a0327f0fc7de |
|  4 |   0f |   1f |   18 |   0f |   18 |   1f |   0 |   04 |   00 | 158201 | 159601 | 150001 |   50 |   88 |    0 |    0 | fc7098000c04001c0110a0407f0fc7de |
|  5 |   1f |   1f |   1f |   1f |   1f |   1f |   0 |   00 |   00 | 000001 | 000000 | 000000 |   ff |   00 |    0 |    0 | 00000000000000040001fe007ffffffe |
|  6 |   1f |   1f |   1f |   1f |   1f |   1f |   0 |   00 |   00 | 000001 | 000000 | 000000 |   ff |   00 |    0 |    0 | 00000000000000040001fe007ffffffe |
|  7 |   1f |   1f |   1f |   1f |   1f |   1f |   0 |   00 |   00 | 000001 | 000000 | 000000 |   ff |   00 |    0 |    0 | 00000000000000040001fe007ffffffe |
|  8 |   1f |   1f |   1f |   1f |   1f |   1f |   0 |   00 |   00 | 000001 | 000000 | 000000 |   ff |   00 |    0 |    0 | 00000000000000040001fe007ffffffe |
|  9 |   1f |   1f |   1f |   1f |   1f |   1f |   0 |   00 |   00 | 000001 | 000000 | 000000 |   ff |   00 |    0 |    0 | 00000000000000040001fe007ffffffe |
|  a |   1f |   1f |   1f |   1f |   1f |   1f |   0 |   00 |   00 | 000001 | 000000 | 000000 |   ff |   00 |    0 |    0 | 00000000000000040001fe007ffffffe |
|  b |   1f |   1f |   1f |   1f |   1f |   1f |   0 |   00 |   00 | 000001 | 000000 | 000000 |   ff |   00 |    0 |    0 | 00000000000000040001fe007ffffffe |
|  c |   1f |   1f |   1f |   1f |   1f |   1f |   0 |   00 |   00 | 000001 | 000000 | 000000 |   ff |   00 |    0 |    0 | 00000000000000040001fe007ffffffe |
|  d |   1f |   1f |   1f |   1f |   1f |   1f |   0 |   00 |   00 | 000001 | 000000 | 000000 |   ff |   00 |    0 |    0 | 00000000000000040001fe007ffffffe |
|  e |   1f |   1f |   1f |   1f |   1f |   1f |   0 |   00 |   00 | 000001 | 000000 | 000000 |   ff |   00 |    0 |    0 | 00000000000000040001fe007ffffffe |
|  f |   1f |   1f |   1f |   1f |   1f |   1f |   0 |   00 |   00 | 000001 | 000000 | 000000 |   ff |   00 |    0 |    0 | 00000000000000040001fe007ffffffe |
| 10 |   1f |   1f |   1f |   1f |   1f |   1f |   0 |   00 |   00 | 000001 | 000000 | 000000 |   ff |   00 |    0 |    0 | 00000000000000040001fe007ffffffe |
| 11 |   1f |   1f |   1f |   1f |   1f |   1f |   0 |   00 |   00 | 000001 | 000000 | 000000 |   ff |   00 |    0 |    0 | 00000000000000040001fe007ffffffe |
| 12 |   1f |   1f |   1f |   1f |   1f |   1f |   0 |   00 |   00 | 000001 | 000000 | 000000 |   ff |   00 |    0 |    0 | 00000000000000040001fe007ffffffe |
| 13 |   1f |   1f |   1f |   1f |   1f |   1f |   0 |   00 |   00 | 000001 | 000000 | 000000 |   ff |   00 |    0 |    0 | 00000000000000040001fe007ffffffe |
| 14 |   1f |   1f |   1f |   1f |   1f |   1f |   0 |   00 |   00 | 000001 | 000000 | 000000 |   ff |   00 |    0 |    0 | 00000000000000040001fe007ffffffe |
| 15 |   1f |   1f |   1f |   1f |   1f |   1f |   0 |   00 |   00 | 000001 | 000000 | 000000 |   ff |   00 |    0 |    0 | 00000000000000040001fe007ffffffe |
| 16 |   1f |   1f |   1f |   1f |   1f |   1f |   0 |   00 |   00 | 000001 | 000000 | 000000 |   ff |   00 |    0 |    0 | 00000000000000040001fe007ffffffe |
| 17 |   1f |   1f |   1f |   1f |   1f |   1f |   0 |   00 |   00 | 000001 | 000000 | 000000 |   ff |   00 |    0 |    0 | 00000000000000040001fe007ffffffe |
| 18 |   1f |   1f |   1f |   1f |   1f |   1f |   0 |   00 |   00 | 000001 | 000000 | 000000 |   ff |   00 |    0 |    0 | 00000000000000040001fe007ffffffe |
| 19 |   1f |   1f |   1f |   1f |   1f |   1f |   0 |   00 |   00 | 000001 | 000000 | 000000 |   ff |   00 |    0 |    0 | 00000000000000040001fe007ffffffe |
| 1a |   1f |   1f |   1f |   1f |   1f |   1f |   0 |   00 |   00 | 000001 | 000000 | 000000 |   ff |   00 |    0 |    0 | 00000000000000040001fe007ffffffe |
| 1b |   1f |   1f |   1f |   1f |   1f |   1f |   0 |   00 |   00 | 000001 | 000000 | 000000 |   ff |   00 |    0 |    0 | 00000000000000040001fe007ffffffe |
| 1c |   1f |   1f |   1f |   1f |   1f |   1f |   0 |   00 |   00 | 000001 | 000000 | 000000 |   ff |   00 |    0 |    0 | 00000000000000040001fe007ffffffe |
| 1d |   1f |   1f |   1f |   1f |   1f |   1f |   0 |   00 |   00 | 000001 | 000000 | 000000 |   ff |   00 |    0 |    0 | 00000000000000040001fe007ffffffe |
| 1e |   1f |   1f |   1f |   1f |   1f |   1f |   0 |   00 |   00 | 000001 | 000000 | 000000 |   ff |   00 |    0 |    0 | 00000000000000040001fe007ffffffe |
| 1f |   1f |   1f |   1f |   1f |   1f |   1f |   0 |   00 |   00 | 000001 | 000000 | 000000 |   ff |   00 |    0 |    0 | 00000000000000040001fe007ffffffe |
+----+------+------+------+------+------+------+-----+------+------+--------+--------+--------+------+------+------+------+----------------------------------+
