+----+------+------+------+------+------+------+-----+------+------+--------+--------+--------+------+------+------+------+----------------------------------+
| ST | Mux0 | Mux1 | Mux2 | Mux3 | Mux4 | Mux5 | Inc | JmpA | JmpB |   OutA |   OutB |    Out | CfgA | CfgB | CfgC | CfgD |                             STEW |
+----+------+------+------+------+------+------+-----+------+------+--------+--------+--------+------+------+------+------+----------------------------------+
|  0 |   10 |   1f |   1f |   0a |   1f |   1f |   0 |   00 |   01 | 000050 | 000040 | 000040 |   aa |   aa |    0 |    0 | 0000001c0000000021555400ffeaffe0 |
|  1 |   10 |   1f |   1f |   1f |   1f |   1f |   0 |   03 |   00 | 002140 | 000000 | 001050 |   aa |   00 |    0 |    0 | 0000011400180000800154307fffffe0 |
|  2 |   10 |   1f |   1f |   0a |   1f |   1f |   0 |   03 |   00 | 002142 | 004840 | 000042 |   aa |   aa |    0 |    0 | 0004011c011000a0015554307feaffe0 |
|  3 |   10 |   1f |   1f |   0a |   1f |   1f |   0 |   04 |   00 | 002142 | 004840 | 000042 |   aa |   aa |    0 |    0 | 0004011c011000a0015554407feaffe0 |
|  4 |   0d |   16 |   11 |   11 |   1f |   1f |   1 |   00 |   0a | 004840 | 001042 | 001642 |   3b |   aa |    0 |    0 | 0003201c008c00c0015476057ff18d9b |
|  5 |   0b |   1f |   1f |   0b |   13 |   1f |   1 |   09 |   02 | 000042 | 000062 | 000062 |   55 |   22 |    0 |    0 | 0000001c000180e00044aa917e6bffd7 |
|  6 |   1f |   1f |   1f |   1f |   1f |   1f |   0 |   07 |   00 | 000042 | 000000 | 000000 |   ff |   00 |    0 |    0 | 00000004000000200001fe707ffffffe |
|  7 |   1f |   1f |   1f |   1f |   1f |   1f |   0 |   08 |   00 | 000042 | 000000 | 000000 |   ff |   00 |    0 |    0 | 00000004000000200001fe807ffffffe |
|  8 |   1f |   1f |   1f |   1f |   1f |   1f |   0 |   02 |   00 | 000062 | 000000 | 000000 |   ff |   00 |    0 |    0 | 00000004000040200001fe207ffffffe |
|  9 |   10 |   1f |   1f |   0a |   1f |   1f |   0 |   05 |   00 | 002142 | 004840 | 000042 |   aa |   aa |    0 |    0 | 0004011c011000a0015554507feaffe0 |
|  a |   10 |   1f |   1f |   0a |   1f |   1f |   0 |   0b |   00 | 002142 | 004840 | 000042 |   aa |   aa |    0 |    0 | 0004011c011000a0015554b07feaffe0 |
|  b |   10 |   1f |   1f |   0a |   1f |   1f |   0 |   0c |   00 | 002142 | 004840 | 000042 |   aa |   aa |    0 |    0 | 0004011c011000a0015554c07feaffe0 |
|  c |   0d |   12 |   11 |   11 |   12 |   1f |   1 |   02 |   02 | 080052 | 000052 | 000042 |   01 |   11 |    0 |    0 | 0000001c200000e0602202217e518c9b |
|  d |   0d |   1f |   1f |   11 |   12 |   12 |   1 |   00 |   02 | 004840 | 000052 | 150052 |   aa |   a8 |    c |    8 | 9042001e008000c0d95154014a51ffdb |
|  e |   0c |   1f |   1f |   0c |   1f |   1f |   0 |   06 |   06 | 114062 | 014062 | 000042 |   aa |   55 |    0 |    0 | 2030001c0180c0e000ab54637fecffd8 |
|  f |   1f |   1f |   1f |   1f |   1f |   1f |   0 |   00 |   00 | 000042 | 000000 | 000000 |   ff |   00 |    0 |    0 | 00000004000000200001fe007ffffffe |
| 10 |   1f |   1f |   1f |   1f |   1f |   1f |   0 |   00 |   00 | 000042 | 000000 | 000000 |   ff |   00 |    0 |    0 | 00000004000000200001fe007ffffffe |
| 11 |   1f |   1f |   1f |   1f |   1f |   1f |   0 |   00 |   00 | 000042 | 000000 | 000000 |   ff |   00 |    0 |    0 | 00000004000000200001fe007ffffffe |
| 12 |   1f |   1f |   1f |   1f |   1f |   1f |   0 |   00 |   00 | 000042 | 000000 | 000000 |   ff |   00 |    0 |    0 | 00000004000000200001fe007ffffffe |
| 13 |   1f |   1f |   1f |   1f |   1f |   1f |   0 |   00 |   00 | 000042 | 000000 | 000000 |   ff |   00 |    0 |    0 | 00000004000000200001fe007ffffffe |
| 14 |   1f |   1f |   1f |   1f |   1f |   1f |   0 |   00 |   00 | 000042 | 000000 | 000000 |   ff |   00 |    0 |    0 | 00000004000000200001fe007ffffffe |
| 15 |   1f |   1f |   1f |   1f |   1f |   1f |   0 |   00 |   00 | 000042 | 000000 | 000000 |   ff |   00 |    0 |    0 | 00000004000000200001fe007ffffffe |
| 16 |   1f |   1f |   1f |   1f |   1f |   1f |   0 |   00 |   00 | 000042 | 000000 | 000000 |   ff |   00 |    0 |    0 | 00000004000000200001fe007ffffffe |
| 17 |   1f |   1f |   1f |   1f |   1f |   1f |   0 |   00 |   00 | 000042 | 000000 | 000000 |   ff |   00 |    0 |    0 | 00000004000000200001fe007ffffffe |
| 18 |   1f |   1f |   1f |   1f |   1f |   1f |   0 |   00 |   00 | 000042 | 000000 | 000000 |   ff |   00 |    0 |    0 | 00000004000000200001fe007ffffffe |
| 19 |   1f |   1f |   1f |   1f |   1f |   1f |   0 |   00 |   00 | 000042 | 000000 | 000000 |   ff |   00 |    0 |    0 | 00000004000000200001fe007ffffffe |
| 1a |   1f |   1f |   1f |   1f |   1f |   1f |   0 |   00 |   00 | 000042 | 000000 | 000000 |   ff |   00 |    0 |    0 | 00000004000000200001fe007ffffffe |
| 1b |   1f |   1f |   1f |   1f |   1f |   1f |   0 |   00 |   00 | 000042 | 000000 | 000000 |   ff |   00 |    0 |    0 | 00000004000000200001fe007ffffffe |
| 1c |   1f |   1f |   1f |   1f |   1f |   1f |   0 |   00 |   00 | 000042 | 000000 | 000000 |   ff |   00 |    0 |    0 | 00000004000000200001fe007ffffffe |
| 1d |   1f |   1f |   1f |   1f |   1f |   1f |   0 |   00 |   00 | 000042 | 000000 | 000000 |   ff |   00 |    0 |    0 | 00000004000000200001fe007ffffffe |
| 1e |   1f |   1f |   1f |   1f |   1f |   1f |   0 |   00 |   00 | 000042 | 000000 | 000000 |   ff |   00 |    0 |    0 | 00000004000000200001fe007ffffffe |
| 1f |   1f |   1f |   1f |   1f |   1f |   1f |   0 |   00 |   00 | 000042 | 000000 | 000000 |   ff |   00 |    0 |    0 | 00000004000000200001fe007ffffffe |
+----+------+------+------+------+------+------+-----+------+------+--------+--------+--------+------+------+------+------+----------------------------------+
