+----+------+------+------+------+------+------+-----+------+------+--------+--------+--------+------+------+------+------+----------------------------------+
| ST | Mux0 | Mux1 | Mux2 | Mux3 | Mux4 | Mux5 | Inc | JmpA | JmpB |   OutA |   OutB |    Out | CfgA | CfgB | CfgC | CfgD |                             STEW |
+----+------+------+------+------+------+------+-----+------+------+--------+--------+--------+------+------+------+------+----------------------------------+
|  0 |   08 |   1f |   10 |   1f |   1f |   1f |   0 |   01 |   00 | 000000 | 000000 | 000000 |   5a |   00 |    0 |    0 | 00000000000000000000b4107fff87d0 |
|  1 |   0b |   1f |   1f |   0b |   1f |   1f |   0 |   02 |   00 | 080400 | 000000 | 000000 |   aa |   55 |    0 |    0 | 000040002000000000ab54207febffd6 |
|  2 |   1f |   1f |   1f |   1f |   1f |   1f |   0 |   01 |   00 | 000000 | 000000 | 000000 |   ff |   00 |    0 |    0 | 00000000000000000001fe107ffffffe |
|  3 |   1f |   1f |   1f |   1f |   1f |   1f |   0 |   00 |   00 | 000000 | 000000 | 000000 |   00 |   00 |    0 |    0 | 0000000000000000000000007ffffffe |
|  4 |   1f |   1f |   1f |   1f |   1f |   1f |   0 |   00 |   00 | 000000 | 000000 | 000000 |   00 |   00 |    0 |    0 | 0000000000000000000000007ffffffe |
|  5 |   1f |   1f |   1f |   1f |   1f |   1f |   0 |   00 |   00 | 000000 | 000000 | 000000 |   00 |   00 |    0 |    0 | 0000000000000000000000007ffffffe |
|  6 |   1f |   1f |   1f |   1f |   1f |   1f |   0 |   00 |   00 | 000000 | 000000 | 000000 |   00 |   00 |    0 |    0 | 0000000000000000000000007ffffffe |
|  7 |   1f |   1f |   1f |   1f |   1f |   1f |   0 |   00 |   00 | 000000 | 000000 | 000000 |   00 |   00 |    0 |    0 | 0000000000000000000000007ffffffe |
|  8 |   1f |   1f |   1f |   1f |   1f |   1f |   0 |   00 |   00 | 000000 | 000000 | 000000 |   00 |   00 |    0 |    0 | 0000000000000000000000007ffffffe |
|  9 |   1f |   1f |   1f |   1f |   1f |   1f |   0 |   00 |   00 | 000000 | 000000 | 000000 |   00 |   00 |    0 |    0 | 0000000000000000000000007ffffffe |
|  a |   1f |   1f |   1f |   1f |   1f |   1f |   0 |   00 |   00 | 000000 | 000000 | 000000 |   00 |   00 |    0 |    0 | 0000000000000000000000007ffffffe |
|  b |   1f |   1f |   1f |   1f |   1f |   1f |   0 |   00 |   00 | 000000 | 000000 | 000000 |   00 |   00 |    0 |    0 | 0000000000000000000000007ffffffe |
|  c |   1f |   1f |   1f |   1f |   1f |   1f |   0 |   00 |   00 | 000000 | 000000 | 000000 |   00 |   00 |    0 |    0 | 0000000000000000000000007ffffffe |
|  d |   1f |   1f |   1f |   1f |   1f |   1f |   0 |   00 |   00 | 000000 | 000000 | 000000 |   00 |   00 |    0 |    0 | 0000000000000000000000007ffffffe |
|  e |   1f |   1f |   1f |   1f |   1f |   1f |   0 |   00 |   00 | 000000 | 000000 | 000000 |   00 |   00 |    0 |    0 | 0000000000000000000000007ffffffe |
|  f |   1f |   1f |   1f |   1f |   1f |   1f |   0 |   00 |   00 | 000000 | 000000 | 000000 |   00 |   00 |    0 |    0 | 0000000000000000000000007ffffffe |
| 10 |   1f |   1f |   1f |   1f |   1f |   1f |   0 |   00 |   00 | 000000 | 000000 | 000000 |   00 |   00 |    0 |    0 | 0000000000000000000000007ffffffe |
| 11 |   1f |   1f |   1f |   1f |   1f |   1f |   0 |   00 |   00 | 000000 | 000000 | 000000 |   00 |   00 |    0 |    0 | 0000000000000000000000007ffffffe |
| 12 |   1f |   1f |   1f |   1f |   1f |   1f |   0 |   00 |   00 | 000000 | 000000 | 000000 |   00 |   00 |    0 |    0 | 0000000000000000000000007ffffffe |
| 13 |   1f |   1f |   1f |   1f |   1f |   1f |   0 |   00 |   00 | 000000 | 000000 | 000000 |   00 |   00 |    0 |    0 | 0000000000000000000000007ffffffe |
| 14 |   1f |   1f |   1f |   1f |   1f |   1f |   0 |   00 |   00 | 000000 | 000000 | 000000 |   00 |   00 |    0 |    0 | 0000000000000000000000007ffffffe |
| 15 |   1f |   1f |   1f |   1f |   1f |   1f |   0 |   00 |   00 | 000000 | 000000 | 000000 |   00 |   00 |    0 |    0 | 0000000000000000000000007ffffffe |
| 16 |   1f |   1f |   1f |   1f |   1f |   1f |   0 |   00 |   00 | 000000 | 000000 | 000000 |   00 |   00 |    0 |    0 | 0000000000000000000000007ffffffe |
| 17 |   1f |   1f |   1f |   1f |   1f |   1f |   0 |   00 |   00 | 000000 | 000000 | 000000 |   00 |   00 |    0 |    0 | 0000000000000000000000007ffffffe |
| 18 |   1f |   1f |   1f |   1f |   1f |   1f |   0 |   00 |   00 | 000000 | 000000 | 000000 |   00 |   00 |    0 |    0 | 0000000000000000000000007ffffffe |
| 19 |   1f |   1f |   1f |   1f |   1f |   1f |   0 |   00 |   00 | 000000 | 000000 | 000000 |   00 |   00 |    0 |    0 | 0000000000000000000000007ffffffe |
| 1a |   1f |   1f |   1f |   1f |   1f |   1f |   0 |   00 |   00 | 000000 | 000000 | 000000 |   00 |   00 |    0 |    0 | 0000000000000000000000007ffffffe |
| 1b |   1f |   1f |   1f |   1f |   1f |   1f |   0 |   00 |   00 | 000000 | 000000 | 000000 |   00 |   00 |    0 |    0 | 0000000000000000000000007ffffffe |
| 1c |   1f |   1f |   1f |   1f |   1f |   1f |   0 |   00 |   00 | 000000 | 000000 | 000000 |   00 |   00 |    0 |    0 | 0000000000000000000000007ffffffe |
| 1d |   1f |   1f |   1f |   1f |   1f |   1f |   0 |   00 |   00 | 000000 | 000000 | 000000 |   00 |   00 |    0 |    0 | 0000000000000000000000007ffffffe |
| 1e |   1f |   1f |   1f |   1f |   1f |   1f |   0 |   00 |   00 | 000000 | 000000 | 000000 |   00 |   00 |    0 |    0 | 0000000000000000000000007ffffffe |
| 1f |   1f |   1f |   1f |   1f |   1f |   1f |   0 |   00 |   00 | 000000 | 000000 | 000000 |   00 |   00 |    0 |    0 | 0000000000000000000000007ffffffe |
+----+------+------+------+------+------+------+-----+------+------+--------+--------+--------+------+------+------+------+----------------------------------+
