+----+------+------+------+------+------+------+-----+------+------+--------+--------+--------+------+------+------+------+----------------------------------+
| ST | Mux0 | Mux1 | Mux2 | Mux3 | Mux4 | Mux5 | Inc | JmpA | JmpB |   OutA |   OutB |    Out | CfgA | CfgB | CfgC | CfgD |                             STEW |
+----+------+------+------+------+------+------+-----+------+------+--------+--------+--------+------+------+------+------+----------------------------------+
|  0 |   14 |   1d |   1f |   1f |   1f |   1f |   0 |   01 |   00 | 000020 | 000000 | 000000 |   55 |   00 |    a |    0 | 00000000000040001400aa107fffff68 |
|  1 |   12 |   1d |   1f |   12 |   1f |   1f |   0 |   05 |   02 | 000000 | 000000 | 000000 |   aa |   55 |    a |    0 | 000000000000000014ab54517ff2ff64 |
|  2 |   11 |   1d |   1f |   11 |   1f |   1f |   0 |   04 |   03 | 000000 | 000000 | 000000 |   aa |   55 |    a |    0 | 000000000000000014ab5441fff1ff62 |
|  3 |   10 |   1d |   1f |   10 |   1f |   1f |   0 |   00 |   00 | 000400 | 000200 | 000000 |   aa |   55 |    a |    0 | 000050000000000014ab54007ff0ff60 |
|  4 |   10 |   1d |   1f |   10 |   1f |   1f |   0 |   00 |   00 | 000800 | 000600 | 000000 |   aa |   55 |    a |    0 | 000290000000000014ab54007ff0ff60 |
|  5 |   11 |   1d |   1f |   11 |   1f |   1f |   0 |   07 |   06 | 000000 | 000000 | 000000 |   aa |   55 |    a |    0 | 000000000000000014ab54737ff1ff62 |
|  6 |   10 |   1d |   1f |   10 |   1f |   1f |   0 |   00 |   00 | 000808 | 000008 | 000000 |   aa |   55 |    a |    0 | 000200000000180014ab54007ff0ff60 |
|  7 |   10 |   1d |   1f |   10 |   1f |   1f |   0 |   00 |   08 | 004000 | 000080 | 000000 |   aa |   55 |    a |    0 | 000000400080000014ab54047ff0ff60 |
|  8 |   0a |   1d |   1f |   1f |   1f |   1f |   0 |   00 |   00 | 000440 | 000000 | 000440 |   aa |   00 |    a |    0 | 0001401400000000140154007fffff54 |
|  9 |   1f |   1d |   1f |   1f |   1f |   1f |   0 |   00 |   00 | 000000 | 000000 | 000000 |   ff |   00 |    a |    0 | 00000000000000001401fe007fffff7e |
|  a |   1f |   1d |   1f |   1f |   1f |   1f |   0 |   00 |   00 | 000000 | 000000 | 000000 |   ff |   00 |    a |    0 | 00000000000000001401fe007fffff7e |
|  b |   1f |   1d |   1f |   1f |   1f |   1f |   0 |   00 |   00 | 000000 | 000000 | 000000 |   ff |   00 |    a |    0 | 00000000000000001401fe007fffff7e |
|  c |   1f |   1d |   1f |   1f |   1f |   1f |   0 |   00 |   00 | 000000 | 000000 | 000000 |   ff |   00 |    a |    0 | 00000000000000001401fe007fffff7e |
|  d |   1f |   1d |   1f |   1f |   1f |   1f |   0 |   00 |   00 | 000000 | 000000 | 000000 |   ff |   00 |    a |    0 | 00000000000000001401fe007fffff7e |
|  e |   1f |   1d |   1f |   1f |   1f |   1f |   0 |   00 |   00 | 000000 | 000000 | 000000 |   ff |   00 |    a |    0 | 00000000000000001401fe007fffff7e |
|  f |   1f |   1d |   1f |   1f |   1f |   1f |   0 |   00 |   00 | 000000 | 000000 | 000000 |   ff |   00 |    a |    0 | 00000000000000001401fe007fffff7e |
| 10 |   1f |   1d |   1f |   1f |   1f |   1f |   0 |   00 |   00 | 000000 | 000000 | 000000 |   ff |   00 |    a |    0 | 00000000000000001401fe007fffff7e |
| 11 |   1f |   1d |   1f |   1f |   1f |   1f |   0 |   00 |   00 | 000000 | 000000 | 000000 |   ff |   00 |    a |    0 | 00000000000000001401fe007fffff7e |
| 12 |   1f |   1d |   1f |   1f |   1f |   1f |   0 |   00 |   00 | 000000 | 000000 | 000000 |   ff |   00 |    a |    0 | 00000000000000001401fe007fffff7e |
| 13 |   1f |   1d |   1f |   1f |   1f |   1f |   0 |   00 |   00 | 000000 | 000000 | 000000 |   ff |   00 |    a |    0 | 00000000000000001401fe007fffff7e |
| 14 |   1f |   1d |   1f |   1f |   1f |   1f |   0 |   00 |   00 | 000000 | 000000 | 000000 |   ff |   00 |    a |    0 | 00000000000000001401fe007fffff7e |
| 15 |   1f |   1d |   1f |   1f |   1f |   1f |   0 |   00 |   00 | 000000 | 000000 | 000000 |   ff |   00 |    a |    0 | 00000000000000001401fe007fffff7e |
| 16 |   1f |   1d |   1f |   1f |   1f |   1f |   0 |   00 |   00 | 000000 | 000000 | 000000 |   ff |   00 |    a |    0 | 00000000000000001401fe007fffff7e |
| 17 |   1f |   1d |   1f |   1f |   1f |   1f |   0 |   00 |   00 | 000000 | 000000 | 000000 |   ff |   00 |    a |    0 | 00000000000000001401fe007fffff7e |
| 18 |   1f |   1d |   1f |   1f |   1f |   1f |   0 |   00 |   00 | 000000 | 000000 | 000000 |   ff |   00 |    a |    0 | 00000000000000001401fe007fffff7e |
| 19 |   1f |   1d |   1f |   1f |   1f |   1f |   0 |   00 |   00 | 000000 | 000000 | 000000 |   ff |   00 |    a |    0 | 00000000000000001401fe007fffff7e |
| 1a |   1f |   1d |   1f |   1f |   1f |   1f |   0 |   00 |   00 | 000000 | 000000 | 000000 |   ff |   00 |    a |    0 | 00000000000000001401fe007fffff7e |
| 1b |   1f |   1d |   1f |   1f |   1f |   1f |   0 |   00 |   00 | 000000 | 000000 | 000000 |   ff |   00 |    a |    0 | 00000000000000001401fe007fffff7e |
| 1c |   1f |   1d |   1f |   1f |   1f |   1f |   0 |   00 |   00 | 000000 | 000000 | 000000 |   ff |   00 |    a |    0 | 00000000000000001401fe007fffff7e |
| 1d |   1f |   1d |   1f |   1f |   1f |   1f |   0 |   00 |   00 | 000000 | 000000 | 000000 |   ff |   00 |    a |    0 | 00000000000000001401fe007fffff7e |
| 1e |   1f |   1d |   1f |   1f |   1f |   1f |   0 |   00 |   00 | 000000 | 000000 | 000000 |   ff |   00 |    a |    0 | 00000000000000001401fe007fffff7e |
| 1f |   1f |   1d |   1f |   1f |   1f |   1f |   0 |   00 |   00 | 000000 | 000000 | 000000 |   ff |   00 |    a |    0 | 00000000000000001401fe007fffff7e |
+----+------+------+------+------+------+------+-----+------+------+--------+--------+--------+------+------+------+------+----------------------------------+
