+----+------+------+------+------+------+------+-----+------+------+--------+--------+--------+------+------+------+------+----------------------------------+
| ST | Mux0 | Mux1 | Mux2 | Mux3 | Mux4 | Mux5 | Inc | JmpA | JmpB |   OutA |   OutB |    Out | CfgA | CfgB | CfgC | CfgD |                             STEW |
+----+------+------+------+------+------+------+-----+------+------+--------+--------+--------+------+------+------+------+----------------------------------+
|  0 |   02 |   16 |   10 |   08 |   11 |   1f |   0 |   01 |   06 | 000000 | 000000 | 000000 |   5a |   66 |    a |    0 | 000000000000000014ccb4137e288584 |
|  1 |   09 |   16 |   1f |   1f |   1f |   1f |   1 |   03 |   00 | 000000 | 000000 | 000000 |   aa |   00 |    a |    0 | 0000000000000000140154307ffffd93 |
|  2 |   1f |   16 |   1f |   1f |   1f |   1f |   0 |   04 |   00 | 002000 | 000000 | 000000 |   ff |   00 |    a |    0 | 00000000001000001401fe407ffffdbe |
|  3 |   1f |   16 |   1f |   1f |   1f |   1f |   0 |   04 |   00 | 020000 | 000000 | 000000 |   ff |   00 |    a |    0 | 00800000000000001401fe407ffffdbe |
|  4 |   1f |   16 |   1f |   1f |   1f |   1f |   0 |   05 |   00 | 000000 | 000000 | 000000 |   cc |   ff |    a |    0 | 000000000000000015ff98507ffffdbe |
|  5 |   1f |   16 |   1f |   1f |   1f |   1f |   0 |   00 |   00 | 000200 | 000000 | 000000 |   ff |   00 |    a |    0 | 00000800000000001401fe007ffffdbe |
|  6 |   1f |   16 |   1f |   1f |   1f |   1f |   0 |   00 |   00 | 001000 | 000000 | 000000 |   ff |   00 |    a |    0 | 00000000000200001401fe007ffffdbe |
|  7 |   1f |   16 |   1f |   1f |   1f |   1f |   0 |   00 |   00 | 000000 | 000000 | 000000 |   ff |   00 |    a |    0 | 00000000000000001401fe007ffffdbe |
|  8 |   1f |   16 |   1f |   1f |   1f |   1f |   0 |   00 |   00 | 000000 | 000000 | 000000 |   ff |   00 |    a |    0 | 00000000000000001401fe007ffffdbe |
|  9 |   1f |   16 |   1f |   1f |   1f |   1f |   0 |   00 |   00 | 000000 | 000000 | 000000 |   ff |   00 |    a |    0 | 00000000000000001401fe007ffffdbe |
|  a |   1f |   16 |   1f |   1f |   1f |   1f |   0 |   00 |   00 | 000000 | 000000 | 000000 |   ff |   00 |    a |    0 | 00000000000000001401fe007ffffdbe |
|  b |   1f |   16 |   1f |   1f |   1f |   1f |   0 |   00 |   00 | 000000 | 000000 | 000000 |   ff |   00 |    a |    0 | 00000000000000001401fe007ffffdbe |
|  c |   1f |   16 |   1f |   1f |   1f |   1f |   0 |   00 |   00 | 000000 | 000000 | 000000 |   ff |   00 |    a |    0 | 00000000000000001401fe007ffffdbe |
|  d |   1f |   16 |   1f |   1f |   1f |   1f |   0 |   00 |   00 | 000000 | 000000 | 000000 |   ff |   00 |    a |    0 | 00000000000000001401fe007ffffdbe |
|  e |   1f |   16 |   1f |   1f |   1f |   1f |   0 |   00 |   00 | 000000 | 000000 | 000000 |   ff |   00 |    a |    0 | 00000000000000001401fe007ffffdbe |
|  f |   1f |   16 |   1f |   1f |   1f |   1f |   0 |   00 |   00 | 000000 | 000000 | 000000 |   ff |   00 |    a |    0 | 00000000000000001401fe007ffffdbe |
| 10 |   1f |   16 |   1f |   1f |   1f |   1f |   0 |   00 |   00 | 000000 | 000000 | 000000 |   ff |   00 |    a |    0 | 00000000000000001401fe007ffffdbe |
| 11 |   1f |   16 |   1f |   1f |   1f |   1f |   0 |   00 |   00 | 000000 | 000000 | 000000 |   ff |   00 |    a |    0 | 00000000000000001401fe007ffffdbe |
| 12 |   1f |   16 |   1f |   1f |   1f |   1f |   0 |   00 |   00 | 000000 | 000000 | 000000 |   ff |   00 |    a |    0 | 00000000000000001401fe007ffffdbe |
| 13 |   1f |   16 |   1f |   1f |   1f |   1f |   0 |   00 |   00 | 000000 | 000000 | 000000 |   ff |   00 |    a |    0 | 00000000000000001401fe007ffffdbe |
| 14 |   1f |   16 |   1f |   1f |   1f |   1f |   0 |   00 |   00 | 000000 | 000000 | 000000 |   ff |   00 |    a |    0 | 00000000000000001401fe007ffffdbe |
| 15 |   1f |   16 |   1f |   1f |   1f |   1f |   0 |   00 |   00 | 000000 | 000000 | 000000 |   ff |   00 |    a |    0 | 00000000000000001401fe007ffffdbe |
| 16 |   1f |   16 |   1f |   1f |   1f |   1f |   0 |   00 |   00 | 000000 | 000000 | 000000 |   ff |   00 |    a |    0 | 00000000000000001401fe007ffffdbe |
| 17 |   1f |   16 |   1f |   1f |   1f |   1f |   0 |   00 |   00 | 000000 | 000000 | 000000 |   ff |   00 |    a |    0 | 00000000000000001401fe007ffffdbe |
| 18 |   1f |   16 |   1f |   1f |   1f |   1f |   0 |   00 |   00 | 000000 | 000000 | 000000 |   ff |   00 |    a |    0 | 00000000000000001401fe007ffffdbe |
| 19 |   1f |   16 |   1f |   1f |   1f |   1f |   0 |   00 |   00 | 000000 | 000000 | 000000 |   ff |   00 |    a |    0 | 00000000000000001401fe007ffffdbe |
| 1a |   1f |   16 |   1f |   1f |   1f |   1f |   0 |   00 |   00 | 000000 | 000000 | 000000 |   ff |   00 |    a |    0 | 00000000000000001401fe007ffffdbe |
| 1b |   1f |   16 |   1f |   1f |   1f |   1f |   0 |   00 |   00 | 000000 | 000000 | 000000 |   ff |   00 |    a |    0 | 00000000000000001401fe007ffffdbe |
| 1c |   1f |   16 |   1f |   1f |   1f |   1f |   0 |   00 |   00 | 000000 | 000000 | 000000 |   ff |   00 |    a |    0 | 00000000000000001401fe007ffffdbe |
| 1d |   1f |   16 |   1f |   1f |   1f |   1f |   0 |   00 |   00 | 000000 | 000000 | 000000 |   ff |   00 |    a |    0 | 00000000000000001401fe007ffffdbe |
| 1e |   1f |   16 |   1f |   1f |   1f |   1f |   0 |   00 |   00 | 000000 | 000000 | 000000 |   ff |   00 |    a |    0 | 00000000000000001401fe007ffffdbe |
| 1f |   1f |   16 |   1f |   1f |   1f |   1f |   0 |   00 |   00 | 000000 | 000000 | 000000 |   ff |   00 |    a |    0 | 00000000000000001401fe007ffffdbe |
+----+------+------+------+------+------+------+-----+------+------+--------+--------+--------+------+------+------+------+----------------------------------+
