+----+------+------+------+------+------+------+-----+------+------+--------+--------+--------+------+------+------+------+----------------------------------+
| ST | Mux0 | Mux1 | Mux2 | Mux3 | Mux4 | Mux5 | Inc | JmpA | JmpB |   OutA |   OutB |    Out | CfgA | CfgB | CfgC | CfgD |                             STEW |
+----+------+------+------+------+------+------+-----+------+------+--------+--------+--------+------+------+------+------+----------------------------------+
|  0 |   00 |   10 |   08 |   00 |   10 |   1f |   0 |   01 |   00 | 000000 | 000000 | 000000 |   42 |   66 |    0 |    0 | 000000000000000000cc84107e004400 |
|  1 |   09 |   1f |   1f |   09 |   1f |   1f |   0 |   03 |   02 | 000000 | 000600 | 000000 |   aa |   55 |    0 |    0 | 000090000000000000ab54317fe9ffd2 |
|  2 |   15 |   1f |   1f |   0b |   1f |   1f |   0 |   00 |   02 | 144000 | 140620 | 140000 |   aa |   aa |    0 |    0 | fc00900000808000015554017febffea |
|  3 |   1a |   1f |   1f |   1f |   1f |   1f |   0 |   04 |   00 | 0480a0 | 044000 | 000000 |   55 |   ff |    0 |    0 | 0c0000200500400001feaa407ffffff4 |
|  4 |   0a |   1f |   0e |   0a |   1f |   1f |   0 |   03 |   04 | 040040 | 0401c0 | 040040 |   a0 |   aa |    0 |    0 | 1c00025c00000000015540327fea77d4 |
|  5 |   1f |   1f |   1f |   1f |   1f |   1f |   0 |   00 |   00 | 000000 | 000000 | 000000 |   ff |   00 |    0 |    0 | 00000000000000000001fe007ffffffe |
|  6 |   1f |   1f |   1f |   1f |   1f |   1f |   0 |   00 |   00 | 000000 | 000000 | 000000 |   ff |   00 |    0 |    0 | 00000000000000000001fe007ffffffe |
|  7 |   1f |   1f |   1f |   1f |   1f |   1f |   0 |   00 |   00 | 000000 | 000000 | 000000 |   ff |   00 |    0 |    0 | 00000000000000000001fe007ffffffe |
|  8 |   1f |   1f |   1f |   1f |   1f |   1f |   0 |   00 |   00 | 000000 | 000000 | 000000 |   ff |   00 |    0 |    0 | 00000000000000000001fe007ffffffe |
|  9 |   1f |   1f |   1f |   1f |   1f |   1f |   0 |   00 |   00 | 000000 | 000000 | 000000 |   ff |   00 |    0 |    0 | 00000000000000000001fe007ffffffe |
|  a |   1f |   1f |   1f |   1f |   1f |   1f |   0 |   00 |   00 | 000000 | 000000 | 000000 |   ff |   00 |    0 |    0 | 00000000000000000001fe007ffffffe |
|  b |   1f |   1f |   1f |   1f |   1f |   1f |   0 |   00 |   00 | 000000 | 000000 | 000000 |   ff |   00 |    0 |    0 | 00000000000000000001fe007ffffffe |
|  c |   1f |   1f |   1f |   1f |   1f |   1f |   0 |   00 |   00 | 000000 | 000000 | 000000 |   ff |   00 |    0 |    0 | 00000000000000000001fe007ffffffe |
|  d |   1f |   1f |   1f |   1f |   1f |   1f |   0 |   00 |   00 | 000000 | 000000 | 000000 |   ff |   00 |    0 |    0 | 00000000000000000001fe007ffffffe |
|  e |   1f |   1f |   1f |   1f |   1f |   1f |   0 |   00 |   00 | 000000 | 000000 | 000000 |   ff |   00 |    0 |    0 | 00000000000000000001fe007ffffffe |
|  f |   1f |   1f |   1f |   1f |   1f |   1f |   0 |   00 |   00 | 000000 | 000000 | 000000 |   ff |   00 |    0 |    0 | 00000000000000000001fe007ffffffe |
| 10 |   1f |   1f |   1f |   1f |   1f |   1f |   0 |   00 |   00 | 000000 | 000000 | 000000 |   ff |   00 |    0 |    0 | 00000000000000000001fe007ffffffe |
| 11 |   1f |   1f |   1f |   1f |   1f |   1f |   0 |   00 |   00 | 000000 | 000000 | 000000 |   ff |   00 |    0 |    0 | 00000000000000000001fe007ffffffe |
| 12 |   1f |   1f |   1f |   1f |   1f |   1f |   0 |   00 |   00 | 000000 | 000000 | 000000 |   ff |   00 |    0 |    0 | 00000000000000000001fe007ffffffe |
| 13 |   1f |   1f |   1f |   1f |   1f |   1f |   0 |   00 |   00 | 000000 | 000000 | 000000 |   ff |   00 |    0 |    0 | 00000000000000000001fe007ffffffe |
| 14 |   1f |   1f |   1f |   1f |   1f |   1f |   0 |   00 |   00 | 000000 | 000000 | 000000 |   ff |   00 |    0 |    0 | 00000000000000000001fe007ffffffe |
| 15 |   1f |   1f |   1f |   1f |   1f |   1f |   0 |   00 |   00 | 000000 | 000000 | 000000 |   ff |   00 |    0 |    0 | 00000000000000000001fe007ffffffe |
| 16 |   1f |   1f |   1f |   1f |   1f |   1f |   0 |   00 |   00 | 000000 | 000000 | 000000 |   ff |   00 |    0 |    0 | 00000000000000000001fe007ffffffe |
| 17 |   1f |   1f |   1f |   1f |   1f |   1f |   0 |   00 |   00 | 000000 | 000000 | 000000 |   ff |   00 |    0 |    0 | 00000000000000000001fe007ffffffe |
| 18 |   1f |   1f |   1f |   1f |   1f |   1f |   0 |   00 |   00 | 000000 | 000000 | 000000 |   ff |   00 |    0 |    0 | 00000000000000000001fe007ffffffe |
| 19 |   1f |   1f |   1f |   1f |   1f |   1f |   0 |   00 |   00 | 000000 | 000000 | 000000 |   ff |   00 |    0 |    0 | 00000000000000000001fe007ffffffe |
| 1a |   1f |   1f |   1f |   1f |   1f |   1f |   0 |   00 |   00 | 000000 | 000000 | 000000 |   ff |   00 |    0 |    0 | 00000000000000000001fe007ffffffe |
| 1b |   1f |   1f |   1f |   1f |   1f |   1f |   0 |   00 |   00 | 000000 | 000000 | 000000 |   ff |   00 |    0 |    0 | 00000000000000000001fe007ffffffe |
| 1c |   1f |   1f |   1f |   1f |   1f |   1f |   0 |   00 |   00 | 000000 | 000000 | 000000 |   ff |   00 |    0 |    0 | 00000000000000000001fe007ffffffe |
| 1d |   1f |   1f |   1f |   1f |   1f |   1f |   0 |   00 |   00 | 000000 | 000000 | 000000 |   ff |   00 |    0 |    0 | 00000000000000000001fe007ffffffe |
| 1e |   1f |   1f |   1f |   1f |   1f |   1f |   0 |   00 |   00 | 000000 | 000000 | 000000 |   ff |   00 |    0 |    0 | 00000000000000000001fe007ffffffe |
| 1f |   1f |   1f |   1f |   1f |   1f |   1f |   0 |   00 |   00 | 000000 | 000000 | 000000 |   ff |   00 |    0 |    0 | 00000000000000000001fe007ffffffe |
+----+------+------+------+------+------+------+-----+------+------+--------+--------+--------+------+------+------+------+----------------------------------+
