+----+------+------+------+------+------+------+-----+------+------+--------+--------+--------+------+------+------+------+----------------------------------+
| ST | Mux0 | Mux1 | Mux2 | Mux3 | Mux4 | Mux5 | Inc | JmpA | JmpB |   OutA |   OutB |    Out | CfgA | CfgB | CfgC | CfgD |                             STEW |
+----+------+------+------+------+------+------+-----+------+------+--------+--------+--------+------+------+------+------+----------------------------------+
|  0 |   08 |   1f |   11 |   1f |   1f |   1f |   0 |   01 |   00 | 0010f8 | 000000 | 000040 |   5a |   00 |    0 |    0 | 00000034000248002000b4107fff8fd0 |
|  1 |   03 |   0a |   07 |   0a |   1f |   1f |   0 |   0c |   02 | 050050 | 000040 | 000040 |   40 |   aa |    0 |    f | 0410001f00000003215480c17fea3a86 |
|  2 |   1f |   1f |   1f |   0d |   0e |   1d |   1 |   01 |   05 | 000140 | 002040 | 000040 |   fe |   54 |    0 |    0 | 0000011c0020000000a9fc12f5cdffff |
|  3 |   0d |   1d |   0e |   0d |   1f |   1f |   1 |   07 |   01 | 000040 | 000940 | 000040 |   a8 |   aa |    0 |    0 | 0004021c0000000001555070ffed775b |
|  4 |   03 |   1f |   1f |   03 |   1f |   1f |   0 |   01 |   01 | 002940 | 002940 | 000040 |   aa |   55 |    0 |    0 | 0006031c0030000000ab5410ffe3ffc6 |
|  5 |   1d |   1f |   1f |   1d |   1f |   1f |   0 |   01 |   06 | 120858 | 000040 | 000040 |   aa |   55 |    0 |    f | 2082001f0000080320ab54137ffdfffa |
|  6 |   03 |   1f |   1f |   03 |   1f |   1f |   0 |   01 |   01 | 000860 | 000860 | 000040 |   aa |   55 |    0 |    0 | 0006001c0000c00000ab5410ffe3ffc6 |
|  7 |   1d |   1f |   1f |   1d |   1f |   1f |   0 |   08 |   01 | 050050 | 020840 | 000040 |   aa |   55 |    0 |    0 | 0514001c0000000020ab5480fffdfffa |
|  8 |   0a |   1f |   1e |   0a |   1e |   1f |   0 |   08 |   09 | 050040 | 140848 | 000040 |   a0 |   22 |    0 |    0 | 4c14001c0000100000454084ffcaf7d4 |
|  9 |   0a |   03 |   1f |   1f |   1f |   1f |   0 |   0a |   00 | 000050 | 000000 | 000040 |   aa |   00 |    5 |    0 | 00000014000000002a0154a07ffff8d4 |
|  a |   0a |   1f |   1f |   1f |   1f |   1f |   0 |   0b |   00 | 000840 | 000000 | 000040 |   aa |   00 |    0 |    0 | 0002001400000000000154b07fffffd4 |
|  b |   1d |   1f |   1f |   1d |   1f |   1f |   0 |   0c |   0a | 000040 | 000040 | 000040 |   aa |   55 |    0 |    0 | 0000001c0000000000ab54c57ffdfffa |
|  c |   0a |   1f |   1e |   1e |   1f |   1f |   0 |   0c |   00 | 050040 | 004040 | 000040 |   a0 |   55 |    0 |    0 | 0410001c0100000000ab40c07ffef7d4 |
|  d |   1f |   1f |   1f |   1f |   1f |   1f |   0 |   00 |   00 | 000040 | 000000 | 000000 |   ff |   00 |    0 |    0 | 00000004000000000001fe007ffffffe |
|  e |   1f |   1f |   1f |   1f |   1f |   1f |   0 |   00 |   00 | 000040 | 000000 | 000000 |   ff |   00 |    0 |    0 | 00000004000000000001fe007ffffffe |
|  f |   1f |   1f |   1f |   1f |   1f |   1f |   0 |   00 |   00 | 000040 | 000000 | 000000 |   ff |   00 |    0 |    0 | 00000004000000000001fe007ffffffe |
| 10 |   1f |   1f |   1f |   1f |   1f |   1f |   0 |   00 |   00 | 000040 | 000000 | 000000 |   ff |   00 |    0 |    0 | 00000004000000000001fe007ffffffe |
| 11 |   1f |   1f |   1f |   1f |   1f |   1f |   0 |   00 |   00 | 000040 | 000000 | 000000 |   ff |   00 |    0 |    0 | 00000004000000000001fe007ffffffe |
| 12 |   1f |   1f |   1f |   1f |   1f |   1f |   0 |   00 |   00 | 000040 | 000000 | 000000 |   ff |   00 |    0 |    0 | 00000004000000000001fe007ffffffe |
| 13 |   1f |   1f |   1f |   1f |   1f |   1f |   0 |   00 |   00 | 000040 | 000000 | 000000 |   ff |   00 |    0 |    0 | 00000004000000000001fe007ffffffe |
| 14 |   1f |   1f |   1f |   1f |   1f |   1f |   0 |   00 |   00 | 000040 | 000000 | 000000 |   ff |   00 |    0 |    0 | 00000004000000000001fe007ffffffe |
| 15 |   1f |   1f |   1f |   1f |   1f |   1f |   0 |   00 |   00 | 000040 | 000000 | 000000 |   ff |   00 |    0 |    0 | 00000004000000000001fe007ffffffe |
| 16 |   1f |   1f |   1f |   1f |   1f |   1f |   0 |   00 |   00 | 000040 | 000000 | 000000 |   ff |   00 |    0 |    0 | 00000004000000000001fe007ffffffe |
| 17 |   1f |   1f |   1f |   1f |   1f |   1f |   0 |   00 |   00 | 000040 | 000000 | 000000 |   ff |   00 |    0 |    0 | 00000004000000000001fe007ffffffe |
| 18 |   1f |   1f |   1f |   1f |   1f |   1f |   0 |   00 |   00 | 000040 | 000000 | 000000 |   ff |   00 |    0 |    0 | 00000004000000000001fe007ffffffe |
| 19 |   1f |   1f |   1f |   1f |   1f |   1f |   0 |   00 |   00 | 000040 | 000000 | 000000 |   ff |   00 |    0 |    0 | 00000004000000000001fe007ffffffe |
| 1a |   1f |   1f |   1f |   1f |   1f |   1f |   0 |   00 |   00 | 000040 | 000000 | 000000 |   ff |   00 |    0 |    0 | 00000004000000000001fe007ffffffe |
| 1b |   1f |   1f |   1f |   1f |   1f |   1f |   0 |   00 |   00 | 000040 | 000000 | 000000 |   ff |   00 |    0 |    0 | 00000004000000000001fe007ffffffe |
| 1c |   1f |   1f |   1f |   1f |   1f |   1f |   0 |   00 |   00 | 000040 | 000000 | 000000 |   ff |   00 |    0 |    0 | 00000004000000000001fe007ffffffe |
| 1d |   1f |   1f |   1f |   1f |   1f |   1f |   0 |   00 |   00 | 000040 | 000000 | 000000 |   ff |   00 |    0 |    0 | 00000004000000000001fe007ffffffe |
| 1e |   1f |   1f |   1f |   1f |   1f |   1f |   0 |   00 |   00 | 000040 | 000000 | 000000 |   ff |   00 |    0 |    0 | 00000004000000000001fe007ffffffe |
| 1f |   1f |   1f |   1f |   1f |   1f |   1f |   0 |   00 |   00 | 000040 | 000000 | 000000 |   ff |   00 |    0 |    0 | 00000004000000000001fe007ffffffe |
+----+------+------+------+------+------+------+-----+------+------+--------+--------+--------+------+------+------+------+----------------------------------+
