+----+------+------+------+------+------+------+-----+------+------+--------+--------+--------+------+------+------+------+----------------------------------+
| ST | Mux0 | Mux1 | Mux2 | Mux3 | Mux4 | Mux5 | Inc | JmpA | JmpB |   OutA |   OutB |    Out | CfgA | CfgB | CfgC | CfgD |                             STEW |
+----+------+------+------+------+------+------+-----+------+------+--------+--------+--------+------+------+------+------+----------------------------------+
|  0 |   02 |   1f |   1f |   1f |   1f |   1f |   0 |   01 |   00 | 000000 | 000000 | 000000 |   55 |   00 |    0 |    0 | 00000000000000000000aa107fffffc4 |
|  1 |   02 |   1f |   03 |   02 |   03 |   1f |   0 |   02 |   03 | 000000 | 000000 | 000000 |   a0 |   22 |    0 |    0 | 000000000000000000454021fc621fc4 |
|  2 |   0b |   1f |   1f |   0b |   1f |   1f |   0 |   05 |   04 | 000000 | 002300 | 000000 |   aa |   55 |    f |    0 | 00001200002000001eab54527febffd6 |
|  3 |   0b |   1f |   1f |   0b |   1f |   1f |   0 |   00 |   04 | 000600 | 002700 | 000000 |   aa |   55 |    0 |    0 | 0000da000020000000ab54027febffd6 |
|  4 |   02 |   0e |   0d |   02 |   0d |   0e |   0 |   01 |   01 | 000820 | 000000 | 000000 |   40 |   15 |    0 |    0 | 0002000000004000002a8010b9a26b84 |
|  5 |   02 |   1f |   1f |   1f |   1f |   1f |   0 |   06 |   00 | 000000 | 000000 | 000000 |   55 |   00 |    0 |    0 | 00000000000000000000aa607fffffc4 |
|  6 |   02 |   1f |   03 |   02 |   03 |   1f |   0 |   07 |   09 | 000000 | 000000 | 000000 |   0a |   88 |    0 |    0 | 000000000000000001101474fc621fc4 |
|  7 |   0d |   0c |   1d |   0d |   1d |   1f |   0 |   08 |   00 | 000000 | 011618 | 000000 |   a0 |   77 |    a |    f | 002090030004100354ef40807fadeb1a |
|  8 |   02 |   16 |   1f |   02 |   1f |   1f |   0 |   00 |   00 | 015618 | 015618 | 000000 |   aa |   55 |    a |    f | 0030d8030186180374ab54007fe2fd84 |
|  9 |   0d |   1f |   1d |   0d |   1d |   1f |   0 |   00 |   00 | 004010 | 010008 | 000000 |   a0 |   77 |    0 |    0 | 002000000080100020ef40007fadefda |
|  a |   1f |   1f |   1f |   1f |   1f |   1f |   0 |   00 |   00 | 000000 | 000000 | 000000 |   ff |   00 |    0 |    0 | 00000000000000000001fe007ffffffe |
|  b |   1f |   1f |   1f |   1f |   1f |   1f |   0 |   00 |   00 | 000000 | 000000 | 000000 |   ff |   00 |    0 |    0 | 00000000000000000001fe007ffffffe |
|  c |   1f |   1f |   1f |   1f |   1f |   1f |   0 |   00 |   00 | 000000 | 000000 | 000000 |   ff |   00 |    0 |    0 | 00000000000000000001fe007ffffffe |
|  d |   1f |   1f |   1f |   1f |   1f |   1f |   0 |   00 |   00 | 000000 | 000000 | 000000 |   ff |   00 |    0 |    0 | 00000000000000000001fe007ffffffe |
|  e |   1f |   1f |   1f |   1f |   1f |   1f |   0 |   00 |   00 | 000000 | 000000 | 000000 |   ff |   00 |    0 |    0 | 00000000000000000001fe007ffffffe |
|  f |   1f |   1f |   1f |   1f |   1f |   1f |   0 |   00 |   00 | 000000 | 000000 | 000000 |   ff |   00 |    0 |    0 | 00000000000000000001fe007ffffffe |
| 10 |   1f |   1f |   1f |   1f |   1f |   1f |   0 |   00 |   00 | 000000 | 000000 | 000000 |   ff |   00 |    0 |    0 | 00000000000000000001fe007ffffffe |
| 11 |   1f |   1f |   1f |   1f |   1f |   1f |   0 |   00 |   00 | 000000 | 000000 | 000000 |   ff |   00 |    0 |    0 | 00000000000000000001fe007ffffffe |
| 12 |   1f |   1f |   1f |   1f |   1f |   1f |   0 |   00 |   00 | 000000 | 000000 | 000000 |   ff |   00 |    0 |    0 | 00000000000000000001fe007ffffffe |
| 13 |   1f |   1f |   1f |   1f |   1f |   1f |   0 |   00 |   00 | 000000 | 000000 | 000000 |   ff |   00 |    0 |    0 | 00000000000000000001fe007ffffffe |
| 14 |   1f |   1f |   1f |   1f |   1f |   1f |   0 |   00 |   00 | 000000 | 000000 | 000000 |   ff |   00 |    0 |    0 | 00000000000000000001fe007ffffffe |
| 15 |   1f |   1f |   1f |   1f |   1f |   1f |   0 |   00 |   00 | 000000 | 000000 | 000000 |   ff |   00 |    0 |    0 | 00000000000000000001fe007ffffffe |
| 16 |   1f |   1f |   1f |   1f |   1f |   1f |   0 |   00 |   00 | 000000 | 000000 | 000000 |   ff |   00 |    0 |    0 | 00000000000000000001fe007ffffffe |
| 17 |   1f |   1f |   1f |   1f |   1f |   1f |   0 |   00 |   00 | 000000 | 000000 | 000000 |   ff |   00 |    0 |    0 | 00000000000000000001fe007ffffffe |
| 18 |   1f |   1f |   1f |   1f |   1f |   1f |   0 |   00 |   00 | 000000 | 000000 | 000000 |   ff |   00 |    0 |    0 | 00000000000000000001fe007ffffffe |
| 19 |   1f |   1f |   1f |   1f |   1f |   1f |   0 |   00 |   00 | 000000 | 000000 | 000000 |   ff |   00 |    0 |    0 | 00000000000000000001fe007ffffffe |
| 1a |   1f |   1f |   1f |   1f |   1f |   1f |   0 |   00 |   00 | 000000 | 000000 | 000000 |   ff |   00 |    0 |    0 | 00000000000000000001fe007ffffffe |
| 1b |   1f |   1f |   1f |   1f |   1f |   1f |   0 |   00 |   00 | 000000 | 000000 | 000000 |   ff |   00 |    0 |    0 | 00000000000000000001fe007ffffffe |
| 1c |   1f |   1f |   1f |   1f |   1f |   1f |   0 |   00 |   00 | 000000 | 000000 | 000000 |   ff |   00 |    0 |    0 | 00000000000000000001fe007ffffffe |
| 1d |   1f |   1f |   1f |   1f |   1f |   1f |   0 |   00 |   00 | 000000 | 000000 | 000000 |   ff |   00 |    0 |    0 | 00000000000000000001fe007ffffffe |
| 1e |   1f |   1f |   1f |   1f |   1f |   1f |   0 |   00 |   00 | 000000 | 000000 | 000000 |   ff |   00 |    0 |    0 | 00000000000000000001fe007ffffffe |
| 1f |   1f |   1f |   1f |   1f |   1f |   1f |   0 |   00 |   00 | 000000 | 000000 | 000000 |   ff |   00 |    0 |    0 | 00000000000000000001fe007ffffffe |
+----+------+------+------+------+------+------+-----+------+------+--------+--------+--------+------+------+------+------+----------------------------------+
