+----+------+------+------+------+------+------+-----+------+------+--------+--------+--------+------+------+------+------+----------------------------------+
| ST | Mux0 | Mux1 | Mux2 | Mux3 | Mux4 | Mux5 | Inc | JmpA | JmpB |   OutA |   OutB |    Out | CfgA | CfgB | CfgC | CfgD |                             STEW |
+----+------+------+------+------+------+------+-----+------+------+--------+--------+--------+------+------+------+------+----------------------------------+
|  0 |   08 |   1f |   1f |   1f |   1f |   1f |   0 |   01 |   00 | 000000 | 000000 | 000000 |   aa |   00 |    0 |    0 | 0000000000000000000154107fffffd0 |
|  1 |   1f |   1f |   1f |   1f |   1f |   1f |   0 |   02 |   00 | 010000 | 000000 | 000000 |   ff |   00 |    0 |    0 | 00100000000000000001fe207ffffffe |
|  2 |   1f |   1f |   1f |   1f |   1f |   1f |   0 |   03 |   00 | 000220 | 000000 | 000000 |   ff |   00 |    0 |    0 | 00000800000040000001fe307ffffffe |
|  3 |   1f |   1f |   1f |   1f |   1f |   1f |   0 |   04 |   00 | 050000 | 000000 | 000000 |   ff |   00 |    0 |    0 | 04100000000000000001fe407ffffffe |
|  4 |   1f |   1f |   1f |   1f |   1f |   1f |   0 |   05 |   00 | 000220 | 000000 | 000000 |   ff |   00 |    0 |    0 | 00000800000040000001fe507ffffffe |
|  5 |   1f |   1f |   1f |   1f |   1f |   1f |   0 |   06 |   00 | 050000 | 000000 | 000000 |   ff |   00 |    0 |    0 | 04100000000000000001fe607ffffffe |
|  6 |   1f |   1f |   1f |   1f |   1f |   1f |   0 |   07 |   00 | 000220 | 000000 | 000000 |   ff |   00 |    0 |    0 | 00000800000040000001fe707ffffffe |
|  7 |   1f |   1f |   1f |   1f |   1f |   1f |   0 |   08 |   00 | 110000 | 000000 | 000000 |   ff |   00 |    0 |    0 | 20100000000000000001fe807ffffffe |
|  8 |   1f |   1f |   1f |   1f |   1f |   1f |   0 |   09 |   00 | 000220 | 000000 | 000000 |   ff |   00 |    0 |    0 | 00000800000040000001fe907ffffffe |
|  9 |   1f |   1f |   1f |   1f |   1f |   1f |   0 |   0a |   00 | 150000 | 000000 | 000000 |   ff |   00 |    0 |    0 | 24100000000000000001fea07ffffffe |
|  a |   1f |   1f |   1f |   1f |   1f |   1f |   0 |   0b |   00 | 000220 | 000000 | 000000 |   ff |   00 |    0 |    0 | 00000800000040000001feb07ffffffe |
|  b |   1f |   1f |   1f |   1f |   1f |   1f |   0 |   0c |   00 | 050000 | 000000 | 000000 |   ff |   00 |    0 |    0 | 04100000000000000001fec07ffffffe |
|  c |   1f |   1f |   1f |   1f |   1f |   1f |   0 |   0d |   00 | 000220 | 000000 | 000000 |   ff |   00 |    0 |    0 | 00000800000040000001fed07ffffffe |
|  d |   08 |   1f |   1f |   1f |   1f |   1f |   0 |   00 |   00 | 000000 | 000000 | 000000 |   55 |   00 |    0 |    0 | 00000000000000000000aa007fffffd0 |
|  e |   1f |   1f |   1f |   1f |   1f |   1f |   0 |   00 |   00 | 000000 | 000000 | 000000 |   ff |   00 |    0 |    0 | 00000000000000000001fe007ffffffe |
|  f |   1f |   1f |   1f |   1f |   1f |   1f |   0 |   00 |   00 | 000000 | 000000 | 000000 |   ff |   00 |    0 |    0 | 00000000000000000001fe007ffffffe |
| 10 |   1f |   1f |   1f |   1f |   1f |   1f |   0 |   00 |   00 | 000000 | 000000 | 000000 |   ff |   00 |    0 |    0 | 00000000000000000001fe007ffffffe |
| 11 |   1f |   1f |   1f |   1f |   1f |   1f |   0 |   00 |   00 | 000000 | 000000 | 000000 |   ff |   00 |    0 |    0 | 00000000000000000001fe007ffffffe |
| 12 |   1f |   1f |   1f |   1f |   1f |   1f |   0 |   00 |   00 | 000000 | 000000 | 000000 |   ff |   00 |    0 |    0 | 00000000000000000001fe007ffffffe |
| 13 |   1f |   1f |   1f |   1f |   1f |   1f |   0 |   00 |   00 | 000000 | 000000 | 000000 |   ff |   00 |    0 |    0 | 00000000000000000001fe007ffffffe |
| 14 |   1f |   1f |   1f |   1f |   1f |   1f |   0 |   00 |   00 | 000000 | 000000 | 000000 |   ff |   00 |    0 |    0 | 00000000000000000001fe007ffffffe |
| 15 |   1f |   1f |   1f |   1f |   1f |   1f |   0 |   00 |   00 | 000000 | 000000 | 000000 |   ff |   00 |    0 |    0 | 00000000000000000001fe007ffffffe |
| 16 |   1f |   1f |   1f |   1f |   1f |   1f |   0 |   00 |   00 | 000000 | 000000 | 000000 |   ff |   00 |    0 |    0 | 00000000000000000001fe007ffffffe |
| 17 |   1f |   1f |   1f |   1f |   1f |   1f |   0 |   00 |   00 | 000000 | 000000 | 000000 |   ff |   00 |    0 |    0 | 00000000000000000001fe007ffffffe |
| 18 |   1f |   1f |   1f |   1f |   1f |   1f |   0 |   00 |   00 | 000000 | 000000 | 000000 |   ff |   00 |    0 |    0 | 00000000000000000001fe007ffffffe |
| 19 |   1f |   1f |   1f |   1f |   1f |   1f |   0 |   00 |   00 | 000000 | 000000 | 000000 |   ff |   00 |    0 |    0 | 00000000000000000001fe007ffffffe |
| 1a |   1f |   1f |   1f |   1f |   1f |   1f |   0 |   00 |   00 | 000000 | 000000 | 000000 |   ff |   00 |    0 |    0 | 00000000000000000001fe007ffffffe |
| 1b |   1f |   1f |   1f |   1f |   1f |   1f |   0 |   00 |   00 | 000000 | 000000 | 000000 |   ff |   00 |    0 |    0 | 00000000000000000001fe007ffffffe |
| 1c |   1f |   1f |   1f |   1f |   1f |   1f |   0 |   00 |   00 | 000000 | 000000 | 000000 |   ff |   00 |    0 |    0 | 00000000000000000001fe007ffffffe |
| 1d |   1f |   1f |   1f |   1f |   1f |   1f |   0 |   00 |   00 | 000000 | 000000 | 000000 |   ff |   00 |    0 |    0 | 00000000000000000001fe007ffffffe |
| 1e |   1f |   1f |   1f |   1f |   1f |   1f |   0 |   00 |   00 | 000000 | 000000 | 000000 |   ff |   00 |    0 |    0 | 00000000000000000001fe007ffffffe |
| 1f |   1f |   1f |   1f |   1f |   1f |   1f |   0 |   00 |   00 | 000000 | 000000 | 000000 |   ff |   00 |    0 |    0 | 00000000000000000001fe007ffffffe |
+----+------+------+------+------+------+------+-----+------+------+--------+--------+--------+------+------+------+------+----------------------------------+
