+----+------+------+------+------+------+------+-----+------+------+--------+--------+--------+------+------+------+------+----------------------------------+
| ST | Mux0 | Mux1 | Mux2 | Mux3 | Mux4 | Mux5 | Inc | JmpA | JmpB |   OutA |   OutB |    Out | CfgA | CfgB | CfgC | CfgD |                             STEW |
+----+------+------+------+------+------+------+-----+------+------+--------+--------+--------+------+------+------+------+----------------------------------+
|  0 |   08 |   1f |   10 |   1f |   1f |   1f |   0 |   01 |   00 | 00001b | 000000 | 000003 |   5a |   00 |    0 |    0 | 00000000000008b42000b4107fff87d0 |
|  1 |   1a |   1f |   1f |   1a |   1f |   1f |   0 |   13 |   02 | 000003 | 0080a3 | 000003 |   aa |   55 |    0 |    0 | 00000040080080fc00ab55317ffafff4 |
|  2 |   0a |   1f |   1d |   0a |   1f |   1f |   0 |   04 |   03 | 0000c2 | 0000c2 | 000042 |   a0 |   aa |    0 |    0 | 0000007c000000e001554041ffeaefd4 |
|  3 |   0a |   1f |   0e |   0a |   1f |   1f |   0 |   01 |   02 | 000943 | 0009c3 | 000043 |   a0 |   aa |    0 |    0 | 0006035c000000fc015540117fea77d4 |
|  4 |   0a |   1f |   1f |   1f |   1f |   1f |   0 |   05 |   00 | 000043 | 000000 | 000043 |   aa |   00 |    0 |    0 | 00000014000000b4000154507fffffd4 |
|  5 |   0b |   1f |   0c |   0b |   0c |   1f |   0 |   13 |   07 | 000003 | 000083 | 000003 |   f5 |   22 |    0 |    0 | 00000040000000fc0045eb33fd8b67d6 |
|  6 |   0a |   1f |   1f |   1f |   1f |   1f |   0 |   07 |   00 | 0000c1 | 000000 | 000041 |   aa |   00 |    0 |    0 | 0000003400000014000154707fffffd4 |
|  7 |   0a |   1f |   1f |   1f |   1f |   1f |   0 |   08 |   00 | 0000c0 | 000000 | 000040 |   aa |   00 |    0 |    0 | 0000003400000000000154807fffffd4 |
|  8 |   0a |   1f |   1f |   1f |   1f |   1f |   0 |   09 |   00 | 000041 | 000000 | 000041 |   aa |   00 |    0 |    0 | 0000001400000014000154907fffffd4 |
|  9 |   0c |   1f |   1f |   0c |   1f |   1f |   0 |   0b |   0a | 110889 | 000001 | 000001 |   55 |   aa |    0 |    0 | 201200200000081c0154aab57fecffd8 |
|  a |   0d |   1f |   1f |   0d |   1f |   1f |   0 |   01 |   13 | 140809 | 000001 | 000001 |   aa |   55 |    0 |    0 | 240200000000081c00ab5419ffedffda |
|  b |   0a |   1f |   0e |   0a |   1f |   1f |   0 |   0c |   0d | 0009c0 | 0009c0 | 000040 |   a0 |   aa |    0 |    0 | 0006037c00000000015540c6ffea77d4 |
|  c |   1f |   1f |   1f |   1f |   1f |   1f |   0 |   0d |   00 | 010021 | 000000 | 000000 |   ff |   00 |    0 |    0 | 00100000000040040001fed07ffffffe |
|  d |   0a |   1f |   1d |   0a |   1f |   1f |   0 |   0e |   0b | 0000c1 | 0000c1 | 000041 |   a0 |   aa |    0 |    0 | 0000007c0000001c015540e5ffeaefd4 |
|  e |   0a |   1f |   1f |   1f |   1f |   1f |   0 |   0f |   00 | 0001c0 | 000000 | 000040 |   aa |   00 |    0 |    0 | 0000013400000000000154f07fffffd4 |
|  f |   1f |   1f |   1f |   1f |   1f |   1f |   0 |   10 |   00 | 000021 | 000000 | 000000 |   ff |   00 |    0 |    0 | 00000000000040040001ff007ffffffe |
| 10 |   0c |   1f |   1f |   0c |   1f |   1f |   0 |   06 |   11 | 000001 | 000001 | 000001 |   aa |   55 |    0 |    0 | 000000000000001c00ab5468ffecffd8 |
| 11 |   11 |   13 |   12 |   11 |   12 |   13 |   0 |   12 |   06 | 000001 | 000011 | 000001 |   02 |   fd |    f |    0 | 000000000000001c5ffa05234e5194e2 |
| 12 |   09 |   1f |   1f |   09 |   1f |   1f |   0 |   0d |   06 | 150819 | 000011 | 000001 |   aa |   55 |    f |    5 | 241200010000081d7eab54d37fe9ffd2 |
| 13 |   1f |   1f |   1f |   1f |   1f |   1f |   0 |   00 |   00 | 054003 | 000000 | 000000 |   ff |   00 |    0 |    0 | 04100000008000240001fe007ffffffe |
| 14 |   1f |   1f |   1f |   1f |   1f |   1f |   0 |   00 |   00 | 000001 | 000000 | 000000 |   ff |   00 |    0 |    0 | 00000000000000040001fe007ffffffe |
| 15 |   1f |   1f |   1f |   1f |   1f |   1f |   0 |   00 |   00 | 000001 | 000000 | 000000 |   ff |   00 |    0 |    0 | 00000000000000040001fe007ffffffe |
| 16 |   1f |   1f |   1f |   1f |   1f |   1f |   0 |   00 |   00 | 000001 | 000000 | 000000 |   ff |   00 |    0 |    0 | 00000000000000040001fe007ffffffe |
| 17 |   1f |   1f |   1f |   1f |   1f |   1f |   0 |   00 |   00 | 000001 | 000000 | 000000 |   ff |   00 |    0 |    0 | 00000000000000040001fe007ffffffe |
| 18 |   1f |   1f |   1f |   1f |   1f |   1f |   0 |   00 |   00 | 000001 | 000000 | 000000 |   ff |   00 |    0 |    0 | 00000000000000040001fe007ffffffe |
| 19 |   1f |   1f |   1f |   1f |   1f |   1f |   0 |   00 |   00 | 000001 | 000000 | 000000 |   ff |   00 |    0 |    0 | 00000000000000040001fe007ffffffe |
| 1a |   1f |   1f |   1f |   1f |   1f |   1f |   0 |   00 |   00 | 000001 | 000000 | 000000 |   ff |   00 |    0 |    0 | 00000000000000040001fe007ffffffe |
| 1b |   1f |   1f |   1f |   1f |   1f |   1f |   0 |   00 |   00 | 000001 | 000000 | 000000 |   ff |   00 |    0 |    0 | 00000000000000040001fe007ffffffe |
| 1c |   1f |   1f |   1f |   1f |   1f |   1f |   0 |   00 |   00 | 000001 | 000000 | 000000 |   ff |   00 |    0 |    0 | 00000000000000040001fe007ffffffe |
| 1d |   1f |   1f |   1f |   1f |   1f |   1f |   0 |   00 |   00 | 000001 | 000000 | 000000 |   ff |   00 |    0 |    0 | 00000000000000040001fe007ffffffe |
| 1e |   1f |   1f |   1f |   1f |   1f |   1f |   0 |   00 |   00 | 000001 | 000000 | 000000 |   ff |   00 |    0 |    0 | 00000000000000040001fe007ffffffe |
| 1f |   1f |   1f |   1f |   1f |   1f |   1f |   0 |   00 |   00 | 000001 | 000000 | 000000 |   ff |   00 |    0 |    0 | 00000000000000040001fe007ffffffe |
+----+------+------+------+------+------+------+-----+------+------+--------+--------+--------+------+------+------+------+----------------------------------+
