+----+------+------+------+------+------+------+-----+------+------+--------+--------+--------+------+------+------+------+----------------------------------+
| ST | Mux0 | Mux1 | Mux2 | Mux3 | Mux4 | Mux5 | Inc | JmpA | JmpB |   OutA |   OutB |    Out | CfgA | CfgB | CfgC | CfgD |                             STEW |
+----+------+------+------+------+------+------+-----+------+------+--------+--------+--------+------+------+------+------+----------------------------------+
|  0 |   08 |   1f |   1f |   1f |   1f |   1f |   0 |   01 |   00 | 000680 | 000000 | 000000 |   aa |   00 |    f |    0 | 00004820000000001e0154107fffffd0 |
|  1 |   0a |   1f |   1f |   1f |   1f |   1f |   0 |   02 |   00 | 000040 | 000000 | 000040 |   aa |   00 |    0 |    0 | 0000001400000000000154207fffffd4 |
|  2 |   1a |   1f |   1f |   1a |   1f |   1f |   0 |   04 |   03 | 000000 | 000000 | 000000 |   aa |   55 |    0 |    0 | 000000000000000000ab5441fffafff4 |
|  3 |   09 |   1f |   1f |   09 |   1f |   1f |   0 |   08 |   06 | 1480a0 | 0080a0 | 000000 |   aa |   55 |    0 |    0 | 240000600c00c00000ab54837fe9ffd2 |
|  4 |   0b |   1f |   1f |   08 |   1f |   1f |   0 |   05 |   0f | 000000 | 000080 | 000000 |   55 |   55 |    0 |    0 | 000000400000000000aaaa57ffe8ffd6 |
|  5 |   09 |   1f |   1f |   09 |   1f |   1f |   0 |   0c |   0a | 150080 | 010080 | 000000 |   aa |   55 |    0 |    0 | 243000600000000000ab54c57fe9ffd2 |
|  6 |   0a |   1f |   1f |   1f |   1f |   1f |   0 |   07 |   00 | 0000c2 | 000000 | 000042 |   aa |   00 |    0 |    0 | 00000034000000a0000154707fffffd4 |
|  7 |   0a |   1f |   0e |   0a |   1f |   1f |   0 |   0e |   06 | 0001c3 | 0001c3 | 000043 |   a0 |   aa |    0 |    0 | 0000037c000000fc015540e37fea77d4 |
|  8 |   0a |   1f |   1f |   1f |   1f |   1f |   0 |   09 |   00 | 1400c2 | 000000 | 140042 |   aa |   00 |    0 |    0 | b4000034000000a0000154907fffffd4 |
|  9 |   0a |   1f |   0e |   0a |   1f |   1f |   0 |   02 |   08 | 1401c3 | 1401c3 | 140043 |   a0 |   aa |    0 |    0 | fc00037c000000fc015540247fea77d4 |
|  a |   0a |   1f |   1f |   1f |   1f |   1f |   0 |   0b |   00 | 0000c0 | 000000 | 000040 |   aa |   00 |    0 |    0 | 0000003400000000000154b07fffffd4 |
|  b |   0a |   1f |   0e |   0a |   1f |   1f |   0 |   0e |   0a | 0003c1 | 0001c1 | 000041 |   a0 |   aa |    0 |    0 | 00000b7c0000001c015540e57fea77d4 |
|  c |   0a |   1f |   1f |   1f |   1f |   1f |   0 |   0d |   00 | 1400c0 | 000000 | 140040 |   aa |   00 |    0 |    0 | b400003400000000000154d07fffffd4 |
|  d |   0a |   1f |   0e |   0a |   1f |   1f |   0 |   0e |   0c | 1403c1 | 1401c1 | 140041 |   a0 |   aa |    0 |    0 | fc000b7c0000001c015540e67fea77d4 |
|  e |   1f |   1f |   1f |   1f |   1f |   1f |   0 |   02 |   00 | 000020 | 000000 | 000000 |   ff |   00 |    0 |    0 | 00000000000040000001fe207ffffffe |
|  f |   0a |   1f |   1f |   1f |   1f |   1f |   0 |   00 |   00 | 004040 | 000000 | 000040 |   aa |   00 |    0 |    0 | 0000001400800000000154007fffffd4 |
| 10 |   1f |   1f |   1f |   1f |   1f |   1f |   0 |   00 |   00 | 000000 | 000000 | 000000 |   ff |   00 |    0 |    0 | 00000000000000000001fe007ffffffe |
| 11 |   1f |   1f |   1f |   1f |   1f |   1f |   0 |   00 |   00 | 000000 | 000000 | 000000 |   ff |   00 |    0 |    0 | 00000000000000000001fe007ffffffe |
| 12 |   1f |   1f |   1f |   1f |   1f |   1f |   0 |   00 |   00 | 000000 | 000000 | 000000 |   ff |   00 |    0 |    0 | 00000000000000000001fe007ffffffe |
| 13 |   1f |   1f |   1f |   1f |   1f |   1f |   0 |   00 |   00 | 000000 | 000000 | 000000 |   ff |   00 |    0 |    0 | 00000000000000000001fe007ffffffe |
| 14 |   1f |   1f |   1f |   1f |   1f |   1f |   0 |   00 |   00 | 000000 | 000000 | 000000 |   ff |   00 |    0 |    0 | 00000000000000000001fe007ffffffe |
| 15 |   1f |   1f |   1f |   1f |   1f |   1f |   0 |   00 |   00 | 000000 | 000000 | 000000 |   ff |   00 |    0 |    0 | 00000000000000000001fe007ffffffe |
| 16 |   1f |   1f |   1f |   1f |   1f |   1f |   0 |   00 |   00 | 000000 | 000000 | 000000 |   ff |   00 |    0 |    0 | 00000000000000000001fe007ffffffe |
| 17 |   1f |   1f |   1f |   1f |   1f |   1f |   0 |   00 |   00 | 000000 | 000000 | 000000 |   ff |   00 |    0 |    0 | 00000000000000000001fe007ffffffe |
| 18 |   1f |   1f |   1f |   1f |   1f |   1f |   0 |   00 |   00 | 000000 | 000000 | 000000 |   ff |   00 |    0 |    0 | 00000000000000000001fe007ffffffe |
| 19 |   1f |   1f |   1f |   1f |   1f |   1f |   0 |   00 |   00 | 000000 | 000000 | 000000 |   ff |   00 |    0 |    0 | 00000000000000000001fe007ffffffe |
| 1a |   1f |   1f |   1f |   1f |   1f |   1f |   0 |   00 |   00 | 000000 | 000000 | 000000 |   ff |   00 |    0 |    0 | 00000000000000000001fe007ffffffe |
| 1b |   1f |   1f |   1f |   1f |   1f |   1f |   0 |   00 |   00 | 000000 | 000000 | 000000 |   ff |   00 |    0 |    0 | 00000000000000000001fe007ffffffe |
| 1c |   1f |   1f |   1f |   1f |   1f |   1f |   0 |   00 |   00 | 000000 | 000000 | 000000 |   ff |   00 |    0 |    0 | 00000000000000000001fe007ffffffe |
| 1d |   1f |   1f |   1f |   1f |   1f |   1f |   0 |   00 |   00 | 000000 | 000000 | 000000 |   ff |   00 |    0 |    0 | 00000000000000000001fe007ffffffe |
| 1e |   1f |   1f |   1f |   1f |   1f |   1f |   0 |   00 |   00 | 000000 | 000000 | 000000 |   ff |   00 |    0 |    0 | 00000000000000000001fe007ffffffe |
| 1f |   1f |   1f |   1f |   1f |   1f |   1f |   0 |   00 |   00 | 000000 | 000000 | 000000 |   ff |   00 |    0 |    0 | 00000000000000000001fe007ffffffe |
+----+------+------+------+------+------+------+-----+------+------+--------+--------+--------+------+------+------+------+----------------------------------+
