+----+------+------+------+------+------+------+-----+------+------+--------+--------+--------+------+------+------+------+----------------------------------+
| ST | Mux0 | Mux1 | Mux2 | Mux3 | Mux4 | Mux5 | Inc | JmpA | JmpB |   OutA |   OutB |    Out | CfgA | CfgB | CfgC | CfgD |                             STEW |
+----+------+------+------+------+------+------+-----+------+------+--------+--------+--------+------+------+------+------+----------------------------------+
|  0 |   08 |   1f |   10 |   1f |   1f |   1f |   0 |   01 |   00 | 000608 | 000000 | 000000 |   5a |   00 |    0 |    0 | 00004800000008000000b4107fff87d0 |
|  1 |   1a |   1f |   1f |   09 |   1f |   1f |   1 |   0e |   09 | 000000 | 0080a0 | 000000 |   aa |   aa |    0 |    0 | 0000004008008000015554e4ffe9fff5 |
|  2 |   09 |   1f |   0b |   09 |   0b |   1f |   0 |   03 |   06 | 0080a0 | 0080a0 | 000000 |   50 |   11 |    0 |    0 | 000000600c00c0000022a0337d695fd2 |
|  3 |   0a |   1d |   1f |   0a |   1f |   1f |   0 |   05 |   04 | 0000c0 | 0000c0 | 000040 |   88 |   aa |    a |    0 | 0000007c00000000155510527feaff54 |
|  4 |   0a |   1f |   0e |   0a |   1f |   1f |   0 |   0c |   03 | 000941 | 0009c1 | 000041 |   a0 |   aa |    0 |    0 | 0006035c0000001c015540c1ffea77d4 |
|  5 |   0a |   1f |   1f |   1f |   1f |   1f |   0 |   0d |   00 | 000141 | 000000 | 000041 |   aa |   00 |    f |    0 | 00000114000000141e0154d07fffffd4 |
|  6 |   0a |   1f |   1d |   0a |   1f |   1f |   0 |   08 |   07 | 0000c0 | 0000c0 | 000040 |   a0 |   aa |    0 |    0 | 0000007c0000000001554083ffeaefd4 |
|  7 |   0a |   1f |   0e |   0a |   1f |   1f |   0 |   0c |   06 | 000941 | 0009c1 | 000041 |   a0 |   aa |    0 |    0 | 0006035c0000001c015540c37fea77d4 |
|  8 |   0a |   1f |   1f |   1f |   1f |   1f |   0 |   0d |   00 | 000141 | 000000 | 000041 |   aa |   00 |    0 |    0 | 0000011400000014000154d07fffffd4 |
|  9 |   0a |   07 |   1d |   0a |   1f |   1f |   0 |   0b |   0a | 0000c0 | 0000c0 | 000040 |   a0 |   aa |    a |    0 | 0000007c00000000155540b57feae9d4 |
|  a |   0a |   07 |   0e |   0a |   1f |   1f |   0 |   0c |   09 | 000941 | 0009c1 | 000041 |   a0 |   aa |    a |    0 | 0006035c0000001c155540c4ffea71d4 |
|  b |   0a |   07 |   1f |   1f |   1f |   1f |   0 |   0d |   00 | 000141 | 000000 | 000041 |   aa |   00 |    a |    0 | 0000011400000014140154d07ffff9d4 |
|  c |   1f |   1f |   1f |   1f |   1f |   1f |   0 |   01 |   00 | 000020 | 000000 | 000000 |   ff |   00 |    0 |    0 | 00000000000040000001fe107ffffffe |
|  d |   1f |   1f |   1f |   1f |   1f |   1f |   0 |   0e |   00 | 000020 | 000000 | 000000 |   ff |   00 |    0 |    0 | 00000000000040000001fee07ffffffe |
|  e |   1f |   1f |   1f |   1f |   1f |   1f |   0 |   00 |   00 | 004000 | 000000 | 000000 |   ff |   00 |    0 |    0 | 00000000008000000001fe007ffffffe |
|  f |   1f |   1f |   1f |   1f |   1f |   1f |   0 |   00 |   00 | 000000 | 000000 | 000000 |   ff |   00 |    0 |    0 | 00000000000000000001fe007ffffffe |
| 10 |   1f |   1f |   1f |   1f |   1f |   1f |   0 |   00 |   00 | 000000 | 000000 | 000000 |   ff |   00 |    0 |    0 | 00000000000000000001fe007ffffffe |
| 11 |   1f |   1f |   1f |   1f |   1f |   1f |   0 |   00 |   00 | 000000 | 000000 | 000000 |   ff |   00 |    0 |    0 | 00000000000000000001fe007ffffffe |
| 12 |   1f |   1f |   1f |   1f |   1f |   1f |   0 |   00 |   00 | 000000 | 000000 | 000000 |   ff |   00 |    0 |    0 | 00000000000000000001fe007ffffffe |
| 13 |   1f |   1f |   1f |   1f |   1f |   1f |   0 |   00 |   00 | 000000 | 000000 | 000000 |   ff |   00 |    0 |    0 | 00000000000000000001fe007ffffffe |
| 14 |   1f |   1f |   1f |   1f |   1f |   1f |   0 |   00 |   00 | 000000 | 000000 | 000000 |   ff |   00 |    0 |    0 | 00000000000000000001fe007ffffffe |
| 15 |   1f |   1f |   1f |   1f |   1f |   1f |   0 |   00 |   00 | 000000 | 000000 | 000000 |   ff |   00 |    0 |    0 | 00000000000000000001fe007ffffffe |
| 16 |   1f |   1f |   1f |   1f |   1f |   1f |   0 |   00 |   00 | 000000 | 000000 | 000000 |   ff |   00 |    0 |    0 | 00000000000000000001fe007ffffffe |
| 17 |   1f |   1f |   1f |   1f |   1f |   1f |   0 |   00 |   00 | 000000 | 000000 | 000000 |   ff |   00 |    0 |    0 | 00000000000000000001fe007ffffffe |
| 18 |   1f |   1f |   1f |   1f |   1f |   1f |   0 |   00 |   00 | 000000 | 000000 | 000000 |   ff |   00 |    0 |    0 | 00000000000000000001fe007ffffffe |
| 19 |   1f |   1f |   1f |   1f |   1f |   1f |   0 |   00 |   00 | 000000 | 000000 | 000000 |   ff |   00 |    0 |    0 | 00000000000000000001fe007ffffffe |
| 1a |   1f |   1f |   1f |   1f |   1f |   1f |   0 |   00 |   00 | 000000 | 000000 | 000000 |   ff |   00 |    0 |    0 | 00000000000000000001fe007ffffffe |
| 1b |   1f |   1f |   1f |   1f |   1f |   1f |   0 |   00 |   00 | 000000 | 000000 | 000000 |   ff |   00 |    0 |    0 | 00000000000000000001fe007ffffffe |
| 1c |   1f |   1f |   1f |   1f |   1f |   1f |   0 |   00 |   00 | 000000 | 000000 | 000000 |   ff |   00 |    0 |    0 | 00000000000000000001fe007ffffffe |
| 1d |   1f |   1f |   1f |   1f |   1f |   1f |   0 |   00 |   00 | 000000 | 000000 | 000000 |   ff |   00 |    0 |    0 | 00000000000000000001fe007ffffffe |
| 1e |   1f |   1f |   1f |   1f |   1f |   1f |   0 |   00 |   00 | 000000 | 000000 | 000000 |   ff |   00 |    0 |    0 | 00000000000000000001fe007ffffffe |
| 1f |   1f |   1f |   1f |   1f |   1f |   1f |   0 |   00 |   00 | 000000 | 000000 | 000000 |   ff |   00 |    0 |    0 | 00000000000000000001fe007ffffffe |
+----+------+------+------+------+------+------+-----+------+------+--------+--------+--------+------+------+------+------+----------------------------------+
