+----+------+------+------+------+------+------+-----+------+------+--------+--------+--------+------+------+------+------+----------------------------------+
| ST | Mux0 | Mux1 | Mux2 | Mux3 | Mux4 | Mux5 | Inc | JmpA | JmpB |   OutA |   OutB |    Out | CfgA | CfgB | CfgC | CfgD |                             STEW |
+----+------+------+------+------+------+------+-----+------+------+--------+--------+--------+------+------+------+------+----------------------------------+
|  0 |   08 |   1f |   1f |   1f |   1f |   1f |   0 |   01 |   00 | 000000 | 000000 | 000000 |   aa |   00 |    0 |    0 | 0000000000000000000154107fffffd0 |
|  1 |   1c |   1f |   1f |   1f |   1f |   1f |   0 |   02 |   00 | 000680 | 000000 | 000000 |   aa |   00 |    f |    0 | 00004820000000001e0154207ffffff8 |
|  2 |   0a |   1f |   0b |   00 |   0a |   1f |   0 |   03 |   02 | 000050 | 0002c0 | 000040 |   a0 |   cc |    0 |    5 | 0000105d00000001219940317d405fd4 |
|  3 |   1c |   1f |   1f |   1f |   1f |   1f |   0 |   04 |   00 | 004000 | 000000 | 000000 |   aa |   00 |    0 |    0 | 0000000000800000000154407ffffff8 |
|  4 |   1a |   1f |   1f |   09 |   1f |   1f |   1 |   06 |   0c | 008020 | 010680 | 000000 |   55 |   aa |    0 |    0 | 00209040040040000154aa667fe9fff5 |
|  5 |   08 |   1f |   1f |   1f |   1f |   1f |   0 |   00 |   00 | 000000 | 000000 | 000000 |   55 |   00 |    0 |    0 | 00000000000000000000aa007fffffd0 |
|  6 |   07 |   1f |   1f |   07 |   1f |   1f |   0 |   07 |   08 | 000680 | 000680 | 000000 |   aa |   55 |    0 |    0 | 0000d8600000000000ab54747fe7ffce |
|  7 |   0a |   1f |   1f |   1f |   1f |   1f |   0 |   0a |   00 | 0002c0 | 000000 | 000040 |   aa |   00 |    f |    0 | 00000834000000001e0154a07fffffd4 |
|  8 |   0a |   1f |   0b |   0a |   1f |   1f |   0 |   09 |   08 | 0000c0 | 0002c0 | 000040 |   a0 |   aa |    f |    0 | 0000107c000000001f5540947fea5fd4 |
|  9 |   0a |   1f |   1f |   1f |   1f |   1f |   0 |   0b |   00 | 000040 | 000000 | 000040 |   aa |   00 |    0 |    0 | 0000001400000000000154b07fffffd4 |
|  a |   0a |   1f |   0b |   0a |   1f |   1f |   0 |   0b |   0a | 000040 | 0002c0 | 000040 |   a0 |   aa |    0 |    0 | 0000105c00000000015540b57fea5fd4 |
|  b |   0e |   1f |   1f |   0e |   1f |   1f |   0 |   04 |   06 | 000000 | 000100 | 000000 |   aa |   55 |    0 |    0 | 000002000000000000ab54437feeffdc |
|  c |   0a |   1f |   1f |   1f |   1f |   1f |   0 |   0d |   00 | 0002c0 | 000000 | 000040 |   aa |   00 |    f |    0 | 00000834000000001e0154d07fffffd4 |
|  d |   0a |   1f |   0e |   0a |   1f |   1f |   0 |   0f |   0e | 0003c0 | 0003c0 | 000040 |   a0 |   aa |    0 |    0 | 00001b7c00000000015540f77fea77d4 |
|  e |   0a |   1f |   0b |   0a |   1f |   1f |   0 |   0c |   0e | 0006c0 | 0002c0 | 000040 |   a0 |   aa |    0 |    0 | 0000587c00000000015540c77fea5fd4 |
|  f |   0a |   1f |   0b |   0a |   1f |   1f |   0 |   04 |   0f | 000060 | 0002c0 | 000040 |   a0 |   aa |    0 |    0 | 0000105c0000400001554047ffea5fd4 |
| 10 |   1f |   1f |   1f |   1f |   1f |   1f |   0 |   00 |   00 | 000000 | 000000 | 000000 |   ff |   00 |    0 |    0 | 00000000000000000001fe007ffffffe |
| 11 |   1f |   1f |   1f |   1f |   1f |   1f |   0 |   00 |   00 | 000000 | 000000 | 000000 |   ff |   00 |    0 |    0 | 00000000000000000001fe007ffffffe |
| 12 |   1f |   1f |   1f |   1f |   1f |   1f |   0 |   00 |   00 | 000000 | 000000 | 000000 |   ff |   00 |    0 |    0 | 00000000000000000001fe007ffffffe |
| 13 |   1f |   1f |   1f |   1f |   1f |   1f |   0 |   00 |   00 | 000000 | 000000 | 000000 |   ff |   00 |    0 |    0 | 00000000000000000001fe007ffffffe |
| 14 |   1f |   1f |   1f |   1f |   1f |   1f |   0 |   00 |   00 | 000000 | 000000 | 000000 |   ff |   00 |    0 |    0 | 00000000000000000001fe007ffffffe |
| 15 |   1f |   1f |   1f |   1f |   1f |   1f |   0 |   00 |   00 | 000000 | 000000 | 000000 |   ff |   00 |    0 |    0 | 00000000000000000001fe007ffffffe |
| 16 |   1f |   1f |   1f |   1f |   1f |   1f |   0 |   00 |   00 | 000000 | 000000 | 000000 |   ff |   00 |    0 |    0 | 00000000000000000001fe007ffffffe |
| 17 |   1f |   1f |   1f |   1f |   1f |   1f |   0 |   00 |   00 | 000000 | 000000 | 000000 |   ff |   00 |    0 |    0 | 00000000000000000001fe007ffffffe |
| 18 |   1f |   1f |   1f |   1f |   1f |   1f |   0 |   00 |   00 | 000000 | 000000 | 000000 |   ff |   00 |    0 |    0 | 00000000000000000001fe007ffffffe |
| 19 |   1f |   1f |   1f |   1f |   1f |   1f |   0 |   00 |   00 | 000000 | 000000 | 000000 |   ff |   00 |    0 |    0 | 00000000000000000001fe007ffffffe |
| 1a |   1f |   1f |   1f |   1f |   1f |   1f |   0 |   00 |   00 | 000000 | 000000 | 000000 |   ff |   00 |    0 |    0 | 00000000000000000001fe007ffffffe |
| 1b |   1f |   1f |   1f |   1f |   1f |   1f |   0 |   00 |   00 | 000000 | 000000 | 000000 |   ff |   00 |    0 |    0 | 00000000000000000001fe007ffffffe |
| 1c |   1f |   1f |   1f |   1f |   1f |   1f |   0 |   00 |   00 | 000000 | 000000 | 000000 |   ff |   00 |    0 |    0 | 00000000000000000001fe007ffffffe |
| 1d |   1f |   1f |   1f |   1f |   1f |   1f |   0 |   00 |   00 | 000000 | 000000 | 000000 |   ff |   00 |    0 |    0 | 00000000000000000001fe007ffffffe |
| 1e |   1f |   1f |   1f |   1f |   1f |   1f |   0 |   00 |   00 | 000000 | 000000 | 000000 |   ff |   00 |    0 |    0 | 00000000000000000001fe007ffffffe |
| 1f |   1f |   1f |   1f |   1f |   1f |   1f |   0 |   00 |   00 | 000000 | 000000 | 000000 |   ff |   00 |    0 |    0 | 00000000000000000001fe007ffffffe |
+----+------+------+------+------+------+------+-----+------+------+--------+--------+--------+------+------+------+------+----------------------------------+
