+----+------+------+------+------+------+------+-----+------+------+--------+--------+--------+------+------+------+------+----------------------------------+
| ST | Mux0 | Mux1 | Mux2 | Mux3 | Mux4 | Mux5 | Inc | JmpA | JmpB |   OutA |   OutB |    Out | CfgA | CfgB | CfgC | CfgD |                             STEW |
+----+------+------+------+------+------+------+-----+------+------+--------+--------+--------+------+------+------+------+----------------------------------+
|  0 |   08 |   1f |   10 |   09 |   11 |   1c |   0 |   01 |   0e | 0106c0 | 0000c0 | 000040 |   5a |   f6 |    0 |    0 | 0010487c0000000001ecb417722987d0 |
|  1 |   0a |   07 |   0e |   0a |   0e |   1f |   0 |   02 |   03 | 0000c1 | 0000c1 | 000041 |   0a |   88 |    5 |    0 | 0000007c0000001c0b101421fdca71d4 |
|  2 |   0a |   07 |   1f |   1f |   1f |   1f |   0 |   01 |   00 | 0001c1 | 000000 | 000041 |   aa |   00 |    a |    0 | 0000013400000014140154107ffff9d4 |
|  3 |   0a |   07 |   0b |   0a |   0b |   1f |   0 |   01 |   04 | 0102c1 | 0006e1 | 000041 |   0a |   88 |    a |    0 | 0010987c0000801c151014127d6a59d4 |
|  4 |   0a |   07 |   0e |   0a |   0e |   1f |   0 |   05 |   06 | 0000c1 | 0000c1 | 000041 |   0a |   88 |    5 |    0 | 0000007c0000001c0b1014537dca71d4 |
|  5 |   0a |   07 |   1f |   1f |   1f |   1f |   0 |   04 |   00 | 0001c1 | 000000 | 000041 |   aa |   00 |    a |    0 | 0000013400000014140154407ffff9d4 |
|  6 |   0a |   07 |   0b |   0a |   0b |   1f |   0 |   04 |   07 | 0002e1 | 0010e1 | 000041 |   0a |   88 |    a |    0 | 0000087c0004c01c15101443fd6a59d4 |
|  7 |   0a |   07 |   0e |   0a |   0e |   1f |   0 |   08 |   09 | 0020c1 | 0020c1 | 000041 |   0a |   88 |    5 |    0 | 0000007c0030001c0b101484fdca71d4 |
|  8 |   0a |   07 |   1f |   1f |   1f |   1f |   0 |   07 |   00 | 0001c1 | 000000 | 000041 |   aa |   00 |    a |    0 | 0000013400000014140154707ffff9d4 |
|  9 |   0a |   07 |   14 |   0a |   14 |   1f |   0 |   07 |   0a | 0000e1 | 0206c1 | 000041 |   0a |   88 |    a |    0 | 0100907c0000401c151014757e8aa1d4 |
|  a |   0a |   07 |   0e |   0a |   0e |   1f |   0 |   0b |   0c | 0000c1 | 0000c1 | 000041 |   0a |   88 |    5 |    0 | 0000007c0000001c0b1014b67dca71d4 |
|  b |   0a |   07 |   1f |   1f |   1f |   1f |   0 |   0a |   00 | 0001c1 | 000000 | 000041 |   aa |   00 |    a |    0 | 0000013400000014140154a07ffff9d4 |
|  c |   0a |   07 |   0b |   0a |   0b |   1f |   0 |   0a |   0d | 0202c1 | 0006c1 | 000041 |   0a |   88 |    a |    0 | 0080987c0000001c151014a6fd6a59d4 |
|  d |   0a |   1f |   0b |   0a |   0b |   1f |   0 |   0d |   00 | 0002c1 | 004041 | 000041 |   0a |   88 |    f |    0 | 0000083c0100001c1f1014d07d6a5fd4 |
|  e |   0a |   1f |   1f |   1f |   1f |   1f |   0 |   0f |   00 | 0000c1 | 000000 | 000041 |   aa |   00 |    f |    0 | 00000034000000141e0154f07fffffd4 |
|  f |   0a |   1f |   1f |   1f |   1f |   1f |   0 |   00 |   00 | 000041 | 000000 | 000041 |   aa |   00 |    f |    0 | 00000014000000141e0154007fffffd4 |
| 10 |   1f |   1f |   1f |   1f |   1f |   1f |   0 |   00 |   00 | 000040 | 000000 | 000000 |   ff |   00 |    0 |    0 | 00000004000000000001fe007ffffffe |
| 11 |   1f |   1f |   1f |   1f |   1f |   1f |   0 |   00 |   00 | 000040 | 000000 | 000000 |   ff |   00 |    0 |    0 | 00000004000000000001fe007ffffffe |
| 12 |   1f |   1f |   1f |   1f |   1f |   1f |   0 |   00 |   00 | 000040 | 000000 | 000000 |   ff |   00 |    0 |    0 | 00000004000000000001fe007ffffffe |
| 13 |   1f |   1f |   1f |   1f |   1f |   1f |   0 |   00 |   00 | 000040 | 000000 | 000000 |   ff |   00 |    0 |    0 | 00000004000000000001fe007ffffffe |
| 14 |   1f |   1f |   1f |   1f |   1f |   1f |   0 |   00 |   00 | 000040 | 000000 | 000000 |   ff |   00 |    0 |    0 | 00000004000000000001fe007ffffffe |
| 15 |   1f |   1f |   1f |   1f |   1f |   1f |   0 |   00 |   00 | 000040 | 000000 | 000000 |   ff |   00 |    0 |    0 | 00000004000000000001fe007ffffffe |
| 16 |   1f |   1f |   1f |   1f |   1f |   1f |   0 |   00 |   00 | 000040 | 000000 | 000000 |   ff |   00 |    0 |    0 | 00000004000000000001fe007ffffffe |
| 17 |   1f |   1f |   1f |   1f |   1f |   1f |   0 |   00 |   00 | 000040 | 000000 | 000000 |   ff |   00 |    0 |    0 | 00000004000000000001fe007ffffffe |
| 18 |   1f |   1f |   1f |   1f |   1f |   1f |   0 |   00 |   00 | 000040 | 000000 | 000000 |   ff |   00 |    0 |    0 | 00000004000000000001fe007ffffffe |
| 19 |   1f |   1f |   1f |   1f |   1f |   1f |   0 |   00 |   00 | 000040 | 000000 | 000000 |   ff |   00 |    0 |    0 | 00000004000000000001fe007ffffffe |
| 1a |   1f |   1f |   1f |   1f |   1f |   1f |   0 |   00 |   00 | 000040 | 000000 | 000000 |   ff |   00 |    0 |    0 | 00000004000000000001fe007ffffffe |
| 1b |   1f |   1f |   1f |   1f |   1f |   1f |   0 |   00 |   00 | 000040 | 000000 | 000000 |   ff |   00 |    0 |    0 | 00000004000000000001fe007ffffffe |
| 1c |   1f |   1f |   1f |   1f |   1f |   1f |   0 |   00 |   00 | 000040 | 000000 | 000000 |   ff |   00 |    0 |    0 | 00000004000000000001fe007ffffffe |
| 1d |   1f |   1f |   1f |   1f |   1f |   1f |   0 |   00 |   00 | 000040 | 000000 | 000000 |   ff |   00 |    0 |    0 | 00000004000000000001fe007ffffffe |
| 1e |   1f |   1f |   1f |   1f |   1f |   1f |   0 |   00 |   00 | 000040 | 000000 | 000000 |   ff |   00 |    0 |    0 | 00000004000000000001fe007ffffffe |
| 1f |   1f |   1f |   1f |   1f |   1f |   1f |   0 |   00 |   00 | 000040 | 000000 | 000000 |   ff |   00 |    0 |    0 | 00000004000000000001fe007ffffffe |
+----+------+------+------+------+------+------+-----+------+------+--------+--------+--------+------+------+------+------+----------------------------------+
