+----+------+------+------+------+------+------+-----+------+------+--------+--------+--------+------+------+------+------+----------------------------------+
| ST | Mux0 | Mux1 | Mux2 | Mux3 | Mux4 | Mux5 | Inc | JmpA | JmpB |   OutA |   OutB |    Out | CfgA | CfgB | CfgC | CfgD |                             STEW |
+----+------+------+------+------+------+------+-----+------+------+--------+--------+--------+------+------+------+------+----------------------------------+
|  0 |   0a |   1b |   1a |   0a |   1a |   1f |   0 |   01 |   02 | 000661 | 000641 | 000041 |   a0 |   22 |    a |    0 | 0000d81c0000401c144540117f4ad6d4 |
|  1 |   0a |   1b |   0b |   0a |   0b |   1f |   0 |   01 |   03 | 000261 | 010041 | 000041 |   0a |   88 |    a |    0 | 0020081c0000401c15101411fd6a5ed4 |
|  2 |   0a |   1f |   0b |   0a |   0b |   1f |   0 |   02 |   03 | 000241 | 010041 | 000041 |   0a |   88 |    0 |    0 | 0020081c0000001c01101421fd6a5fd4 |
|  3 |   1c |   1f |   1f |   1f |   1f |   1f |   0 |   04 |   00 | 091049 | 000000 | 011049 |   aa |   00 |    0 |    0 | 00500014200a2814000154407ffffff8 |
|  4 |   0a |   1f |   16 |   0a |   16 |   1f |   0 |   04 |   05 | 002048 | 000048 | 000048 |   0a |   88 |    0 |    0 | 0000001c0010380001101442fecab7d4 |
|  5 |   0a |   1f |   1d |   0a |   1d |   1f |   0 |   05 |   00 | 000841 | 000041 | 000041 |   0a |   88 |    0 |    0 | 0002001c0000001c011014507faaefd4 |
|  6 |   1f |   1f |   1f |   1f |   1f |   1f |   0 |   00 |   00 | 000041 | 000000 | 000000 |   ff |   00 |    0 |    0 | 00000004000000040001fe007ffffffe |
|  7 |   1f |   1f |   1f |   1f |   1f |   1f |   0 |   00 |   00 | 000041 | 000000 | 000000 |   ff |   00 |    0 |    0 | 00000004000000040001fe007ffffffe |
|  8 |   1f |   1f |   1f |   1f |   1f |   1f |   0 |   00 |   00 | 000041 | 000000 | 000000 |   ff |   00 |    0 |    0 | 00000004000000040001fe007ffffffe |
|  9 |   1f |   1f |   1f |   1f |   1f |   1f |   0 |   00 |   00 | 000041 | 000000 | 000000 |   ff |   00 |    0 |    0 | 00000004000000040001fe007ffffffe |
|  a |   1f |   1f |   1f |   1f |   1f |   1f |   0 |   00 |   00 | 000041 | 000000 | 000000 |   ff |   00 |    0 |    0 | 00000004000000040001fe007ffffffe |
|  b |   1f |   1f |   1f |   1f |   1f |   1f |   0 |   00 |   00 | 000041 | 000000 | 000000 |   ff |   00 |    0 |    0 | 00000004000000040001fe007ffffffe |
|  c |   1f |   1f |   1f |   1f |   1f |   1f |   0 |   00 |   00 | 000041 | 000000 | 000000 |   ff |   00 |    0 |    0 | 00000004000000040001fe007ffffffe |
|  d |   1f |   1f |   1f |   1f |   1f |   1f |   0 |   00 |   00 | 000041 | 000000 | 000000 |   ff |   00 |    0 |    0 | 00000004000000040001fe007ffffffe |
|  e |   1f |   1f |   1f |   1f |   1f |   1f |   0 |   00 |   00 | 000041 | 000000 | 000000 |   ff |   00 |    0 |    0 | 00000004000000040001fe007ffffffe |
|  f |   1f |   1f |   1f |   1f |   1f |   1f |   0 |   00 |   00 | 000041 | 000000 | 000000 |   ff |   00 |    0 |    0 | 00000004000000040001fe007ffffffe |
| 10 |   1f |   1f |   1f |   1f |   1f |   1f |   0 |   00 |   00 | 000041 | 000000 | 000000 |   ff |   00 |    0 |    0 | 00000004000000040001fe007ffffffe |
| 11 |   1f |   1f |   1f |   1f |   1f |   1f |   0 |   00 |   00 | 000041 | 000000 | 000000 |   ff |   00 |    0 |    0 | 00000004000000040001fe007ffffffe |
| 12 |   1f |   1f |   1f |   1f |   1f |   1f |   0 |   00 |   00 | 000041 | 000000 | 000000 |   ff |   00 |    0 |    0 | 00000004000000040001fe007ffffffe |
| 13 |   1f |   1f |   1f |   1f |   1f |   1f |   0 |   00 |   00 | 000041 | 000000 | 000000 |   ff |   00 |    0 |    0 | 00000004000000040001fe007ffffffe |
| 14 |   1f |   1f |   1f |   1f |   1f |   1f |   0 |   00 |   00 | 000041 | 000000 | 000000 |   ff |   00 |    0 |    0 | 00000004000000040001fe007ffffffe |
| 15 |   1f |   1f |   1f |   1f |   1f |   1f |   0 |   00 |   00 | 000041 | 000000 | 000000 |   ff |   00 |    0 |    0 | 00000004000000040001fe007ffffffe |
| 16 |   1f |   1f |   1f |   1f |   1f |   1f |   0 |   00 |   00 | 000041 | 000000 | 000000 |   ff |   00 |    0 |    0 | 00000004000000040001fe007ffffffe |
| 17 |   1f |   1f |   1f |   1f |   1f |   1f |   0 |   00 |   00 | 000041 | 000000 | 000000 |   ff |   00 |    0 |    0 | 00000004000000040001fe007ffffffe |
| 18 |   1f |   1f |   1f |   1f |   1f |   1f |   0 |   00 |   00 | 000041 | 000000 | 000000 |   ff |   00 |    0 |    0 | 00000004000000040001fe007ffffffe |
| 19 |   1f |   1f |   1f |   1f |   1f |   1f |   0 |   00 |   00 | 000041 | 000000 | 000000 |   ff |   00 |    0 |    0 | 00000004000000040001fe007ffffffe |
| 1a |   1f |   1f |   1f |   1f |   1f |   1f |   0 |   00 |   00 | 000041 | 000000 | 000000 |   ff |   00 |    0 |    0 | 00000004000000040001fe007ffffffe |
| 1b |   1f |   1f |   1f |   1f |   1f |   1f |   0 |   00 |   00 | 000041 | 000000 | 000000 |   ff |   00 |    0 |    0 | 00000004000000040001fe007ffffffe |
| 1c |   1f |   1f |   1f |   1f |   1f |   1f |   0 |   00 |   00 | 000041 | 000000 | 000000 |   ff |   00 |    0 |    0 | 00000004000000040001fe007ffffffe |
| 1d |   1f |   1f |   1f |   1f |   1f |   1f |   0 |   00 |   00 | 000041 | 000000 | 000000 |   ff |   00 |    0 |    0 | 00000004000000040001fe007ffffffe |
| 1e |   1f |   1f |   1f |   1f |   1f |   1f |   0 |   00 |   00 | 000041 | 000000 | 000000 |   ff |   00 |    0 |    0 | 00000004000000040001fe007ffffffe |
| 1f |   1f |   1f |   1f |   1f |   1f |   1f |   0 |   00 |   00 | 000041 | 000000 | 000000 |   ff |   00 |    0 |    0 | 00000004000000040001fe007ffffffe |
+----+------+------+------+------+------+------+-----+------+------+--------+--------+--------+------+------+------+------+----------------------------------+
