+----+------+------+------+------+------+------+-----+------+------+--------+--------+--------+------+------+------+------+----------------------------------+
| ST | Mux0 | Mux1 | Mux2 | Mux3 | Mux4 | Mux5 | Inc | JmpA | JmpB |   OutA |   OutB |    Out | CfgA | CfgB | CfgC | CfgD |                             STEW |
+----+------+------+------+------+------+------+-----+------+------+--------+--------+--------+------+------+------+------+----------------------------------+
|  0 |   11 |   1f |   1f |   08 |   10 |   1f |   0 |   01 |   08 | 000040 | 0000c0 | 000040 |   aa |   66 |    0 |    0 | 0000005c0000000000cd54147e08ffe2 |
|  1 |   03 |   1f |   1f |   03 |   1f |   1f |   0 |   02 |   00 | 011050 | 000050 | 000040 |   55 |   aa |    0 |    0 | 0010001c000200006154aa207fe3ffc6 |
|  2 |   11 |   1f |   1f |   0a |   1f |   1f |   0 |   03 |   07 | 002140 | 000040 | 000040 |   aa |   aa |    0 |    0 | 0000011c0010000001555433ffeaffe2 |
|  3 |   0e |   1f |   1f |   0e |   1f |   1f |   0 |   04 |   02 | 000040 | 000040 | 000040 |   aa |   55 |    0 |    0 | 0000001c0000000000ab54417feeffdc |
|  4 |   11 |   1f |   1f |   0a |   1f |   1f |   0 |   05 |   07 | 002050 | 000040 | 000040 |   aa |   aa |    0 |    0 | 0000001c0010000021555453ffeaffe2 |
|  5 |   11 |   1f |   1f |   0a |   1f |   1f |   0 |   06 |   07 | 000040 | 000040 | 000040 |   aa |   aa |    0 |    0 | 0000001c0000000001555463ffeaffe2 |
|  6 |   03 |   1f |   16 |   03 |   16 |   1f |   0 |   00 |   07 | 004070 | 000040 | 000040 |   a0 |   77 |    0 |    0 | 0000001c0080400020ef4003fec3b7c6 |
|  7 |   1f |   1f |   1f |   1f |   1f |   1f |   0 |   00 |   00 | 004850 | 000000 | 000000 |   ff |   00 |    0 |    0 | 00020004008000002001fe007ffffffe |
|  8 |   0a |   1f |   1f |   1f |   1f |   1f |   0 |   09 |   00 | 010041 | 000000 | 000041 |   aa |   00 |    0 |    0 | 0010001400000014000154907fffffd4 |
|  9 |   1f |   1f |   1f |   1f |   1f |   1f |   0 |   0a |   00 | 000051 | 000000 | 000000 |   ff |   00 |    f |    0 | 00000004000000043e01fea07ffffffe |
|  a |   11 |   1f |   1f |   1c |   1f |   1f |   0 |   0b |   07 | 000054 | 000044 | 000044 |   aa |   aa |    f |    0 | 0000001c000007003f5554b3fffcffe2 |
|  b |   11 |   07 |   1f |   0a |   1f |   1f |   0 |   0c |   07 | 000140 | 000040 | 000040 |   aa |   aa |    5 |    0 | 0000011c000000000b5554c3ffeaf9e2 |
|  c |   0e |   07 |   1f |   0e |   1f |   1f |   0 |   0d |   0b | 050040 | 000040 | 000040 |   aa |   55 |    5 |    0 | 0410001c000000000aab54d5ffeef9dc |
|  d |   11 |   07 |   1f |   0a |   1f |   1f |   0 |   0e |   07 | 000050 | 000040 | 000040 |   aa |   aa |    5 |    0 | 0000001c000000002b5554e3ffeaf9e2 |
|  e |   11 |   1f |   1f |   0a |   1f |   1f |   0 |   0f |   07 | 000040 | 000040 | 000040 |   aa |   aa |    0 |    0 | 0000001c00000000015554f3ffeaffe2 |
|  f |   03 |   1f |   1f |   03 |   1f |   1f |   0 |   00 |   07 | 004050 | 000040 | 000040 |   55 |   aa |    0 |    0 | 0000001c008000002154aa03ffe3ffc6 |
| 10 |   1f |   1f |   1f |   1f |   1f |   1f |   0 |   00 |   00 | 000040 | 000000 | 000000 |   ff |   00 |    0 |    0 | 00000004000000000001fe007ffffffe |
| 11 |   1f |   1f |   1f |   1f |   1f |   1f |   0 |   00 |   00 | 000040 | 000000 | 000000 |   ff |   00 |    0 |    0 | 00000004000000000001fe007ffffffe |
| 12 |   1f |   1f |   1f |   1f |   1f |   1f |   0 |   00 |   00 | 000040 | 000000 | 000000 |   ff |   00 |    0 |    0 | 00000004000000000001fe007ffffffe |
| 13 |   1f |   1f |   1f |   1f |   1f |   1f |   0 |   00 |   00 | 000040 | 000000 | 000000 |   ff |   00 |    0 |    0 | 00000004000000000001fe007ffffffe |
| 14 |   1f |   1f |   1f |   1f |   1f |   1f |   0 |   00 |   00 | 000040 | 000000 | 000000 |   ff |   00 |    0 |    0 | 00000004000000000001fe007ffffffe |
| 15 |   1f |   1f |   1f |   1f |   1f |   1f |   0 |   00 |   00 | 000040 | 000000 | 000000 |   ff |   00 |    0 |    0 | 00000004000000000001fe007ffffffe |
| 16 |   1f |   1f |   1f |   1f |   1f |   1f |   0 |   00 |   00 | 000040 | 000000 | 000000 |   ff |   00 |    0 |    0 | 00000004000000000001fe007ffffffe |
| 17 |   1f |   1f |   1f |   1f |   1f |   1f |   0 |   00 |   00 | 000040 | 000000 | 000000 |   ff |   00 |    0 |    0 | 00000004000000000001fe007ffffffe |
| 18 |   1f |   1f |   1f |   1f |   1f |   1f |   0 |   00 |   00 | 000040 | 000000 | 000000 |   ff |   00 |    0 |    0 | 00000004000000000001fe007ffffffe |
| 19 |   1f |   1f |   1f |   1f |   1f |   1f |   0 |   00 |   00 | 000040 | 000000 | 000000 |   ff |   00 |    0 |    0 | 00000004000000000001fe007ffffffe |
| 1a |   1f |   1f |   1f |   1f |   1f |   1f |   0 |   00 |   00 | 000040 | 000000 | 000000 |   ff |   00 |    0 |    0 | 00000004000000000001fe007ffffffe |
| 1b |   1f |   1f |   1f |   1f |   1f |   1f |   0 |   00 |   00 | 000040 | 000000 | 000000 |   ff |   00 |    0 |    0 | 00000004000000000001fe007ffffffe |
| 1c |   1f |   1f |   1f |   1f |   1f |   1f |   0 |   00 |   00 | 000040 | 000000 | 000000 |   ff |   00 |    0 |    0 | 00000004000000000001fe007ffffffe |
| 1d |   1f |   1f |   1f |   1f |   1f |   1f |   0 |   00 |   00 | 000040 | 000000 | 000000 |   ff |   00 |    0 |    0 | 00000004000000000001fe007ffffffe |
| 1e |   1f |   1f |   1f |   1f |   1f |   1f |   0 |   00 |   00 | 000040 | 000000 | 000000 |   ff |   00 |    0 |    0 | 00000004000000000001fe007ffffffe |
| 1f |   1f |   1f |   1f |   1f |   1f |   1f |   0 |   00 |   00 | 000040 | 000000 | 000000 |   ff |   00 |    0 |    0 | 00000004000000000001fe007ffffffe |
+----+------+------+------+------+------+------+-----+------+------+--------+--------+--------+------+------+------+------+----------------------------------+
